[2026-06-17T02:41:35.744+0000] {local_task_job_runner.py:123} INFO - ::group::Pre task execution logs
[2026-06-17T02:41:35.753+0000] {taskinstance.py:2612} INFO - Dependencies all met for dep_context=non-requeueable deps ti=<TaskInstance: extract_raw_data_pipeline.extract_raw_data manual__2026-06-17T02:41:34.981575+00:00 [queued]>
[2026-06-17T02:41:35.758+0000] {taskinstance.py:2612} INFO - Dependencies all met for dep_context=requeueable deps ti=<TaskInstance: extract_raw_data_pipeline.extract_raw_data manual__2026-06-17T02:41:34.981575+00:00 [queued]>
[2026-06-17T02:41:35.758+0000] {taskinstance.py:2865} INFO - Starting attempt 1 of 1
[2026-06-17T02:41:35.768+0000] {taskinstance.py:2888} INFO - Executing <Task(PythonOperator): extract_raw_data> on 2026-06-17 02:41:34.981575+00:00
[2026-06-17T02:41:35.772+0000] {warnings.py:112} WARNING - /home/***/.local/lib/python3.12/site-packages/***/task/task_runner/standard_task_runner.py:70: DeprecationWarning: This process (pid=409) is multi-threaded, use of fork() may lead to deadlocks in the child.
  pid = os.fork()

[2026-06-17T02:41:35.773+0000] {standard_task_runner.py:72} INFO - Started process 414 to run task
[2026-06-17T02:41:35.773+0000] {standard_task_runner.py:104} INFO - Running: ['***', 'tasks', 'run', 'extract_raw_data_pipeline', 'extract_raw_data', 'manual__2026-06-17T02:41:34.981575+00:00', '--job-id', '14', '--raw', '--subdir', 'DAGS_FOLDER/batch_generator.py', '--cfg-path', '/tmp/tmpuc08g870']
[2026-06-17T02:41:35.774+0000] {standard_task_runner.py:105} INFO - Job 14: Subtask extract_raw_data
[2026-06-17T02:41:35.821+0000] {task_command.py:467} INFO - Running <TaskInstance: extract_raw_data_pipeline.extract_raw_data manual__2026-06-17T02:41:34.981575+00:00 [running]> on host db7b7e86288a
[2026-06-17T02:41:35.867+0000] {taskinstance.py:3131} INFO - Exporting env vars: AIRFLOW_CTX_DAG_OWNER='***' AIRFLOW_CTX_DAG_ID='extract_raw_data_pipeline' AIRFLOW_CTX_TASK_ID='extract_raw_data' AIRFLOW_CTX_EXECUTION_DATE='2026-06-17T02:41:34.981575+00:00' AIRFLOW_CTX_TRY_NUMBER='1' AIRFLOW_CTX_DAG_RUN_ID='manual__2026-06-17T02:41:34.981575+00:00'
[2026-06-17T02:41:35.868+0000] {taskinstance.py:731} INFO - ::endgroup::
[2026-06-17T02:41:35.876+0000] {batch_generator.py:158} INFO - Started batch processing for 2026-06-17.
[2026-06-17T02:41:35.876+0000] {batch_generator.py:27} INFO - Created synthetic data for MX country code.
[2026-06-17T02:41:35.920+0000] {batch_generator.py:113} INFO - Written 151 records to the CSV file.
[2026-06-17T02:41:35.958+0000] {batch_generator.py:128} INFO - Added UUID to the dataset.
[2026-06-17T02:41:35.978+0000] {batch_generator.py:151} INFO - Updated accessed timestamp.
[2026-06-17T02:41:35.978+0000] {batch_generator.py:173} INFO - Finished batch processing 2026-06-17.
[2026-06-17T02:41:35.983+0000] {python.py:240} INFO - Done. Returned value was: None
[2026-06-17T02:41:35.992+0000] {taskinstance.py:340} INFO - ::group::Post task execution logs
[2026-06-17T02:41:35.993+0000] {taskinstance.py:352} INFO - Marking task as SUCCESS. dag_id=extract_raw_data_pipeline, task_id=extract_raw_data, run_id=manual__2026-06-17T02:41:34.981575+00:00, execution_date=20260617T024134, start_date=20260617T024135, end_date=20260617T024135
[2026-06-17T02:41:36.027+0000] {local_task_job_runner.py:266} INFO - Task exited with return code 0
[2026-06-17T02:41:36.040+0000] {taskinstance.py:3900} INFO - 0 downstream tasks scheduled from follow-on schedule check
[2026-06-17T02:41:36.044+0000] {local_task_job_runner.py:245} INFO - ::endgroup::
