[2026-06-24T07:27:01.092+0000] {local_task_job_runner.py:123} INFO - ::group::Pre task execution logs
[2026-06-24T07:27:01.100+0000] {taskinstance.py:2612} INFO - Dependencies all met for dep_context=non-requeueable deps ti=<TaskInstance: extract_raw_data_pipeline.create_raw_schema scheduled__2026-06-24T07:26:00+00:00 [queued]>
[2026-06-24T07:27:01.104+0000] {taskinstance.py:2612} INFO - Dependencies all met for dep_context=requeueable deps ti=<TaskInstance: extract_raw_data_pipeline.create_raw_schema scheduled__2026-06-24T07:26:00+00:00 [queued]>
[2026-06-24T07:27:01.105+0000] {taskinstance.py:2865} INFO - Starting attempt 1 of 1
[2026-06-24T07:27:01.114+0000] {taskinstance.py:2888} INFO - Executing <Task(SQLExecuteQueryOperator): create_raw_schema> on 2026-06-24 07:26:00+00:00
[2026-06-24T07:27:01.117+0000] {warnings.py:112} WARNING - /home/***/.local/lib/python3.12/site-packages/***/task/task_runner/standard_task_runner.py:70: DeprecationWarning: This process (pid=18496) is multi-threaded, use of fork() may lead to deadlocks in the child.
  pid = os.fork()

[2026-06-24T07:27:01.119+0000] {standard_task_runner.py:72} INFO - Started process 18500 to run task
[2026-06-24T07:27:01.119+0000] {standard_task_runner.py:104} INFO - Running: ['***', 'tasks', 'run', 'extract_raw_data_pipeline', 'create_raw_schema', 'scheduled__2026-06-24T07:26:00+00:00', '--job-id', '200', '--raw', '--subdir', 'DAGS_FOLDER/driven_data_pipeline.py', '--cfg-path', '/tmp/tmp67t84haj']
[2026-06-24T07:27:01.120+0000] {standard_task_runner.py:105} INFO - Job 200: Subtask create_raw_schema
[2026-06-24T07:27:01.163+0000] {task_command.py:467} INFO - Running <TaskInstance: extract_raw_data_pipeline.create_raw_schema scheduled__2026-06-24T07:26:00+00:00 [running]> on host f478a03fba5a
[2026-06-24T07:27:01.208+0000] {taskinstance.py:3131} INFO - Exporting env vars: AIRFLOW_CTX_DAG_OWNER='***' AIRFLOW_CTX_DAG_ID='extract_raw_data_pipeline' AIRFLOW_CTX_TASK_ID='create_raw_schema' AIRFLOW_CTX_EXECUTION_DATE='2026-06-24T07:26:00+00:00' AIRFLOW_CTX_TRY_NUMBER='1' AIRFLOW_CTX_DAG_RUN_ID='scheduled__2026-06-24T07:26:00+00:00'
[2026-06-24T07:27:01.213+0000] {taskinstance.py:731} INFO - ::endgroup::
[2026-06-24T07:27:01.220+0000] {sql.py:266} INFO - Executing: CREATE SCHEMA IF NOT EXISTS driven_raw;
[2026-06-24T07:27:01.226+0000] {base.py:84} INFO - Retrieving connection 'postgres_conn'
[2026-06-24T07:27:01.232+0000] {base.py:84} INFO - Retrieving connection 'postgres_conn'
[2026-06-24T07:27:01.234+0000] {sql.py:509} INFO - Running statement: CREATE SCHEMA IF NOT EXISTS driven_raw;, parameters: None
[2026-06-24T07:27:01.239+0000] {taskinstance.py:340} INFO - ::group::Post task execution logs
[2026-06-24T07:27:01.240+0000] {taskinstance.py:352} INFO - Marking task as SUCCESS. dag_id=extract_raw_data_pipeline, task_id=create_raw_schema, run_id=scheduled__2026-06-24T07:26:00+00:00, execution_date=20260624T072600, start_date=20260624T072701, end_date=20260624T072701
[2026-06-24T07:27:01.253+0000] {local_task_job_runner.py:266} INFO - Task exited with return code 0
[2026-06-24T07:27:01.266+0000] {taskinstance.py:3900} INFO - 0 downstream tasks scheduled from follow-on schedule check
[2026-06-24T07:27:01.269+0000] {local_task_job_runner.py:245} INFO - ::endgroup::
