[2026-06-24T07:19:07.298+0000] {local_task_job_runner.py:123} INFO - ::group::Pre task execution logs
[2026-06-24T07:19:07.306+0000] {taskinstance.py:2612} INFO - Dependencies all met for dep_context=non-requeueable deps ti=<TaskInstance: extract_raw_data_pipeline.run_dbt_trusted scheduled__2026-06-24T07:18:00+00:00 [queued]>
[2026-06-24T07:19:07.310+0000] {taskinstance.py:2612} INFO - Dependencies all met for dep_context=requeueable deps ti=<TaskInstance: extract_raw_data_pipeline.run_dbt_trusted scheduled__2026-06-24T07:18:00+00:00 [queued]>
[2026-06-24T07:19:07.311+0000] {taskinstance.py:2865} INFO - Starting attempt 1 of 1
[2026-06-24T07:19:07.319+0000] {taskinstance.py:2888} INFO - Executing <Task(BashOperator): run_dbt_trusted> on 2026-06-24 07:18:00+00:00
[2026-06-24T07:19:07.323+0000] {warnings.py:112} WARNING - /home/***/.local/lib/python3.12/site-packages/***/task/task_runner/standard_task_runner.py:70: DeprecationWarning: This process (pid=17843) is multi-threaded, use of fork() may lead to deadlocks in the child.
  pid = os.fork()

[2026-06-24T07:19:07.324+0000] {standard_task_runner.py:72} INFO - Started process 17845 to run task
[2026-06-24T07:19:07.324+0000] {standard_task_runner.py:104} INFO - Running: ['***', 'tasks', 'run', 'extract_raw_data_pipeline', 'run_dbt_trusted', 'scheduled__2026-06-24T07:18:00+00:00', '--job-id', '157', '--raw', '--subdir', 'DAGS_FOLDER/driven_data_pipeline.py', '--cfg-path', '/tmp/tmpmyy23gz4']
[2026-06-24T07:19:07.325+0000] {standard_task_runner.py:105} INFO - Job 157: Subtask run_dbt_trusted
[2026-06-24T07:19:07.365+0000] {task_command.py:467} INFO - Running <TaskInstance: extract_raw_data_pipeline.run_dbt_trusted scheduled__2026-06-24T07:18:00+00:00 [running]> on host f478a03fba5a
[2026-06-24T07:19:07.406+0000] {taskinstance.py:3131} INFO - Exporting env vars: AIRFLOW_CTX_DAG_OWNER='***' AIRFLOW_CTX_DAG_ID='extract_raw_data_pipeline' AIRFLOW_CTX_TASK_ID='run_dbt_trusted' AIRFLOW_CTX_EXECUTION_DATE='2026-06-24T07:18:00+00:00' AIRFLOW_CTX_TRY_NUMBER='1' AIRFLOW_CTX_DAG_RUN_ID='scheduled__2026-06-24T07:18:00+00:00'
[2026-06-24T07:19:07.407+0000] {taskinstance.py:731} INFO - ::endgroup::
[2026-06-24T07:19:07.414+0000] {subprocess.py:63} INFO - Tmp dir root location: /tmp
[2026-06-24T07:19:07.414+0000] {subprocess.py:75} INFO - Running command: ['/usr/bin/bash', '-c', 'set -x; cd /opt/***/dbt && dbt run --select tag:trusted']
[2026-06-24T07:19:07.420+0000] {subprocess.py:86} INFO - Output:
[2026-06-24T07:19:07.421+0000] {subprocess.py:93} INFO - + cd /opt/***/dbt
[2026-06-24T07:19:07.421+0000] {subprocess.py:93} INFO - + dbt run --select tag:trusted
[2026-06-24T07:19:08.448+0000] {subprocess.py:93} INFO - [0m07:19:08  Running with dbt=1.8.0
[2026-06-24T07:19:08.583+0000] {subprocess.py:93} INFO - [0m07:19:08  Registered adapter: postgres=1.8.2
[2026-06-24T07:19:08.869+0000] {subprocess.py:93} INFO - [0m07:19:08  Found 9 models, 10 sources, 428 macros
[2026-06-24T07:19:08.885+0000] {subprocess.py:93} INFO - [0m07:19:08
[2026-06-24T07:19:08.959+0000] {subprocess.py:93} INFO - [0m07:19:08  Concurrency: 1 threads (target='dev')
[2026-06-24T07:19:08.959+0000] {subprocess.py:93} INFO - [0m07:19:08
[2026-06-24T07:19:08.965+0000] {subprocess.py:93} INFO - [0m07:19:08  1 of 4 START sql table model driven_trusted.non_pii_data ....................... [RUN]
[2026-06-24T07:19:09.334+0000] {subprocess.py:93} INFO - [0m07:19:09  1 of 4 OK created sql table model driven_trusted.non_pii_data .................. [[32mSELECT 20490[0m in 0.37s]
[2026-06-24T07:19:09.336+0000] {subprocess.py:93} INFO - [0m07:19:09  2 of 4 START sql table model driven_trusted.payment_data ....................... [RUN]
[2026-06-24T07:19:09.399+0000] {subprocess.py:93} INFO - [0m07:19:09  2 of 4 OK created sql table model driven_trusted.payment_data .................. [[32mSELECT 13602[0m in 0.06s]
[2026-06-24T07:19:09.400+0000] {subprocess.py:93} INFO - [0m07:19:09  3 of 4 START sql table model driven_trusted.pii_data ........................... [RUN]
[2026-06-24T07:19:09.759+0000] {subprocess.py:93} INFO - [0m07:19:09  3 of 4 OK created sql table model driven_trusted.pii_data ...................... [[32mSELECT 20490[0m in 0.36s]
[2026-06-24T07:19:09.761+0000] {subprocess.py:93} INFO - [0m07:19:09  4 of 4 START sql table model driven_trusted.technical_data ..................... [RUN]
[2026-06-24T07:19:09.836+0000] {subprocess.py:93} INFO - [0m07:19:09  4 of 4 OK created sql table model driven_trusted.technical_data ................ [[32mSELECT 13602[0m in 0.07s]
[2026-06-24T07:19:09.845+0000] {subprocess.py:93} INFO - [0m07:19:09
[2026-06-24T07:19:09.845+0000] {subprocess.py:93} INFO - [0m07:19:09  Finished running 4 table models in 0 hours 0 minutes and 0.96 seconds (0.96s).
[2026-06-24T07:19:09.873+0000] {subprocess.py:93} INFO - [0m07:19:09
[2026-06-24T07:19:09.874+0000] {subprocess.py:93} INFO - [0m07:19:09  [32mCompleted successfully[0m
[2026-06-24T07:19:09.881+0000] {subprocess.py:93} INFO - [0m07:19:09
[2026-06-24T07:19:09.884+0000] {subprocess.py:93} INFO - [0m07:19:09  Done. PASS=4 WARN=0 ERROR=0 SKIP=0 TOTAL=4
[2026-06-24T07:19:10.299+0000] {subprocess.py:97} INFO - Command exited with return code 0
[2026-06-24T07:19:10.316+0000] {taskinstance.py:340} INFO - ::group::Post task execution logs
[2026-06-24T07:19:10.317+0000] {taskinstance.py:352} INFO - Marking task as SUCCESS. dag_id=extract_raw_data_pipeline, task_id=run_dbt_trusted, run_id=scheduled__2026-06-24T07:18:00+00:00, execution_date=20260624T071800, start_date=20260624T071907, end_date=20260624T071910
[2026-06-24T07:19:10.348+0000] {local_task_job_runner.py:266} INFO - Task exited with return code 0
[2026-06-24T07:19:10.358+0000] {taskinstance.py:3900} INFO - 0 downstream tasks scheduled from follow-on schedule check
[2026-06-24T07:19:10.365+0000] {local_task_job_runner.py:245} INFO - ::endgroup::
