[2026-06-24T07:38:06.982+0000] {local_task_job_runner.py:123} INFO - ::group::Pre task execution logs
[2026-06-24T07:38:06.990+0000] {taskinstance.py:2612} INFO - Dependencies all met for dep_context=non-requeueable deps ti=<TaskInstance: extract_raw_data_pipeline.run_dbt_trusted scheduled__2026-06-24T07:37:00+00:00 [queued]>
[2026-06-24T07:38:06.995+0000] {taskinstance.py:2612} INFO - Dependencies all met for dep_context=requeueable deps ti=<TaskInstance: extract_raw_data_pipeline.run_dbt_trusted scheduled__2026-06-24T07:37:00+00:00 [queued]>
[2026-06-24T07:38:06.996+0000] {taskinstance.py:2865} INFO - Starting attempt 1 of 1
[2026-06-24T07:38:07.005+0000] {taskinstance.py:2888} INFO - Executing <Task(BashOperator): run_dbt_trusted> on 2026-06-24 07:37:00+00:00
[2026-06-24T07:38:07.009+0000] {warnings.py:112} WARNING - /home/***/.local/lib/python3.12/site-packages/***/task/task_runner/standard_task_runner.py:70: DeprecationWarning: This process (pid=19540) is multi-threaded, use of fork() may lead to deadlocks in the child.
  pid = os.fork()

[2026-06-24T07:38:07.010+0000] {standard_task_runner.py:104} INFO - Running: ['***', 'tasks', 'run', 'extract_raw_data_pipeline', 'run_dbt_trusted', 'scheduled__2026-06-24T07:37:00+00:00', '--job-id', '271', '--raw', '--subdir', 'DAGS_FOLDER/driven_data_pipeline.py', '--cfg-path', '/tmp/tmpvhv7whsz']
[2026-06-24T07:38:07.011+0000] {standard_task_runner.py:72} INFO - Started process 19542 to run task
[2026-06-24T07:38:07.011+0000] {standard_task_runner.py:105} INFO - Job 271: Subtask run_dbt_trusted
[2026-06-24T07:38:07.060+0000] {task_command.py:467} INFO - Running <TaskInstance: extract_raw_data_pipeline.run_dbt_trusted scheduled__2026-06-24T07:37:00+00:00 [running]> on host f478a03fba5a
[2026-06-24T07:38:07.108+0000] {taskinstance.py:3131} INFO - Exporting env vars: AIRFLOW_CTX_DAG_OWNER='***' AIRFLOW_CTX_DAG_ID='extract_raw_data_pipeline' AIRFLOW_CTX_TASK_ID='run_dbt_trusted' AIRFLOW_CTX_EXECUTION_DATE='2026-06-24T07:37:00+00:00' AIRFLOW_CTX_TRY_NUMBER='1' AIRFLOW_CTX_DAG_RUN_ID='scheduled__2026-06-24T07:37:00+00:00'
[2026-06-24T07:38:07.109+0000] {taskinstance.py:731} INFO - ::endgroup::
[2026-06-24T07:38:07.117+0000] {subprocess.py:63} INFO - Tmp dir root location: /tmp
[2026-06-24T07:38:07.118+0000] {subprocess.py:75} INFO - Running command: ['/usr/bin/bash', '-c', 'set -x; cd /opt/***/dbt && dbt run --select tag:trusted']
[2026-06-24T07:38:07.125+0000] {subprocess.py:86} INFO - Output:
[2026-06-24T07:38:07.126+0000] {subprocess.py:93} INFO - + cd /opt/***/dbt
[2026-06-24T07:38:07.126+0000] {subprocess.py:93} INFO - + dbt run --select tag:trusted
[2026-06-24T07:38:08.145+0000] {subprocess.py:93} INFO - [0m07:38:08  Running with dbt=1.8.0
[2026-06-24T07:38:08.288+0000] {subprocess.py:93} INFO - [0m07:38:08  Registered adapter: postgres=1.8.2
[2026-06-24T07:38:08.601+0000] {subprocess.py:93} INFO - [0m07:38:08  Found 9 models, 10 sources, 428 macros
[2026-06-24T07:38:08.604+0000] {subprocess.py:93} INFO - [0m07:38:08
[2026-06-24T07:38:08.673+0000] {subprocess.py:93} INFO - [0m07:38:08  Concurrency: 1 threads (target='dev')
[2026-06-24T07:38:08.674+0000] {subprocess.py:93} INFO - [0m07:38:08
[2026-06-24T07:38:08.680+0000] {subprocess.py:93} INFO - [0m07:38:08  1 of 4 START sql table model driven_trusted.non_pii_data ....................... [RUN]
[2026-06-24T07:38:09.121+0000] {subprocess.py:93} INFO - [0m07:38:09  1 of 4 OK created sql table model driven_trusted.non_pii_data .................. [[32mSELECT 29568[0m in 0.44s]
[2026-06-24T07:38:09.123+0000] {subprocess.py:93} INFO - [0m07:38:09  2 of 4 START sql table model driven_trusted.payment_data ....................... [RUN]
[2026-06-24T07:38:09.209+0000] {subprocess.py:93} INFO - [0m07:38:09  2 of 4 OK created sql table model driven_trusted.payment_data .................. [[32mSELECT 22680[0m in 0.08s]
[2026-06-24T07:38:09.211+0000] {subprocess.py:93} INFO - [0m07:38:09  3 of 4 START sql table model driven_trusted.pii_data ........................... [RUN]
[2026-06-24T07:38:09.663+0000] {subprocess.py:93} INFO - [0m07:38:09  3 of 4 OK created sql table model driven_trusted.pii_data ...................... [[32mSELECT 29568[0m in 0.45s]
[2026-06-24T07:38:09.665+0000] {subprocess.py:93} INFO - [0m07:38:09  4 of 4 START sql table model driven_trusted.technical_data ..................... [RUN]
[2026-06-24T07:38:09.768+0000] {subprocess.py:93} INFO - [0m07:38:09  4 of 4 OK created sql table model driven_trusted.technical_data ................ [[32mSELECT 22680[0m in 0.10s]
[2026-06-24T07:38:09.777+0000] {subprocess.py:93} INFO - [0m07:38:09
[2026-06-24T07:38:09.777+0000] {subprocess.py:93} INFO - [0m07:38:09  Finished running 4 table models in 0 hours 0 minutes and 1.17 seconds (1.17s).
[2026-06-24T07:38:09.819+0000] {subprocess.py:93} INFO - [0m07:38:09
[2026-06-24T07:38:09.820+0000] {subprocess.py:93} INFO - [0m07:38:09  [32mCompleted successfully[0m
[2026-06-24T07:38:09.820+0000] {subprocess.py:93} INFO - [0m07:38:09
[2026-06-24T07:38:09.821+0000] {subprocess.py:93} INFO - [0m07:38:09  Done. PASS=4 WARN=0 ERROR=0 SKIP=0 TOTAL=4
[2026-06-24T07:38:10.287+0000] {subprocess.py:97} INFO - Command exited with return code 0
[2026-06-24T07:38:10.305+0000] {taskinstance.py:340} INFO - ::group::Post task execution logs
[2026-06-24T07:38:10.305+0000] {taskinstance.py:352} INFO - Marking task as SUCCESS. dag_id=extract_raw_data_pipeline, task_id=run_dbt_trusted, run_id=scheduled__2026-06-24T07:37:00+00:00, execution_date=20260624T073700, start_date=20260624T073806, end_date=20260624T073810
[2026-06-24T07:38:10.357+0000] {local_task_job_runner.py:266} INFO - Task exited with return code 0
[2026-06-24T07:38:10.370+0000] {taskinstance.py:3900} INFO - 0 downstream tasks scheduled from follow-on schedule check
[2026-06-24T07:38:10.374+0000] {local_task_job_runner.py:245} INFO - ::endgroup::
