[2026-06-24T07:05:03.922+0000] {local_task_job_runner.py:123} INFO - ::group::Pre task execution logs
[2026-06-24T07:05:03.931+0000] {taskinstance.py:2612} INFO - Dependencies all met for dep_context=non-requeueable deps ti=<TaskInstance: extract_raw_data_pipeline.run_dbt_staging scheduled__2026-06-24T07:04:00+00:00 [queued]>
[2026-06-24T07:05:03.936+0000] {taskinstance.py:2612} INFO - Dependencies all met for dep_context=requeueable deps ti=<TaskInstance: extract_raw_data_pipeline.run_dbt_staging scheduled__2026-06-24T07:04:00+00:00 [queued]>
[2026-06-24T07:05:03.936+0000] {taskinstance.py:2865} INFO - Starting attempt 1 of 1
[2026-06-24T07:05:03.945+0000] {taskinstance.py:2888} INFO - Executing <Task(BashOperator): run_dbt_staging> on 2026-06-24 07:04:00+00:00
[2026-06-24T07:05:03.949+0000] {warnings.py:112} WARNING - /home/***/.local/lib/python3.12/site-packages/***/task/task_runner/standard_task_runner.py:70: DeprecationWarning: This process (pid=16577) is multi-threaded, use of fork() may lead to deadlocks in the child.
  pid = os.fork()

[2026-06-24T07:05:03.950+0000] {standard_task_runner.py:72} INFO - Started process 16579 to run task
[2026-06-24T07:05:03.950+0000] {standard_task_runner.py:104} INFO - Running: ['***', 'tasks', 'run', 'extract_raw_data_pipeline', 'run_dbt_staging', 'scheduled__2026-06-24T07:04:00+00:00', '--job-id', '72', '--raw', '--subdir', 'DAGS_FOLDER/driven_data_pipeline.py', '--cfg-path', '/tmp/tmpj8z_95t1']
[2026-06-24T07:05:03.951+0000] {standard_task_runner.py:105} INFO - Job 72: Subtask run_dbt_staging
[2026-06-24T07:05:04.000+0000] {task_command.py:467} INFO - Running <TaskInstance: extract_raw_data_pipeline.run_dbt_staging scheduled__2026-06-24T07:04:00+00:00 [running]> on host f478a03fba5a
[2026-06-24T07:05:04.044+0000] {taskinstance.py:3131} INFO - Exporting env vars: AIRFLOW_CTX_DAG_OWNER='***' AIRFLOW_CTX_DAG_ID='extract_raw_data_pipeline' AIRFLOW_CTX_TASK_ID='run_dbt_staging' AIRFLOW_CTX_EXECUTION_DATE='2026-06-24T07:04:00+00:00' AIRFLOW_CTX_TRY_NUMBER='1' AIRFLOW_CTX_DAG_RUN_ID='scheduled__2026-06-24T07:04:00+00:00'
[2026-06-24T07:05:04.045+0000] {taskinstance.py:731} INFO - ::endgroup::
[2026-06-24T07:05:04.053+0000] {subprocess.py:63} INFO - Tmp dir root location: /tmp
[2026-06-24T07:05:04.053+0000] {subprocess.py:75} INFO - Running command: ['/usr/bin/bash', '-c', 'set -x; cd /opt/***/dbt && dbt run --select tag:staging']
[2026-06-24T07:05:04.059+0000] {subprocess.py:86} INFO - Output:
[2026-06-24T07:05:04.060+0000] {subprocess.py:93} INFO - + cd /opt/***/dbt
[2026-06-24T07:05:04.060+0000] {subprocess.py:93} INFO - + dbt run --select tag:staging
[2026-06-24T07:05:05.093+0000] {subprocess.py:93} INFO - [0m07:05:05  Running with dbt=1.8.0
[2026-06-24T07:05:05.238+0000] {subprocess.py:93} INFO - [0m07:05:05  Registered adapter: postgres=1.8.2
[2026-06-24T07:05:05.694+0000] {subprocess.py:93} INFO - [0m07:05:05  Found 9 models, 10 sources, 428 macros
[2026-06-24T07:05:05.706+0000] {subprocess.py:93} INFO - [0m07:05:05
[2026-06-24T07:05:05.783+0000] {subprocess.py:93} INFO - [0m07:05:05  Concurrency: 1 threads (target='dev')
[2026-06-24T07:05:05.783+0000] {subprocess.py:93} INFO - [0m07:05:05
[2026-06-24T07:05:05.789+0000] {subprocess.py:93} INFO - [0m07:05:05  1 of 5 START sql table model driven_staging.dim_address ........................ [RUN]
[2026-06-24T07:05:05.903+0000] {subprocess.py:93} INFO - [0m07:05:05  1 of 5 OK created sql table model driven_staging.dim_address ................... [[32mSELECT 5450[0m in 0.11s]
[2026-06-24T07:05:05.906+0000] {subprocess.py:93} INFO - [0m07:05:05  2 of 5 START sql table model driven_staging.dim_date ........................... [RUN]
[2026-06-24T07:05:06.008+0000] {subprocess.py:93} INFO - [0m07:05:06  2 of 5 OK created sql table model driven_staging.dim_date ...................... [[32mSELECT 5450[0m in 0.10s]
[2026-06-24T07:05:06.011+0000] {subprocess.py:93} INFO - [0m07:05:06  3 of 5 START sql table model driven_staging.dim_finance ........................ [RUN]
[2026-06-24T07:05:06.074+0000] {subprocess.py:93} INFO - [0m07:05:06  3 of 5 OK created sql table model driven_staging.dim_finance ................... [[32mSELECT 5450[0m in 0.06s]
[2026-06-24T07:05:06.076+0000] {subprocess.py:93} INFO - [0m07:05:06  4 of 5 START sql table model driven_staging.dim_person ......................... [RUN]
[2026-06-24T07:05:06.127+0000] {subprocess.py:93} INFO - [0m07:05:06  4 of 5 OK created sql table model driven_staging.dim_person .................... [[32mSELECT 5450[0m in 0.05s]
[2026-06-24T07:05:06.128+0000] {subprocess.py:93} INFO - [0m07:05:06  5 of 5 START sql table model driven_staging.fact_network_usage ................. [RUN]
[2026-06-24T07:05:06.173+0000] {subprocess.py:93} INFO - [0m07:05:06  5 of 5 OK created sql table model driven_staging.fact_network_usage ............ [[32mSELECT 5450[0m in 0.04s]
[2026-06-24T07:05:06.182+0000] {subprocess.py:93} INFO - [0m07:05:06
[2026-06-24T07:05:06.182+0000] {subprocess.py:93} INFO - [0m07:05:06  Finished running 5 table models in 0 hours 0 minutes and 0.48 seconds (0.48s).
[2026-06-24T07:05:06.229+0000] {subprocess.py:93} INFO - [0m07:05:06
[2026-06-24T07:05:06.233+0000] {subprocess.py:93} INFO - [0m07:05:06  [32mCompleted successfully[0m
[2026-06-24T07:05:06.241+0000] {subprocess.py:93} INFO - [0m07:05:06
[2026-06-24T07:05:06.242+0000] {subprocess.py:93} INFO - [0m07:05:06  Done. PASS=5 WARN=0 ERROR=0 SKIP=0 TOTAL=5
[2026-06-24T07:05:06.838+0000] {subprocess.py:97} INFO - Command exited with return code 0
[2026-06-24T07:05:06.855+0000] {taskinstance.py:340} INFO - ::group::Post task execution logs
[2026-06-24T07:05:06.856+0000] {taskinstance.py:352} INFO - Marking task as SUCCESS. dag_id=extract_raw_data_pipeline, task_id=run_dbt_staging, run_id=scheduled__2026-06-24T07:04:00+00:00, execution_date=20260624T070400, start_date=20260624T070503, end_date=20260624T070506
[2026-06-24T07:05:06.897+0000] {local_task_job_runner.py:266} INFO - Task exited with return code 0
[2026-06-24T07:05:06.913+0000] {taskinstance.py:3900} INFO - 1 downstream tasks scheduled from follow-on schedule check
[2026-06-24T07:05:06.917+0000] {local_task_job_runner.py:245} INFO - ::endgroup::
