[2026-06-17T03:16:29.200+0000] {local_task_job_runner.py:123} INFO - ::group::Pre task execution logs
[2026-06-17T03:16:29.212+0000] {taskinstance.py:2612} INFO - Dependencies all met for dep_context=non-requeueable deps ti=<TaskInstance: extract_raw_data_pipeline.create_raw_schema manual__2026-06-17T03:16:28.192083+00:00 [queued]>
[2026-06-17T03:16:29.216+0000] {taskinstance.py:2612} INFO - Dependencies all met for dep_context=requeueable deps ti=<TaskInstance: extract_raw_data_pipeline.create_raw_schema manual__2026-06-17T03:16:28.192083+00:00 [queued]>
[2026-06-17T03:16:29.217+0000] {taskinstance.py:2865} INFO - Starting attempt 1 of 1
[2026-06-17T03:16:29.229+0000] {taskinstance.py:2888} INFO - Executing <Task(SQLExecuteQueryOperator): create_raw_schema> on 2026-06-17 03:16:28.192083+00:00
[2026-06-17T03:16:29.233+0000] {warnings.py:112} WARNING - /home/***/.local/lib/python3.12/site-packages/***/task/task_runner/standard_task_runner.py:70: DeprecationWarning: This process (pid=1039) is multi-threaded, use of fork() may lead to deadlocks in the child.
  pid = os.fork()

[2026-06-17T03:16:29.234+0000] {standard_task_runner.py:72} INFO - Started process 1043 to run task
[2026-06-17T03:16:29.234+0000] {standard_task_runner.py:104} INFO - Running: ['***', 'tasks', 'run', 'extract_raw_data_pipeline', 'create_raw_schema', 'manual__2026-06-17T03:16:28.192083+00:00', '--job-id', '36', '--raw', '--subdir', 'DAGS_FOLDER/batch_generator.py', '--cfg-path', '/tmp/tmp01a34wk6']
[2026-06-17T03:16:29.235+0000] {standard_task_runner.py:105} INFO - Job 36: Subtask create_raw_schema
[2026-06-17T03:16:29.283+0000] {task_command.py:467} INFO - Running <TaskInstance: extract_raw_data_pipeline.create_raw_schema manual__2026-06-17T03:16:28.192083+00:00 [running]> on host db7b7e86288a
[2026-06-17T03:16:29.330+0000] {taskinstance.py:3131} INFO - Exporting env vars: AIRFLOW_CTX_DAG_OWNER='***' AIRFLOW_CTX_DAG_ID='extract_raw_data_pipeline' AIRFLOW_CTX_TASK_ID='create_raw_schema' AIRFLOW_CTX_EXECUTION_DATE='2026-06-17T03:16:28.192083+00:00' AIRFLOW_CTX_TRY_NUMBER='1' AIRFLOW_CTX_DAG_RUN_ID='manual__2026-06-17T03:16:28.192083+00:00'
[2026-06-17T03:16:29.331+0000] {taskinstance.py:731} INFO - ::endgroup::
[2026-06-17T03:16:29.344+0000] {sql.py:266} INFO - Executing: CREATE SCHEMA IF NOT EXISTS driven_raw;
[2026-06-17T03:16:29.350+0000] {base.py:84} INFO - Retrieving connection 'postgres_conn'
[2026-06-17T03:16:29.356+0000] {base.py:84} INFO - Retrieving connection 'postgres_conn'
[2026-06-17T03:16:29.358+0000] {sql.py:509} INFO - Running statement: CREATE SCHEMA IF NOT EXISTS driven_raw;, parameters: None
[2026-06-17T03:16:29.366+0000] {taskinstance.py:340} INFO - ::group::Post task execution logs
[2026-06-17T03:16:29.366+0000] {taskinstance.py:352} INFO - Marking task as SUCCESS. dag_id=extract_raw_data_pipeline, task_id=create_raw_schema, run_id=manual__2026-06-17T03:16:28.192083+00:00, execution_date=20260617T031628, start_date=20260617T031629, end_date=20260617T031629
[2026-06-17T03:16:29.408+0000] {local_task_job_runner.py:266} INFO - Task exited with return code 0
[2026-06-17T03:16:29.420+0000] {taskinstance.py:3900} INFO - 0 downstream tasks scheduled from follow-on schedule check
[2026-06-17T03:16:29.423+0000] {local_task_job_runner.py:245} INFO - ::endgroup::
