[2026-06-17T19:32:54.259+0000] {local_task_job_runner.py:123} INFO - ::group::Pre task execution logs
[2026-06-17T19:32:54.271+0000] {taskinstance.py:2612} INFO - Dependencies all met for dep_context=non-requeueable deps ti=<TaskInstance: extract_raw_data_pipeline.create_raw_table manual__2026-06-17T19:32:52.527346+00:00 [queued]>
[2026-06-17T19:32:54.275+0000] {taskinstance.py:2612} INFO - Dependencies all met for dep_context=requeueable deps ti=<TaskInstance: extract_raw_data_pipeline.create_raw_table manual__2026-06-17T19:32:52.527346+00:00 [queued]>
[2026-06-17T19:32:54.276+0000] {taskinstance.py:2865} INFO - Starting attempt 1 of 1
[2026-06-17T19:32:54.286+0000] {taskinstance.py:2888} INFO - Executing <Task(SQLExecuteQueryOperator): create_raw_table> on 2026-06-17 19:32:52.527346+00:00
[2026-06-17T19:32:54.290+0000] {warnings.py:112} WARNING - /home/***/.local/lib/python3.12/site-packages/***/task/task_runner/standard_task_runner.py:70: DeprecationWarning: This process (pid=855) is multi-threaded, use of fork() may lead to deadlocks in the child.
  pid = os.fork()

[2026-06-17T19:32:54.292+0000] {standard_task_runner.py:72} INFO - Started process 857 to run task
[2026-06-17T19:32:54.291+0000] {standard_task_runner.py:104} INFO - Running: ['***', 'tasks', 'run', 'extract_raw_data_pipeline', 'create_raw_table', 'manual__2026-06-17T19:32:52.527346+00:00', '--job-id', '90', '--raw', '--subdir', 'DAGS_FOLDER/batch_generator.py', '--cfg-path', '/tmp/tmpxrkg2en4']
[2026-06-17T19:32:54.293+0000] {standard_task_runner.py:105} INFO - Job 90: Subtask create_raw_table
[2026-06-17T19:32:54.337+0000] {task_command.py:467} INFO - Running <TaskInstance: extract_raw_data_pipeline.create_raw_table manual__2026-06-17T19:32:52.527346+00:00 [running]> on host db7b7e86288a
[2026-06-17T19:32:54.384+0000] {taskinstance.py:3131} INFO - Exporting env vars: AIRFLOW_CTX_DAG_OWNER='***' AIRFLOW_CTX_DAG_ID='extract_raw_data_pipeline' AIRFLOW_CTX_TASK_ID='create_raw_table' AIRFLOW_CTX_EXECUTION_DATE='2026-06-17T19:32:52.527346+00:00' AIRFLOW_CTX_TRY_NUMBER='1' AIRFLOW_CTX_DAG_RUN_ID='manual__2026-06-17T19:32:52.527346+00:00'
[2026-06-17T19:32:54.385+0000] {taskinstance.py:731} INFO - ::endgroup::
[2026-06-17T19:32:54.393+0000] {sql.py:266} INFO - Executing: 
        CREATE TABLE IF NOT EXISTS driven_raw.raw_batch_data (
            person_name VARCHAR(100),
            user_name VARCHAR(100),
            email VARCHAR(100),
            personal_number NUMERIC,
            birth_date VARCHAR(100),
            address VARCHAR(500),
            phone_number VARCHAR(100),
            mac_address VARCHAR(200),
            ip_address VARCHAR(100),
            clabe VARCHAR(100),
            accessed_at TIMESTAMP,
            session_duration INT,
            download_speed INT,
            upload_speed INT,
            consumed_traffic INT,
            unique_id VARCHAR(100)
        );
    
[2026-06-17T19:32:54.400+0000] {base.py:84} INFO - Retrieving connection 'postgres_conn'
[2026-06-17T19:32:54.406+0000] {base.py:84} INFO - Retrieving connection 'postgres_conn'
[2026-06-17T19:32:54.408+0000] {sql.py:509} INFO - Running statement: 
        CREATE TABLE IF NOT EXISTS driven_raw.raw_batch_data (
            person_name VARCHAR(100),
            user_name VARCHAR(100),
            email VARCHAR(100),
            personal_number NUMERIC,
            birth_date VARCHAR(100),
            address VARCHAR(500),
            phone_number VARCHAR(100),
            mac_address VARCHAR(200),
            ip_address VARCHAR(100),
            clabe VARCHAR(100),
            accessed_at TIMESTAMP,
            session_duration INT,
            download_speed INT,
            upload_speed INT,
            consumed_traffic INT,
            unique_id VARCHAR(100)
        );
    , parameters: None
[2026-06-17T19:32:54.414+0000] {taskinstance.py:340} INFO - ::group::Post task execution logs
[2026-06-17T19:32:54.415+0000] {taskinstance.py:352} INFO - Marking task as SUCCESS. dag_id=extract_raw_data_pipeline, task_id=create_raw_table, run_id=manual__2026-06-17T19:32:52.527346+00:00, execution_date=20260617T193252, start_date=20260617T193254, end_date=20260617T193254
[2026-06-17T19:32:54.467+0000] {local_task_job_runner.py:266} INFO - Task exited with return code 0
[2026-06-17T19:32:54.482+0000] {taskinstance.py:3900} INFO - 1 downstream tasks scheduled from follow-on schedule check
[2026-06-17T19:32:54.486+0000] {local_task_job_runner.py:245} INFO - ::endgroup::
