[2026-06-23T19:33:27.867+0000] {local_task_job_runner.py:123} INFO - ::group::Pre task execution logs
[2026-06-23T19:33:27.877+0000] {taskinstance.py:2612} INFO - Dependencies all met for dep_context=non-requeueable deps ti=<TaskInstance: extract_raw_data_pipeline.run_dbt_trusted scheduled__2026-06-23T07:58:00+00:00 [queued]>
[2026-06-23T19:33:27.898+0000] {taskinstance.py:2612} INFO - Dependencies all met for dep_context=requeueable deps ti=<TaskInstance: extract_raw_data_pipeline.run_dbt_trusted scheduled__2026-06-23T07:58:00+00:00 [queued]>
[2026-06-23T19:33:27.899+0000] {taskinstance.py:2865} INFO - Starting attempt 1 of 1
[2026-06-23T19:33:27.909+0000] {taskinstance.py:2888} INFO - Executing <Task(BashOperator): run_dbt_trusted> on 2026-06-23 07:58:00+00:00
[2026-06-23T19:33:27.913+0000] {warnings.py:112} WARNING - /home/***/.local/lib/python3.12/site-packages/***/task/task_runner/standard_task_runner.py:70: DeprecationWarning: This process (pid=6898) is multi-threaded, use of fork() may lead to deadlocks in the child.
  pid = os.fork()

[2026-06-23T19:33:27.914+0000] {standard_task_runner.py:72} INFO - Started process 6900 to run task
[2026-06-23T19:33:27.914+0000] {standard_task_runner.py:104} INFO - Running: ['***', 'tasks', 'run', 'extract_raw_data_pipeline', 'run_dbt_trusted', 'scheduled__2026-06-23T07:58:00+00:00', '--job-id', '37', '--raw', '--subdir', 'DAGS_FOLDER/driven_data_pipeline.py', '--cfg-path', '/tmp/tmps9kzfjys']
[2026-06-23T19:33:27.915+0000] {standard_task_runner.py:105} INFO - Job 37: Subtask run_dbt_trusted
[2026-06-23T19:33:27.957+0000] {task_command.py:467} INFO - Running <TaskInstance: extract_raw_data_pipeline.run_dbt_trusted scheduled__2026-06-23T07:58:00+00:00 [running]> on host f478a03fba5a
[2026-06-23T19:33:28.002+0000] {taskinstance.py:3131} INFO - Exporting env vars: AIRFLOW_CTX_DAG_OWNER='***' AIRFLOW_CTX_DAG_ID='extract_raw_data_pipeline' AIRFLOW_CTX_TASK_ID='run_dbt_trusted' AIRFLOW_CTX_EXECUTION_DATE='2026-06-23T07:58:00+00:00' AIRFLOW_CTX_TRY_NUMBER='1' AIRFLOW_CTX_DAG_RUN_ID='scheduled__2026-06-23T07:58:00+00:00'
[2026-06-23T19:33:28.004+0000] {taskinstance.py:731} INFO - ::endgroup::
[2026-06-23T19:33:28.012+0000] {subprocess.py:63} INFO - Tmp dir root location: /tmp
[2026-06-23T19:33:28.025+0000] {subprocess.py:75} INFO - Running command: ['/usr/bin/bash', '-c', 'set -x; cd /opt/***/dbt && dbt run --select tag:trusted']
[2026-06-23T19:33:28.043+0000] {subprocess.py:86} INFO - Output:
[2026-06-23T19:33:28.049+0000] {subprocess.py:93} INFO - + cd /opt/***/dbt
[2026-06-23T19:33:28.050+0000] {subprocess.py:93} INFO - + dbt run --select tag:trusted
[2026-06-23T19:33:29.428+0000] {subprocess.py:93} INFO - [0m19:33:29  Running with dbt=1.8.0
[2026-06-23T19:33:29.720+0000] {subprocess.py:93} INFO - [0m19:33:29  Registered adapter: postgres=1.8.2
[2026-06-23T19:33:30.362+0000] {subprocess.py:93} INFO - [0m19:33:30  Found 9 models, 10 sources, 428 macros
[2026-06-23T19:33:30.364+0000] {subprocess.py:93} INFO - [0m19:33:30
[2026-06-23T19:33:30.512+0000] {subprocess.py:93} INFO - [0m19:33:30  Concurrency: 1 threads (target='dev')
[2026-06-23T19:33:30.513+0000] {subprocess.py:93} INFO - [0m19:33:30
[2026-06-23T19:33:30.519+0000] {subprocess.py:93} INFO - [0m19:33:30  1 of 4 START sql table model driven_trusted.non_pii_data ....................... [RUN]
[2026-06-23T19:33:30.689+0000] {subprocess.py:93} INFO - [0m19:33:30  1 of 4 OK created sql table model driven_trusted.non_pii_data .................. [[32mSELECT 9714[0m in 0.17s]
[2026-06-23T19:33:30.691+0000] {subprocess.py:93} INFO - [0m19:33:30  2 of 4 START sql table model driven_trusted.payment_data ....................... [RUN]
[2026-06-23T19:33:30.802+0000] {subprocess.py:93} INFO - [0m19:33:30  2 of 4 OK created sql table model driven_trusted.payment_data .................. [[32mSELECT 2826[0m in 0.11s]
[2026-06-23T19:33:30.805+0000] {subprocess.py:93} INFO - [0m19:33:30  3 of 4 START sql table model driven_trusted.pii_data ........................... [RUN]
[2026-06-23T19:33:30.917+0000] {subprocess.py:93} INFO - [0m19:33:30  3 of 4 OK created sql table model driven_trusted.pii_data ...................... [[32mSELECT 9714[0m in 0.11s]
[2026-06-23T19:33:30.919+0000] {subprocess.py:93} INFO - [0m19:33:30  4 of 4 START sql table model driven_trusted.technical_data ..................... [RUN]
[2026-06-23T19:33:31.013+0000] {subprocess.py:93} INFO - [0m19:33:31  4 of 4 OK created sql table model driven_trusted.technical_data ................ [[32mSELECT 2826[0m in 0.09s]
[2026-06-23T19:33:31.025+0000] {subprocess.py:93} INFO - [0m19:33:31
[2026-06-23T19:33:31.025+0000] {subprocess.py:93} INFO - [0m19:33:31  Finished running 4 table models in 0 hours 0 minutes and 0.66 seconds (0.66s).
[2026-06-23T19:33:31.126+0000] {subprocess.py:93} INFO - [0m19:33:31
[2026-06-23T19:33:31.132+0000] {subprocess.py:93} INFO - [0m19:33:31  [32mCompleted successfully[0m
[2026-06-23T19:33:31.133+0000] {subprocess.py:93} INFO - [0m19:33:31
[2026-06-23T19:33:31.133+0000] {subprocess.py:93} INFO - [0m19:33:31  Done. PASS=4 WARN=0 ERROR=0 SKIP=0 TOTAL=4
[2026-06-23T19:33:31.570+0000] {subprocess.py:97} INFO - Command exited with return code 0
[2026-06-23T19:33:31.586+0000] {taskinstance.py:340} INFO - ::group::Post task execution logs
[2026-06-23T19:33:31.587+0000] {taskinstance.py:352} INFO - Marking task as SUCCESS. dag_id=extract_raw_data_pipeline, task_id=run_dbt_trusted, run_id=scheduled__2026-06-23T07:58:00+00:00, execution_date=20260623T075800, start_date=20260623T193327, end_date=20260623T193331
[2026-06-23T19:33:31.624+0000] {local_task_job_runner.py:266} INFO - Task exited with return code 0
[2026-06-23T19:33:31.636+0000] {taskinstance.py:3900} INFO - 0 downstream tasks scheduled from follow-on schedule check
[2026-06-23T19:33:31.639+0000] {local_task_job_runner.py:245} INFO - ::endgroup::
