[2026-06-24T07:39:08.201+0000] {local_task_job_runner.py:123} INFO - ::group::Pre task execution logs
[2026-06-24T07:39:08.210+0000] {taskinstance.py:2612} INFO - Dependencies all met for dep_context=non-requeueable deps ti=<TaskInstance: extract_raw_data_pipeline.run_dbt_trusted scheduled__2026-06-24T07:38:00+00:00 [queued]>
[2026-06-24T07:39:08.214+0000] {taskinstance.py:2612} INFO - Dependencies all met for dep_context=requeueable deps ti=<TaskInstance: extract_raw_data_pipeline.run_dbt_trusted scheduled__2026-06-24T07:38:00+00:00 [queued]>
[2026-06-24T07:39:08.215+0000] {taskinstance.py:2865} INFO - Starting attempt 1 of 1
[2026-06-24T07:39:08.224+0000] {taskinstance.py:2888} INFO - Executing <Task(BashOperator): run_dbt_trusted> on 2026-06-24 07:38:00+00:00
[2026-06-24T07:39:08.227+0000] {warnings.py:112} WARNING - /home/***/.local/lib/python3.12/site-packages/***/task/task_runner/standard_task_runner.py:70: DeprecationWarning: This process (pid=19630) is multi-threaded, use of fork() may lead to deadlocks in the child.
  pid = os.fork()

[2026-06-24T07:39:08.229+0000] {standard_task_runner.py:72} INFO - Started process 19632 to run task
[2026-06-24T07:39:08.228+0000] {standard_task_runner.py:104} INFO - Running: ['***', 'tasks', 'run', 'extract_raw_data_pipeline', 'run_dbt_trusted', 'scheduled__2026-06-24T07:38:00+00:00', '--job-id', '277', '--raw', '--subdir', 'DAGS_FOLDER/driven_data_pipeline.py', '--cfg-path', '/tmp/tmppizpdjjg']
[2026-06-24T07:39:08.229+0000] {standard_task_runner.py:105} INFO - Job 277: Subtask run_dbt_trusted
[2026-06-24T07:39:08.274+0000] {task_command.py:467} INFO - Running <TaskInstance: extract_raw_data_pipeline.run_dbt_trusted scheduled__2026-06-24T07:38:00+00:00 [running]> on host f478a03fba5a
[2026-06-24T07:39:08.315+0000] {taskinstance.py:3131} INFO - Exporting env vars: AIRFLOW_CTX_DAG_OWNER='***' AIRFLOW_CTX_DAG_ID='extract_raw_data_pipeline' AIRFLOW_CTX_TASK_ID='run_dbt_trusted' AIRFLOW_CTX_EXECUTION_DATE='2026-06-24T07:38:00+00:00' AIRFLOW_CTX_TRY_NUMBER='1' AIRFLOW_CTX_DAG_RUN_ID='scheduled__2026-06-24T07:38:00+00:00'
[2026-06-24T07:39:08.316+0000] {taskinstance.py:731} INFO - ::endgroup::
[2026-06-24T07:39:08.323+0000] {subprocess.py:63} INFO - Tmp dir root location: /tmp
[2026-06-24T07:39:08.324+0000] {subprocess.py:75} INFO - Running command: ['/usr/bin/bash', '-c', 'set -x; cd /opt/***/dbt && dbt run --select tag:trusted']
[2026-06-24T07:39:08.330+0000] {subprocess.py:86} INFO - Output:
[2026-06-24T07:39:08.331+0000] {subprocess.py:93} INFO - + cd /opt/***/dbt
[2026-06-24T07:39:08.331+0000] {subprocess.py:93} INFO - + dbt run --select tag:trusted
[2026-06-24T07:39:09.373+0000] {subprocess.py:93} INFO - [0m07:39:09  Running with dbt=1.8.0
[2026-06-24T07:39:09.515+0000] {subprocess.py:93} INFO - [0m07:39:09  Registered adapter: postgres=1.8.2
[2026-06-24T07:39:09.803+0000] {subprocess.py:93} INFO - [0m07:39:09  Found 9 models, 10 sources, 428 macros
[2026-06-24T07:39:09.814+0000] {subprocess.py:93} INFO - [0m07:39:09
[2026-06-24T07:39:09.904+0000] {subprocess.py:93} INFO - [0m07:39:09  Concurrency: 1 threads (target='dev')
[2026-06-24T07:39:09.904+0000] {subprocess.py:93} INFO - [0m07:39:09
[2026-06-24T07:39:09.910+0000] {subprocess.py:93} INFO - [0m07:39:09  1 of 4 START sql table model driven_trusted.non_pii_data ....................... [RUN]
[2026-06-24T07:39:10.346+0000] {subprocess.py:93} INFO - [0m07:39:10  1 of 4 OK created sql table model driven_trusted.non_pii_data .................. [[32mSELECT 30039[0m in 0.43s]
[2026-06-24T07:39:10.348+0000] {subprocess.py:93} INFO - [0m07:39:10  2 of 4 START sql table model driven_trusted.payment_data ....................... [RUN]
[2026-06-24T07:39:10.432+0000] {subprocess.py:93} INFO - [0m07:39:10  2 of 4 OK created sql table model driven_trusted.payment_data .................. [[32mSELECT 23151[0m in 0.08s]
[2026-06-24T07:39:10.434+0000] {subprocess.py:93} INFO - [0m07:39:10  3 of 4 START sql table model driven_trusted.pii_data ........................... [RUN]
[2026-06-24T07:39:10.880+0000] {subprocess.py:93} INFO - [0m07:39:10  3 of 4 OK created sql table model driven_trusted.pii_data ...................... [[32mSELECT 30039[0m in 0.44s]
[2026-06-24T07:39:10.881+0000] {subprocess.py:93} INFO - [0m07:39:10  4 of 4 START sql table model driven_trusted.technical_data ..................... [RUN]
[2026-06-24T07:39:10.985+0000] {subprocess.py:93} INFO - [0m07:39:10  4 of 4 OK created sql table model driven_trusted.technical_data ................ [[32mSELECT 23151[0m in 0.10s]
[2026-06-24T07:39:10.993+0000] {subprocess.py:93} INFO - [0m07:39:10
[2026-06-24T07:39:10.994+0000] {subprocess.py:93} INFO - [0m07:39:10  Finished running 4 table models in 0 hours 0 minutes and 1.16 seconds (1.16s).
[2026-06-24T07:39:11.039+0000] {subprocess.py:93} INFO - [0m07:39:11
[2026-06-24T07:39:11.040+0000] {subprocess.py:93} INFO - [0m07:39:11  [32mCompleted successfully[0m
[2026-06-24T07:39:11.044+0000] {subprocess.py:93} INFO - [0m07:39:11
[2026-06-24T07:39:11.052+0000] {subprocess.py:93} INFO - [0m07:39:11  Done. PASS=4 WARN=0 ERROR=0 SKIP=0 TOTAL=4
[2026-06-24T07:39:11.495+0000] {subprocess.py:97} INFO - Command exited with return code 0
[2026-06-24T07:39:11.511+0000] {taskinstance.py:340} INFO - ::group::Post task execution logs
[2026-06-24T07:39:11.512+0000] {taskinstance.py:352} INFO - Marking task as SUCCESS. dag_id=extract_raw_data_pipeline, task_id=run_dbt_trusted, run_id=scheduled__2026-06-24T07:38:00+00:00, execution_date=20260624T073800, start_date=20260624T073908, end_date=20260624T073911
[2026-06-24T07:39:11.540+0000] {local_task_job_runner.py:266} INFO - Task exited with return code 0
[2026-06-24T07:39:11.548+0000] {taskinstance.py:3900} INFO - 0 downstream tasks scheduled from follow-on schedule check
[2026-06-24T07:39:11.551+0000] {local_task_job_runner.py:245} INFO - ::endgroup::
