[2026-06-24T07:28:01.358+0000] {local_task_job_runner.py:123} INFO - ::group::Pre task execution logs
[2026-06-24T07:28:01.366+0000] {taskinstance.py:2612} INFO - Dependencies all met for dep_context=non-requeueable deps ti=<TaskInstance: extract_raw_data_pipeline.create_raw_table scheduled__2026-06-24T07:27:00+00:00 [queued]>
[2026-06-24T07:28:01.372+0000] {taskinstance.py:2612} INFO - Dependencies all met for dep_context=requeueable deps ti=<TaskInstance: extract_raw_data_pipeline.create_raw_table scheduled__2026-06-24T07:27:00+00:00 [queued]>
[2026-06-24T07:28:01.390+0000] {taskinstance.py:2865} INFO - Starting attempt 1 of 1
[2026-06-24T07:28:01.432+0000] {taskinstance.py:2888} INFO - Executing <Task(SQLExecuteQueryOperator): create_raw_table> on 2026-06-24 07:27:00+00:00
[2026-06-24T07:28:01.490+0000] {warnings.py:112} WARNING - /home/***/.local/lib/python3.12/site-packages/***/task/task_runner/standard_task_runner.py:70: DeprecationWarning: This process (pid=18626) is multi-threaded, use of fork() may lead to deadlocks in the child.
  pid = os.fork()

[2026-06-24T07:28:01.492+0000] {standard_task_runner.py:104} INFO - Running: ['***', 'tasks', 'run', 'extract_raw_data_pipeline', 'create_raw_table', 'scheduled__2026-06-24T07:27:00+00:00', '--job-id', '208', '--raw', '--subdir', 'DAGS_FOLDER/driven_data_pipeline.py', '--cfg-path', '/tmp/tmpbp3uu5j8']
[2026-06-24T07:28:01.500+0000] {standard_task_runner.py:72} INFO - Started process 18628 to run task
[2026-06-24T07:28:01.501+0000] {standard_task_runner.py:105} INFO - Job 208: Subtask create_raw_table
[2026-06-24T07:28:01.584+0000] {task_command.py:467} INFO - Running <TaskInstance: extract_raw_data_pipeline.create_raw_table scheduled__2026-06-24T07:27:00+00:00 [running]> on host f478a03fba5a
[2026-06-24T07:28:01.629+0000] {taskinstance.py:3131} INFO - Exporting env vars: AIRFLOW_CTX_DAG_OWNER='***' AIRFLOW_CTX_DAG_ID='extract_raw_data_pipeline' AIRFLOW_CTX_TASK_ID='create_raw_table' AIRFLOW_CTX_EXECUTION_DATE='2026-06-24T07:27:00+00:00' AIRFLOW_CTX_TRY_NUMBER='1' AIRFLOW_CTX_DAG_RUN_ID='scheduled__2026-06-24T07:27:00+00:00'
[2026-06-24T07:28:01.630+0000] {taskinstance.py:731} INFO - ::endgroup::
[2026-06-24T07:28:01.637+0000] {sql.py:266} INFO - Executing: 
        CREATE TABLE IF NOT EXISTS driven_raw.raw_batch_data (
            person_name VARCHAR(100),
            user_name VARCHAR(100),
            email VARCHAR(100),
            personal_number NUMERIC,
            birth_date VARCHAR(100),
            address VARCHAR(500),
            phone_number VARCHAR(100),
            mac_address VARCHAR(200),
            ip_address VARCHAR(100),
            clabe VARCHAR(100),
            accessed_at TIMESTAMP,
            session_duration INT,
            download_speed INT,
            upload_speed INT,
            consumed_traffic INT,
            unique_id VARCHAR(100)
        );
    
[2026-06-24T07:28:01.642+0000] {base.py:84} INFO - Retrieving connection 'postgres_conn'
[2026-06-24T07:28:01.647+0000] {base.py:84} INFO - Retrieving connection 'postgres_conn'
[2026-06-24T07:28:01.649+0000] {sql.py:509} INFO - Running statement: 
        CREATE TABLE IF NOT EXISTS driven_raw.raw_batch_data (
            person_name VARCHAR(100),
            user_name VARCHAR(100),
            email VARCHAR(100),
            personal_number NUMERIC,
            birth_date VARCHAR(100),
            address VARCHAR(500),
            phone_number VARCHAR(100),
            mac_address VARCHAR(200),
            ip_address VARCHAR(100),
            clabe VARCHAR(100),
            accessed_at TIMESTAMP,
            session_duration INT,
            download_speed INT,
            upload_speed INT,
            consumed_traffic INT,
            unique_id VARCHAR(100)
        );
    , parameters: None
[2026-06-24T07:28:01.654+0000] {taskinstance.py:340} INFO - ::group::Post task execution logs
[2026-06-24T07:28:01.654+0000] {taskinstance.py:352} INFO - Marking task as SUCCESS. dag_id=extract_raw_data_pipeline, task_id=create_raw_table, run_id=scheduled__2026-06-24T07:27:00+00:00, execution_date=20260624T072700, start_date=20260624T072801, end_date=20260624T072801
[2026-06-24T07:28:01.679+0000] {local_task_job_runner.py:266} INFO - Task exited with return code 0
[2026-06-24T07:28:01.693+0000] {taskinstance.py:3900} INFO - 1 downstream tasks scheduled from follow-on schedule check
[2026-06-24T07:28:01.696+0000] {local_task_job_runner.py:245} INFO - ::endgroup::
