[2026-06-24T07:29:08.226+0000] {local_task_job_runner.py:123} INFO - ::group::Pre task execution logs
[2026-06-24T07:29:08.234+0000] {taskinstance.py:2612} INFO - Dependencies all met for dep_context=non-requeueable deps ti=<TaskInstance: extract_raw_data_pipeline.run_dbt_trusted scheduled__2026-06-24T07:28:00+00:00 [queued]>
[2026-06-24T07:29:08.239+0000] {taskinstance.py:2612} INFO - Dependencies all met for dep_context=requeueable deps ti=<TaskInstance: extract_raw_data_pipeline.run_dbt_trusted scheduled__2026-06-24T07:28:00+00:00 [queued]>
[2026-06-24T07:29:08.240+0000] {taskinstance.py:2865} INFO - Starting attempt 1 of 1
[2026-06-24T07:29:08.249+0000] {taskinstance.py:2888} INFO - Executing <Task(BashOperator): run_dbt_trusted> on 2026-06-24 07:28:00+00:00
[2026-06-24T07:29:08.253+0000] {warnings.py:112} WARNING - /home/***/.local/lib/python3.12/site-packages/***/task/task_runner/standard_task_runner.py:70: DeprecationWarning: This process (pid=18738) is multi-threaded, use of fork() may lead to deadlocks in the child.
  pid = os.fork()

[2026-06-24T07:29:08.254+0000] {standard_task_runner.py:104} INFO - Running: ['***', 'tasks', 'run', 'extract_raw_data_pipeline', 'run_dbt_trusted', 'scheduled__2026-06-24T07:28:00+00:00', '--job-id', '217', '--raw', '--subdir', 'DAGS_FOLDER/driven_data_pipeline.py', '--cfg-path', '/tmp/tmpr_rnujad']
[2026-06-24T07:29:08.254+0000] {standard_task_runner.py:72} INFO - Started process 18740 to run task
[2026-06-24T07:29:08.254+0000] {standard_task_runner.py:105} INFO - Job 217: Subtask run_dbt_trusted
[2026-06-24T07:29:08.299+0000] {task_command.py:467} INFO - Running <TaskInstance: extract_raw_data_pipeline.run_dbt_trusted scheduled__2026-06-24T07:28:00+00:00 [running]> on host f478a03fba5a
[2026-06-24T07:29:08.342+0000] {taskinstance.py:3131} INFO - Exporting env vars: AIRFLOW_CTX_DAG_OWNER='***' AIRFLOW_CTX_DAG_ID='extract_raw_data_pipeline' AIRFLOW_CTX_TASK_ID='run_dbt_trusted' AIRFLOW_CTX_EXECUTION_DATE='2026-06-24T07:28:00+00:00' AIRFLOW_CTX_TRY_NUMBER='1' AIRFLOW_CTX_DAG_RUN_ID='scheduled__2026-06-24T07:28:00+00:00'
[2026-06-24T07:29:08.342+0000] {taskinstance.py:731} INFO - ::endgroup::
[2026-06-24T07:29:08.350+0000] {subprocess.py:63} INFO - Tmp dir root location: /tmp
[2026-06-24T07:29:08.350+0000] {subprocess.py:75} INFO - Running command: ['/usr/bin/bash', '-c', 'set -x; cd /opt/***/dbt && dbt run --select tag:trusted']
[2026-06-24T07:29:08.356+0000] {subprocess.py:86} INFO - Output:
[2026-06-24T07:29:08.357+0000] {subprocess.py:93} INFO - + cd /opt/***/dbt
[2026-06-24T07:29:08.357+0000] {subprocess.py:93} INFO - + dbt run --select tag:trusted
[2026-06-24T07:29:09.390+0000] {subprocess.py:93} INFO - [0m07:29:09  Running with dbt=1.8.0
[2026-06-24T07:29:09.540+0000] {subprocess.py:93} INFO - [0m07:29:09  Registered adapter: postgres=1.8.2
[2026-06-24T07:29:09.850+0000] {subprocess.py:93} INFO - [0m07:29:09  Found 9 models, 10 sources, 428 macros
[2026-06-24T07:29:09.864+0000] {subprocess.py:93} INFO - [0m07:29:09
[2026-06-24T07:29:09.942+0000] {subprocess.py:93} INFO - [0m07:29:09  Concurrency: 1 threads (target='dev')
[2026-06-24T07:29:09.943+0000] {subprocess.py:93} INFO - [0m07:29:09
[2026-06-24T07:29:09.949+0000] {subprocess.py:93} INFO - [0m07:29:09  1 of 4 START sql table model driven_trusted.non_pii_data ....................... [RUN]
[2026-06-24T07:29:10.370+0000] {subprocess.py:93} INFO - [0m07:29:10  1 of 4 OK created sql table model driven_trusted.non_pii_data .................. [[32mSELECT 26019[0m in 0.42s]
[2026-06-24T07:29:10.372+0000] {subprocess.py:93} INFO - [0m07:29:10  2 of 4 START sql table model driven_trusted.payment_data ....................... [RUN]
[2026-06-24T07:29:10.489+0000] {subprocess.py:93} INFO - [0m07:29:10  2 of 4 OK created sql table model driven_trusted.payment_data .................. [[32mSELECT 19131[0m in 0.12s]
[2026-06-24T07:29:10.496+0000] {subprocess.py:93} INFO - [0m07:29:10  3 of 4 START sql table model driven_trusted.pii_data ........................... [RUN]
[2026-06-24T07:29:11.072+0000] {subprocess.py:93} INFO - [0m07:29:11  3 of 4 OK created sql table model driven_trusted.pii_data ...................... [[32mSELECT 26019[0m in 0.48s]
[2026-06-24T07:29:11.074+0000] {subprocess.py:93} INFO - [0m07:29:11  4 of 4 START sql table model driven_trusted.technical_data ..................... [RUN]
[2026-06-24T07:29:11.169+0000] {subprocess.py:93} INFO - [0m07:29:11  4 of 4 OK created sql table model driven_trusted.technical_data ................ [[32mSELECT 19131[0m in 0.09s]
[2026-06-24T07:29:11.178+0000] {subprocess.py:93} INFO - [0m07:29:11
[2026-06-24T07:29:11.179+0000] {subprocess.py:93} INFO - [0m07:29:11  Finished running 4 table models in 0 hours 0 minutes and 1.31 seconds (1.31s).
[2026-06-24T07:29:11.220+0000] {subprocess.py:93} INFO - [0m07:29:11
[2026-06-24T07:29:11.220+0000] {subprocess.py:93} INFO - [0m07:29:11  [32mCompleted successfully[0m
[2026-06-24T07:29:11.221+0000] {subprocess.py:93} INFO - [0m07:29:11
[2026-06-24T07:29:11.221+0000] {subprocess.py:93} INFO - [0m07:29:11  Done. PASS=4 WARN=0 ERROR=0 SKIP=0 TOTAL=4
[2026-06-24T07:29:11.618+0000] {subprocess.py:97} INFO - Command exited with return code 0
[2026-06-24T07:29:11.636+0000] {taskinstance.py:340} INFO - ::group::Post task execution logs
[2026-06-24T07:29:11.636+0000] {taskinstance.py:352} INFO - Marking task as SUCCESS. dag_id=extract_raw_data_pipeline, task_id=run_dbt_trusted, run_id=scheduled__2026-06-24T07:28:00+00:00, execution_date=20260624T072800, start_date=20260624T072908, end_date=20260624T072911
[2026-06-24T07:29:11.682+0000] {local_task_job_runner.py:266} INFO - Task exited with return code 0
[2026-06-24T07:29:11.698+0000] {taskinstance.py:3900} INFO - 0 downstream tasks scheduled from follow-on schedule check
[2026-06-24T07:29:11.701+0000] {local_task_job_runner.py:245} INFO - ::endgroup::
