[2026-06-24T07:57:01.404+0000] {local_task_job_runner.py:123} INFO - ::group::Pre task execution logs
[2026-06-24T07:57:01.413+0000] {taskinstance.py:2612} INFO - Dependencies all met for dep_context=non-requeueable deps ti=<TaskInstance: extract_raw_data_pipeline.extract_raw_data scheduled__2026-06-24T07:56:00+00:00 [queued]>
[2026-06-24T07:57:01.417+0000] {taskinstance.py:2612} INFO - Dependencies all met for dep_context=requeueable deps ti=<TaskInstance: extract_raw_data_pipeline.extract_raw_data scheduled__2026-06-24T07:56:00+00:00 [queued]>
[2026-06-24T07:57:01.418+0000] {taskinstance.py:2865} INFO - Starting attempt 1 of 1
[2026-06-24T07:57:01.427+0000] {taskinstance.py:2888} INFO - Executing <Task(PythonOperator): extract_raw_data> on 2026-06-24 07:56:00+00:00
[2026-06-24T07:57:01.431+0000] {warnings.py:112} WARNING - /home/***/.local/lib/python3.12/site-packages/***/task/task_runner/standard_task_runner.py:70: DeprecationWarning: This process (pid=21171) is multi-threaded, use of fork() may lead to deadlocks in the child.
  pid = os.fork()

[2026-06-24T07:57:01.433+0000] {standard_task_runner.py:104} INFO - Running: ['***', 'tasks', 'run', 'extract_raw_data_pipeline', 'extract_raw_data', 'scheduled__2026-06-24T07:56:00+00:00', '--job-id', '381', '--raw', '--subdir', 'DAGS_FOLDER/driven_data_pipeline.py', '--cfg-path', '/tmp/tmpgt0fepwe']
[2026-06-24T07:57:01.433+0000] {standard_task_runner.py:72} INFO - Started process 21176 to run task
[2026-06-24T07:57:01.434+0000] {standard_task_runner.py:105} INFO - Job 381: Subtask extract_raw_data
[2026-06-24T07:57:01.476+0000] {task_command.py:467} INFO - Running <TaskInstance: extract_raw_data_pipeline.extract_raw_data scheduled__2026-06-24T07:56:00+00:00 [running]> on host f478a03fba5a
[2026-06-24T07:57:01.523+0000] {taskinstance.py:3131} INFO - Exporting env vars: AIRFLOW_CTX_DAG_OWNER='***' AIRFLOW_CTX_DAG_ID='extract_raw_data_pipeline' AIRFLOW_CTX_TASK_ID='extract_raw_data' AIRFLOW_CTX_EXECUTION_DATE='2026-06-24T07:56:00+00:00' AIRFLOW_CTX_TRY_NUMBER='1' AIRFLOW_CTX_DAG_RUN_ID='scheduled__2026-06-24T07:56:00+00:00'
[2026-06-24T07:57:01.524+0000] {taskinstance.py:731} INFO - ::endgroup::
[2026-06-24T07:57:01.531+0000] {driven_data_pipeline.py:158} INFO - Started batch processing for 2026-06-24.
[2026-06-24T07:57:01.532+0000] {driven_data_pipeline.py:27} INFO - Created synthetic data for MX country code.
[2026-06-24T07:57:01.595+0000] {driven_data_pipeline.py:113} INFO - Written 270 records to the CSV file.
[2026-06-24T07:57:01.654+0000] {driven_data_pipeline.py:128} INFO - Added UUID to the dataset.
[2026-06-24T07:57:01.676+0000] {driven_data_pipeline.py:151} INFO - Updated accessed timestamp.
[2026-06-24T07:57:01.677+0000] {driven_data_pipeline.py:173} INFO - Finished batch processing 2026-06-24.
[2026-06-24T07:57:01.677+0000] {python.py:240} INFO - Done. Returned value was: None
[2026-06-24T07:57:01.683+0000] {taskinstance.py:340} INFO - ::group::Post task execution logs
[2026-06-24T07:57:01.688+0000] {taskinstance.py:352} INFO - Marking task as SUCCESS. dag_id=extract_raw_data_pipeline, task_id=extract_raw_data, run_id=scheduled__2026-06-24T07:56:00+00:00, execution_date=20260624T075600, start_date=20260624T075701, end_date=20260624T075701
[2026-06-24T07:57:01.728+0000] {local_task_job_runner.py:266} INFO - Task exited with return code 0
[2026-06-24T07:57:01.746+0000] {taskinstance.py:3900} INFO - 1 downstream tasks scheduled from follow-on schedule check
[2026-06-24T07:57:01.749+0000] {local_task_job_runner.py:245} INFO - ::endgroup::
