[2026-06-17T18:41:36.938+0000] {local_task_job_runner.py:123} INFO - ::group::Pre task execution logs
[2026-06-17T18:41:36.950+0000] {taskinstance.py:2612} INFO - Dependencies all met for dep_context=non-requeueable deps ti=<TaskInstance: extract_raw_data_pipeline.load_raw_data scheduled__2026-06-17T07:58:00+00:00 [queued]>
[2026-06-17T18:41:36.956+0000] {taskinstance.py:2612} INFO - Dependencies all met for dep_context=requeueable deps ti=<TaskInstance: extract_raw_data_pipeline.load_raw_data scheduled__2026-06-17T07:58:00+00:00 [queued]>
[2026-06-17T18:41:36.957+0000] {taskinstance.py:2865} INFO - Starting attempt 1 of 1
[2026-06-17T18:41:36.966+0000] {taskinstance.py:2888} INFO - Executing <Task(SQLExecuteQueryOperator): load_raw_data> on 2026-06-17 07:58:00+00:00
[2026-06-17T18:41:36.970+0000] {warnings.py:112} WARNING - /home/***/.local/lib/python3.12/site-packages/***/task/task_runner/standard_task_runner.py:70: DeprecationWarning: This process (pid=130) is multi-threaded, use of fork() may lead to deadlocks in the child.
  pid = os.fork()

[2026-06-17T18:41:36.972+0000] {standard_task_runner.py:72} INFO - Started process 132 to run task
[2026-06-17T18:41:36.971+0000] {standard_task_runner.py:104} INFO - Running: ['***', 'tasks', 'run', 'extract_raw_data_pipeline', 'load_raw_data', 'scheduled__2026-06-17T07:58:00+00:00', '--job-id', '74', '--raw', '--subdir', 'DAGS_FOLDER/batch_generator.py', '--cfg-path', '/tmp/tmpnxnkxfba']
[2026-06-17T18:41:36.972+0000] {standard_task_runner.py:105} INFO - Job 74: Subtask load_raw_data
[2026-06-17T18:41:37.029+0000] {task_command.py:467} INFO - Running <TaskInstance: extract_raw_data_pipeline.load_raw_data scheduled__2026-06-17T07:58:00+00:00 [running]> on host db7b7e86288a
[2026-06-17T18:41:37.079+0000] {taskinstance.py:3131} INFO - Exporting env vars: AIRFLOW_CTX_DAG_OWNER='***' AIRFLOW_CTX_DAG_ID='extract_raw_data_pipeline' AIRFLOW_CTX_TASK_ID='load_raw_data' AIRFLOW_CTX_EXECUTION_DATE='2026-06-17T07:58:00+00:00' AIRFLOW_CTX_TRY_NUMBER='1' AIRFLOW_CTX_DAG_RUN_ID='scheduled__2026-06-17T07:58:00+00:00'
[2026-06-17T18:41:37.080+0000] {taskinstance.py:731} INFO - ::endgroup::
[2026-06-17T18:41:37.088+0000] {sql.py:266} INFO - Executing: 
        COPY driven_raw.raw_batch_data(
            person_name,
            user_name,
            email,
            personal_number,
            birth_date,
            address,
            phone_number,
            mac_address,
            ip_address,
            clabe,
            accessed_at,
            session_duration,
            download_speed,
            upload_speed,
            consumed_traffic,
            unique_id
        )
        FROM '/opt/***/data/raw_data.csv'
        DELIMITER ','
        CSV HEADER;
    
[2026-06-17T18:41:37.095+0000] {base.py:84} INFO - Retrieving connection 'postgres_conn'
[2026-06-17T18:41:37.102+0000] {base.py:84} INFO - Retrieving connection 'postgres_conn'
[2026-06-17T18:41:37.104+0000] {sql.py:509} INFO - Running statement: 
        COPY driven_raw.raw_batch_data(
            person_name,
            user_name,
            email,
            personal_number,
            birth_date,
            address,
            phone_number,
            mac_address,
            ip_address,
            clabe,
            accessed_at,
            session_duration,
            download_speed,
            upload_speed,
            consumed_traffic,
            unique_id
        )
        FROM '/opt/***/data/raw_data.csv'
        DELIMITER ','
        CSV HEADER;
    , parameters: None
[2026-06-17T18:41:37.110+0000] {sql.py:518} INFO - Rows affected: 122
[2026-06-17T18:41:37.120+0000] {taskinstance.py:340} INFO - ::group::Post task execution logs
[2026-06-17T18:41:37.120+0000] {taskinstance.py:352} INFO - Marking task as SUCCESS. dag_id=extract_raw_data_pipeline, task_id=load_raw_data, run_id=scheduled__2026-06-17T07:58:00+00:00, execution_date=20260617T075800, start_date=20260617T184136, end_date=20260617T184137
[2026-06-17T18:41:37.146+0000] {local_task_job_runner.py:266} INFO - Task exited with return code 0
[2026-06-17T18:41:37.162+0000] {taskinstance.py:3900} INFO - 1 downstream tasks scheduled from follow-on schedule check
[2026-06-17T18:41:37.165+0000] {local_task_job_runner.py:245} INFO - ::endgroup::
[2026-06-18T01:19:08.184+0000] {local_task_job_runner.py:123} INFO - ::group::Pre task execution logs
[2026-06-18T01:19:08.192+0000] {taskinstance.py:2612} INFO - Dependencies all met for dep_context=non-requeueable deps ti=<TaskInstance: extract_raw_data_pipeline.load_raw_data scheduled__2026-06-17T07:58:00+00:00 [queued]>
[2026-06-18T01:19:08.196+0000] {taskinstance.py:2612} INFO - Dependencies all met for dep_context=requeueable deps ti=<TaskInstance: extract_raw_data_pipeline.load_raw_data scheduled__2026-06-17T07:58:00+00:00 [queued]>
[2026-06-18T01:19:08.197+0000] {taskinstance.py:2865} INFO - Starting attempt 1 of 1
[2026-06-18T01:19:08.204+0000] {taskinstance.py:2888} INFO - Executing <Task(SQLExecuteQueryOperator): load_raw_data> on 2026-06-17 07:58:00+00:00
[2026-06-18T01:19:08.208+0000] {warnings.py:112} WARNING - /home/***/.local/lib/python3.12/site-packages/***/task/task_runner/standard_task_runner.py:70: DeprecationWarning: This process (pid=180) is multi-threaded, use of fork() may lead to deadlocks in the child.
  pid = os.fork()

[2026-06-18T01:19:08.209+0000] {standard_task_runner.py:72} INFO - Started process 182 to run task
[2026-06-18T01:19:08.209+0000] {standard_task_runner.py:104} INFO - Running: ['***', 'tasks', 'run', 'extract_raw_data_pipeline', 'load_raw_data', 'scheduled__2026-06-17T07:58:00+00:00', '--job-id', '6', '--raw', '--subdir', 'DAGS_FOLDER/batch_generator.py', '--cfg-path', '/tmp/tmpw7rnuol9']
[2026-06-18T01:19:08.210+0000] {standard_task_runner.py:105} INFO - Job 6: Subtask load_raw_data
[2026-06-18T01:19:08.254+0000] {task_command.py:467} INFO - Running <TaskInstance: extract_raw_data_pipeline.load_raw_data scheduled__2026-06-17T07:58:00+00:00 [running]> on host f478a03fba5a
[2026-06-18T01:19:08.296+0000] {taskinstance.py:3131} INFO - Exporting env vars: AIRFLOW_CTX_DAG_OWNER='***' AIRFLOW_CTX_DAG_ID='extract_raw_data_pipeline' AIRFLOW_CTX_TASK_ID='load_raw_data' AIRFLOW_CTX_EXECUTION_DATE='2026-06-17T07:58:00+00:00' AIRFLOW_CTX_TRY_NUMBER='1' AIRFLOW_CTX_DAG_RUN_ID='scheduled__2026-06-17T07:58:00+00:00'
[2026-06-18T01:19:08.297+0000] {taskinstance.py:731} INFO - ::endgroup::
[2026-06-18T01:19:08.305+0000] {sql.py:266} INFO - Executing: 
        COPY driven_raw.raw_batch_data(
            person_name,
            user_name,
            email,
            personal_number,
            birth_date,
            address,
            phone_number,
            mac_address,
            ip_address,
            clabe,
            accessed_at,
            session_duration,
            download_speed,
            upload_speed,
            consumed_traffic,
            unique_id
        )
        FROM '/opt/***/data/raw_data.csv'
        DELIMITER ','
        CSV HEADER;
    
[2026-06-18T01:19:08.309+0000] {base.py:84} INFO - Retrieving connection 'postgres_conn'
[2026-06-18T01:19:08.314+0000] {base.py:84} INFO - Retrieving connection 'postgres_conn'
[2026-06-18T01:19:08.316+0000] {sql.py:509} INFO - Running statement: 
        COPY driven_raw.raw_batch_data(
            person_name,
            user_name,
            email,
            personal_number,
            birth_date,
            address,
            phone_number,
            mac_address,
            ip_address,
            clabe,
            accessed_at,
            session_duration,
            download_speed,
            upload_speed,
            consumed_traffic,
            unique_id
        )
        FROM '/opt/***/data/raw_data.csv'
        DELIMITER ','
        CSV HEADER;
    , parameters: None
[2026-06-18T01:19:08.319+0000] {sql.py:518} INFO - Rows affected: 246
[2026-06-18T01:19:08.327+0000] {taskinstance.py:340} INFO - ::group::Post task execution logs
[2026-06-18T01:19:08.327+0000] {taskinstance.py:352} INFO - Marking task as SUCCESS. dag_id=extract_raw_data_pipeline, task_id=load_raw_data, run_id=scheduled__2026-06-17T07:58:00+00:00, execution_date=20260617T075800, start_date=20260618T011908, end_date=20260618T011908
[2026-06-18T01:19:08.343+0000] {local_task_job_runner.py:266} INFO - Task exited with return code 0
[2026-06-18T01:19:08.359+0000] {taskinstance.py:3900} INFO - 1 downstream tasks scheduled from follow-on schedule check
[2026-06-18T01:19:08.362+0000] {local_task_job_runner.py:245} INFO - ::endgroup::
