[2026-06-18T03:08:48.835+0000] {local_task_job_runner.py:123} INFO - ::group::Pre task execution logs
[2026-06-18T03:08:48.845+0000] {taskinstance.py:2612} INFO - Dependencies all met for dep_context=non-requeueable deps ti=<TaskInstance: extract_raw_data_pipeline.load_raw_data scheduled__2026-06-17T07:58:00+00:00 [queued]>
[2026-06-18T03:08:48.850+0000] {taskinstance.py:2612} INFO - Dependencies all met for dep_context=requeueable deps ti=<TaskInstance: extract_raw_data_pipeline.load_raw_data scheduled__2026-06-17T07:58:00+00:00 [queued]>
[2026-06-18T03:08:48.851+0000] {taskinstance.py:2865} INFO - Starting attempt 2 of 2
[2026-06-18T03:08:48.859+0000] {taskinstance.py:2888} INFO - Executing <Task(SQLExecuteQueryOperator): load_raw_data> on 2026-06-17 07:58:00+00:00
[2026-06-18T03:08:48.863+0000] {warnings.py:112} WARNING - /home/***/.local/lib/python3.12/site-packages/***/task/task_runner/standard_task_runner.py:70: DeprecationWarning: This process (pid=2049) is multi-threaded, use of fork() may lead to deadlocks in the child.
  pid = os.fork()

[2026-06-18T03:08:48.865+0000] {standard_task_runner.py:72} INFO - Started process 2051 to run task
[2026-06-18T03:08:48.864+0000] {standard_task_runner.py:104} INFO - Running: ['***', 'tasks', 'run', 'extract_raw_data_pipeline', 'load_raw_data', 'scheduled__2026-06-17T07:58:00+00:00', '--job-id', '12', '--raw', '--subdir', 'DAGS_FOLDER/batch_generator.py', '--cfg-path', '/tmp/tmpppfbgaw5']
[2026-06-18T03:08:48.865+0000] {standard_task_runner.py:105} INFO - Job 12: Subtask load_raw_data
[2026-06-18T03:08:48.914+0000] {task_command.py:467} INFO - Running <TaskInstance: extract_raw_data_pipeline.load_raw_data scheduled__2026-06-17T07:58:00+00:00 [running]> on host f478a03fba5a
[2026-06-18T03:08:48.957+0000] {taskinstance.py:3131} INFO - Exporting env vars: AIRFLOW_CTX_DAG_OWNER='***' AIRFLOW_CTX_DAG_ID='extract_raw_data_pipeline' AIRFLOW_CTX_TASK_ID='load_raw_data' AIRFLOW_CTX_EXECUTION_DATE='2026-06-17T07:58:00+00:00' AIRFLOW_CTX_TRY_NUMBER='2' AIRFLOW_CTX_DAG_RUN_ID='scheduled__2026-06-17T07:58:00+00:00'
[2026-06-18T03:08:48.958+0000] {taskinstance.py:731} INFO - ::endgroup::
[2026-06-18T03:08:48.966+0000] {sql.py:266} INFO - Executing: 
        COPY driven_raw.raw_batch_data(
            person_name,
            user_name,
            email,
            personal_number,
            birth_date,
            address,
            phone_number,
            mac_address,
            ip_address,
            clabe,
            accessed_at,
            session_duration,
            download_speed,
            upload_speed,
            consumed_traffic,
            unique_id
        )
        FROM '/opt/***/data/raw_data.csv'
        DELIMITER ','
        CSV HEADER;
    
[2026-06-18T03:08:48.972+0000] {base.py:84} INFO - Retrieving connection 'postgres_conn'
[2026-06-18T03:08:48.979+0000] {base.py:84} INFO - Retrieving connection 'postgres_conn'
[2026-06-18T03:08:48.981+0000] {sql.py:509} INFO - Running statement: 
        COPY driven_raw.raw_batch_data(
            person_name,
            user_name,
            email,
            personal_number,
            birth_date,
            address,
            phone_number,
            mac_address,
            ip_address,
            clabe,
            accessed_at,
            session_duration,
            download_speed,
            upload_speed,
            consumed_traffic,
            unique_id
        )
        FROM '/opt/***/data/raw_data.csv'
        DELIMITER ','
        CSV HEADER;
    , parameters: None
[2026-06-18T03:08:48.985+0000] {sql.py:518} INFO - Rows affected: 246
[2026-06-18T03:08:48.993+0000] {taskinstance.py:340} INFO - ::group::Post task execution logs
[2026-06-18T03:08:48.994+0000] {taskinstance.py:352} INFO - Marking task as SUCCESS. dag_id=extract_raw_data_pipeline, task_id=load_raw_data, run_id=scheduled__2026-06-17T07:58:00+00:00, execution_date=20260617T075800, start_date=20260618T030848, end_date=20260618T030848
[2026-06-18T03:08:49.039+0000] {local_task_job_runner.py:266} INFO - Task exited with return code 0
[2026-06-18T03:08:49.052+0000] {taskinstance.py:3900} INFO - 0 downstream tasks scheduled from follow-on schedule check
[2026-06-18T03:08:49.057+0000] {local_task_job_runner.py:245} INFO - ::endgroup::
