[2026-06-24T07:37:03.548+0000] {local_task_job_runner.py:123} INFO - ::group::Pre task execution logs
[2026-06-24T07:37:03.556+0000] {taskinstance.py:2612} INFO - Dependencies all met for dep_context=non-requeueable deps ti=<TaskInstance: extract_raw_data_pipeline.run_dbt_staging scheduled__2026-06-24T07:36:00+00:00 [queued]>
[2026-06-24T07:37:03.560+0000] {taskinstance.py:2612} INFO - Dependencies all met for dep_context=requeueable deps ti=<TaskInstance: extract_raw_data_pipeline.run_dbt_staging scheduled__2026-06-24T07:36:00+00:00 [queued]>
[2026-06-24T07:37:03.561+0000] {taskinstance.py:2865} INFO - Starting attempt 1 of 1
[2026-06-24T07:37:03.569+0000] {taskinstance.py:2888} INFO - Executing <Task(BashOperator): run_dbt_staging> on 2026-06-24 07:36:00+00:00
[2026-06-24T07:37:03.573+0000] {warnings.py:112} WARNING - /home/***/.local/lib/python3.12/site-packages/***/task/task_runner/standard_task_runner.py:70: DeprecationWarning: This process (pid=19436) is multi-threaded, use of fork() may lead to deadlocks in the child.
  pid = os.fork()

[2026-06-24T07:37:03.574+0000] {standard_task_runner.py:72} INFO - Started process 19438 to run task
[2026-06-24T07:37:03.574+0000] {standard_task_runner.py:104} INFO - Running: ['***', 'tasks', 'run', 'extract_raw_data_pipeline', 'run_dbt_staging', 'scheduled__2026-06-24T07:36:00+00:00', '--job-id', '264', '--raw', '--subdir', 'DAGS_FOLDER/driven_data_pipeline.py', '--cfg-path', '/tmp/tmpmg702_9y']
[2026-06-24T07:37:03.575+0000] {standard_task_runner.py:105} INFO - Job 264: Subtask run_dbt_staging
[2026-06-24T07:37:03.627+0000] {task_command.py:467} INFO - Running <TaskInstance: extract_raw_data_pipeline.run_dbt_staging scheduled__2026-06-24T07:36:00+00:00 [running]> on host f478a03fba5a
[2026-06-24T07:37:03.670+0000] {taskinstance.py:3131} INFO - Exporting env vars: AIRFLOW_CTX_DAG_OWNER='***' AIRFLOW_CTX_DAG_ID='extract_raw_data_pipeline' AIRFLOW_CTX_TASK_ID='run_dbt_staging' AIRFLOW_CTX_EXECUTION_DATE='2026-06-24T07:36:00+00:00' AIRFLOW_CTX_TRY_NUMBER='1' AIRFLOW_CTX_DAG_RUN_ID='scheduled__2026-06-24T07:36:00+00:00'
[2026-06-24T07:37:03.670+0000] {taskinstance.py:731} INFO - ::endgroup::
[2026-06-24T07:37:03.679+0000] {subprocess.py:63} INFO - Tmp dir root location: /tmp
[2026-06-24T07:37:03.679+0000] {subprocess.py:75} INFO - Running command: ['/usr/bin/bash', '-c', 'set -x; cd /opt/***/dbt && dbt run --select tag:staging']
[2026-06-24T07:37:03.685+0000] {subprocess.py:86} INFO - Output:
[2026-06-24T07:37:03.686+0000] {subprocess.py:93} INFO - + cd /opt/***/dbt
[2026-06-24T07:37:03.686+0000] {subprocess.py:93} INFO - + dbt run --select tag:staging
[2026-06-24T07:37:04.718+0000] {subprocess.py:93} INFO - [0m07:37:04  Running with dbt=1.8.0
[2026-06-24T07:37:04.884+0000] {subprocess.py:93} INFO - [0m07:37:04  Registered adapter: postgres=1.8.2
[2026-06-24T07:37:05.197+0000] {subprocess.py:93} INFO - [0m07:37:05  Found 9 models, 10 sources, 428 macros
[2026-06-24T07:37:05.203+0000] {subprocess.py:93} INFO - [0m07:37:05
[2026-06-24T07:37:05.276+0000] {subprocess.py:93} INFO - [0m07:37:05  Concurrency: 1 threads (target='dev')
[2026-06-24T07:37:05.277+0000] {subprocess.py:93} INFO - [0m07:37:05
[2026-06-24T07:37:05.282+0000] {subprocess.py:93} INFO - [0m07:37:05  1 of 5 START sql table model driven_staging.dim_address ........................ [RUN]
[2026-06-24T07:37:05.413+0000] {subprocess.py:93} INFO - [0m07:37:05  1 of 5 OK created sql table model driven_staging.dim_address ................... [[32mSELECT 21789[0m in 0.13s]
[2026-06-24T07:37:05.418+0000] {subprocess.py:93} INFO - [0m07:37:05  2 of 5 START sql table model driven_staging.dim_date ........................... [RUN]
[2026-06-24T07:37:05.484+0000] {subprocess.py:93} INFO - [0m07:37:05  2 of 5 OK created sql table model driven_staging.dim_date ...................... [[32mSELECT 21789[0m in 0.06s]
[2026-06-24T07:37:05.486+0000] {subprocess.py:93} INFO - [0m07:37:05  3 of 5 START sql table model driven_staging.dim_finance ........................ [RUN]
[2026-06-24T07:37:05.536+0000] {subprocess.py:93} INFO - [0m07:37:05  3 of 5 OK created sql table model driven_staging.dim_finance ................... [[32mSELECT 21789[0m in 0.05s]
[2026-06-24T07:37:05.537+0000] {subprocess.py:93} INFO - [0m07:37:05  4 of 5 START sql table model driven_staging.dim_person ......................... [RUN]
[2026-06-24T07:37:05.599+0000] {subprocess.py:93} INFO - [0m07:37:05  4 of 5 OK created sql table model driven_staging.dim_person .................... [[32mSELECT 21789[0m in 0.06s]
[2026-06-24T07:37:05.600+0000] {subprocess.py:93} INFO - [0m07:37:05  5 of 5 START sql table model driven_staging.fact_network_usage ................. [RUN]
[2026-06-24T07:37:05.659+0000] {subprocess.py:93} INFO - [0m07:37:05  5 of 5 OK created sql table model driven_staging.fact_network_usage ............ [[32mSELECT 21789[0m in 0.06s]
[2026-06-24T07:37:05.666+0000] {subprocess.py:93} INFO - [0m07:37:05
[2026-06-24T07:37:05.667+0000] {subprocess.py:93} INFO - [0m07:37:05  Finished running 5 table models in 0 hours 0 minutes and 0.46 seconds (0.46s).
[2026-06-24T07:37:05.766+0000] {subprocess.py:93} INFO - [0m07:37:05
[2026-06-24T07:37:05.771+0000] {subprocess.py:93} INFO - [0m07:37:05  [32mCompleted successfully[0m
[2026-06-24T07:37:05.774+0000] {subprocess.py:93} INFO - [0m07:37:05
[2026-06-24T07:37:05.778+0000] {subprocess.py:93} INFO - [0m07:37:05  Done. PASS=5 WARN=0 ERROR=0 SKIP=0 TOTAL=5
[2026-06-24T07:37:06.300+0000] {subprocess.py:97} INFO - Command exited with return code 0
[2026-06-24T07:37:06.318+0000] {taskinstance.py:340} INFO - ::group::Post task execution logs
[2026-06-24T07:37:06.319+0000] {taskinstance.py:352} INFO - Marking task as SUCCESS. dag_id=extract_raw_data_pipeline, task_id=run_dbt_staging, run_id=scheduled__2026-06-24T07:36:00+00:00, execution_date=20260624T073600, start_date=20260624T073703, end_date=20260624T073706
[2026-06-24T07:37:06.358+0000] {local_task_job_runner.py:266} INFO - Task exited with return code 0
[2026-06-24T07:37:06.398+0000] {local_task_job_runner.py:245} INFO - ::endgroup::
