[2026-06-24T07:18:03.567+0000] {local_task_job_runner.py:123} INFO - ::group::Pre task execution logs
[2026-06-24T07:18:03.574+0000] {taskinstance.py:2612} INFO - Dependencies all met for dep_context=non-requeueable deps ti=<TaskInstance: extract_raw_data_pipeline.load_raw_data scheduled__2026-06-24T07:17:00+00:00 [queued]>
[2026-06-24T07:18:03.579+0000] {taskinstance.py:2612} INFO - Dependencies all met for dep_context=requeueable deps ti=<TaskInstance: extract_raw_data_pipeline.load_raw_data scheduled__2026-06-24T07:17:00+00:00 [queued]>
[2026-06-24T07:18:03.579+0000] {taskinstance.py:2865} INFO - Starting attempt 1 of 1
[2026-06-24T07:18:03.588+0000] {taskinstance.py:2888} INFO - Executing <Task(SQLExecuteQueryOperator): load_raw_data> on 2026-06-24 07:17:00+00:00
[2026-06-24T07:18:03.591+0000] {warnings.py:112} WARNING - /home/***/.local/lib/python3.12/site-packages/***/task/task_runner/standard_task_runner.py:70: DeprecationWarning: This process (pid=17735) is multi-threaded, use of fork() may lead to deadlocks in the child.
  pid = os.fork()

[2026-06-24T07:18:03.593+0000] {standard_task_runner.py:72} INFO - Started process 17737 to run task
[2026-06-24T07:18:03.592+0000] {standard_task_runner.py:104} INFO - Running: ['***', 'tasks', 'run', 'extract_raw_data_pipeline', 'load_raw_data', 'scheduled__2026-06-24T07:17:00+00:00', '--job-id', '149', '--raw', '--subdir', 'DAGS_FOLDER/driven_data_pipeline.py', '--cfg-path', '/tmp/tmps7v63xvm']
[2026-06-24T07:18:03.593+0000] {standard_task_runner.py:105} INFO - Job 149: Subtask load_raw_data
[2026-06-24T07:18:03.631+0000] {task_command.py:467} INFO - Running <TaskInstance: extract_raw_data_pipeline.load_raw_data scheduled__2026-06-24T07:17:00+00:00 [running]> on host f478a03fba5a
[2026-06-24T07:18:03.674+0000] {taskinstance.py:3131} INFO - Exporting env vars: AIRFLOW_CTX_DAG_OWNER='***' AIRFLOW_CTX_DAG_ID='extract_raw_data_pipeline' AIRFLOW_CTX_TASK_ID='load_raw_data' AIRFLOW_CTX_EXECUTION_DATE='2026-06-24T07:17:00+00:00' AIRFLOW_CTX_TRY_NUMBER='1' AIRFLOW_CTX_DAG_RUN_ID='scheduled__2026-06-24T07:17:00+00:00'
[2026-06-24T07:18:03.675+0000] {taskinstance.py:731} INFO - ::endgroup::
[2026-06-24T07:18:03.681+0000] {sql.py:266} INFO - Executing: 
        COPY driven_raw.raw_batch_data(
            person_name,
            user_name,
            email,
            personal_number,
            birth_date,
            address,
            phone_number,
            mac_address,
            ip_address,
            clabe,
            accessed_at,
            session_duration,
            download_speed,
            upload_speed,
            consumed_traffic,
            unique_id
        )
        FROM '/opt/***/data/raw_data.csv'
        DELIMITER ','
        CSV HEADER;
    
[2026-06-24T07:18:03.687+0000] {base.py:84} INFO - Retrieving connection 'postgres_conn'
[2026-06-24T07:18:03.691+0000] {base.py:84} INFO - Retrieving connection 'postgres_conn'
[2026-06-24T07:18:03.693+0000] {sql.py:509} INFO - Running statement: 
        COPY driven_raw.raw_batch_data(
            person_name,
            user_name,
            email,
            personal_number,
            birth_date,
            address,
            phone_number,
            mac_address,
            ip_address,
            clabe,
            accessed_at,
            session_duration,
            download_speed,
            upload_speed,
            consumed_traffic,
            unique_id
        )
        FROM '/opt/***/data/raw_data.csv'
        DELIMITER ','
        CSV HEADER;
    , parameters: None
[2026-06-24T07:18:03.697+0000] {sql.py:518} INFO - Rows affected: 544
[2026-06-24T07:18:03.704+0000] {taskinstance.py:340} INFO - ::group::Post task execution logs
[2026-06-24T07:18:03.705+0000] {taskinstance.py:352} INFO - Marking task as SUCCESS. dag_id=extract_raw_data_pipeline, task_id=load_raw_data, run_id=scheduled__2026-06-24T07:17:00+00:00, execution_date=20260624T071700, start_date=20260624T071803, end_date=20260624T071803
[2026-06-24T07:18:03.727+0000] {local_task_job_runner.py:266} INFO - Task exited with return code 0
[2026-06-24T07:18:03.740+0000] {taskinstance.py:3900} INFO - 1 downstream tasks scheduled from follow-on schedule check
[2026-06-24T07:18:03.744+0000] {local_task_job_runner.py:245} INFO - ::endgroup::
