[2026-06-18T00:54:51.072+0000] {local_task_job_runner.py:123} INFO - ::group::Pre task execution logs
[2026-06-18T00:54:51.082+0000] {taskinstance.py:2612} INFO - Dependencies all met for dep_context=non-requeueable deps ti=<TaskInstance: extract_raw_data_pipeline.create_raw_schema manual__2026-06-18T00:54:50.493791+00:00 [queued]>
[2026-06-18T00:54:51.087+0000] {taskinstance.py:2612} INFO - Dependencies all met for dep_context=requeueable deps ti=<TaskInstance: extract_raw_data_pipeline.create_raw_schema manual__2026-06-18T00:54:50.493791+00:00 [queued]>
[2026-06-18T00:54:51.089+0000] {taskinstance.py:2865} INFO - Starting attempt 1 of 1
[2026-06-18T00:54:51.100+0000] {taskinstance.py:2888} INFO - Executing <Task(SQLExecuteQueryOperator): create_raw_schema> on 2026-06-18 00:54:50.493791+00:00
[2026-06-18T00:54:51.104+0000] {warnings.py:112} WARNING - /home/***/.local/lib/python3.12/site-packages/***/task/task_runner/standard_task_runner.py:70: DeprecationWarning: This process (pid=5264) is multi-threaded, use of fork() may lead to deadlocks in the child.
  pid = os.fork()

[2026-06-18T00:54:51.105+0000] {standard_task_runner.py:72} INFO - Started process 5268 to run task
[2026-06-18T00:54:51.105+0000] {standard_task_runner.py:104} INFO - Running: ['***', 'tasks', 'run', 'extract_raw_data_pipeline', 'create_raw_schema', 'manual__2026-06-18T00:54:50.493791+00:00', '--job-id', '102', '--raw', '--subdir', 'DAGS_FOLDER/batch_generator.py', '--cfg-path', '/tmp/tmpsnm8pt9q']
[2026-06-18T00:54:51.106+0000] {standard_task_runner.py:105} INFO - Job 102: Subtask create_raw_schema
[2026-06-18T00:54:51.148+0000] {task_command.py:467} INFO - Running <TaskInstance: extract_raw_data_pipeline.create_raw_schema manual__2026-06-18T00:54:50.493791+00:00 [running]> on host db7b7e86288a
[2026-06-18T00:54:51.196+0000] {taskinstance.py:3131} INFO - Exporting env vars: AIRFLOW_CTX_DAG_OWNER='***' AIRFLOW_CTX_DAG_ID='extract_raw_data_pipeline' AIRFLOW_CTX_TASK_ID='create_raw_schema' AIRFLOW_CTX_EXECUTION_DATE='2026-06-18T00:54:50.493791+00:00' AIRFLOW_CTX_TRY_NUMBER='1' AIRFLOW_CTX_DAG_RUN_ID='manual__2026-06-18T00:54:50.493791+00:00'
[2026-06-18T00:54:51.201+0000] {taskinstance.py:731} INFO - ::endgroup::
[2026-06-18T00:54:51.214+0000] {sql.py:266} INFO - Executing: CREATE SCHEMA IF NOT EXISTS driven_raw;
[2026-06-18T00:54:51.227+0000] {base.py:84} INFO - Retrieving connection 'postgres_conn'
[2026-06-18T00:54:51.236+0000] {base.py:84} INFO - Retrieving connection 'postgres_conn'
[2026-06-18T00:54:51.238+0000] {sql.py:509} INFO - Running statement: CREATE SCHEMA IF NOT EXISTS driven_raw;, parameters: None
[2026-06-18T00:54:51.246+0000] {taskinstance.py:340} INFO - ::group::Post task execution logs
[2026-06-18T00:54:51.247+0000] {taskinstance.py:352} INFO - Marking task as SUCCESS. dag_id=extract_raw_data_pipeline, task_id=create_raw_schema, run_id=manual__2026-06-18T00:54:50.493791+00:00, execution_date=20260618T005450, start_date=20260618T005451, end_date=20260618T005451
[2026-06-18T00:54:51.279+0000] {local_task_job_runner.py:266} INFO - Task exited with return code 0
[2026-06-18T00:54:51.292+0000] {taskinstance.py:3900} INFO - 0 downstream tasks scheduled from follow-on schedule check
[2026-06-18T00:54:51.296+0000] {local_task_job_runner.py:245} INFO - ::endgroup::
