[2026-06-18T00:54:36.904+0000] {local_task_job_runner.py:123} INFO - ::group::Pre task execution logs
[2026-06-18T00:54:36.914+0000] {taskinstance.py:2612} INFO - Dependencies all met for dep_context=non-requeueable deps ti=<TaskInstance: extract_raw_data_pipeline.extract_raw_data manual__2026-06-17T19:32:52.527346+00:00 [queued]>
[2026-06-18T00:54:36.919+0000] {taskinstance.py:2612} INFO - Dependencies all met for dep_context=requeueable deps ti=<TaskInstance: extract_raw_data_pipeline.extract_raw_data manual__2026-06-17T19:32:52.527346+00:00 [queued]>
[2026-06-18T00:54:36.919+0000] {taskinstance.py:2865} INFO - Starting attempt 3 of 3
[2026-06-18T00:54:36.929+0000] {taskinstance.py:2888} INFO - Executing <Task(PythonOperator): extract_raw_data> on 2026-06-17 19:32:52.527346+00:00
[2026-06-18T00:54:36.932+0000] {warnings.py:112} WARNING - /home/***/.local/lib/python3.12/site-packages/***/task/task_runner/standard_task_runner.py:70: DeprecationWarning: This process (pid=5220) is multi-threaded, use of fork() may lead to deadlocks in the child.
  pid = os.fork()

[2026-06-18T00:54:36.934+0000] {standard_task_runner.py:72} INFO - Started process 5222 to run task
[2026-06-18T00:54:36.934+0000] {standard_task_runner.py:104} INFO - Running: ['***', 'tasks', 'run', 'extract_raw_data_pipeline', 'extract_raw_data', 'manual__2026-06-17T19:32:52.527346+00:00', '--job-id', '99', '--raw', '--subdir', 'DAGS_FOLDER/batch_generator.py', '--cfg-path', '/tmp/tmpq8feidrq']
[2026-06-18T00:54:36.935+0000] {standard_task_runner.py:105} INFO - Job 99: Subtask extract_raw_data
[2026-06-18T00:54:36.981+0000] {task_command.py:467} INFO - Running <TaskInstance: extract_raw_data_pipeline.extract_raw_data manual__2026-06-17T19:32:52.527346+00:00 [running]> on host db7b7e86288a
[2026-06-18T00:54:37.028+0000] {taskinstance.py:3131} INFO - Exporting env vars: AIRFLOW_CTX_DAG_OWNER='***' AIRFLOW_CTX_DAG_ID='extract_raw_data_pipeline' AIRFLOW_CTX_TASK_ID='extract_raw_data' AIRFLOW_CTX_EXECUTION_DATE='2026-06-17T19:32:52.527346+00:00' AIRFLOW_CTX_TRY_NUMBER='3' AIRFLOW_CTX_DAG_RUN_ID='manual__2026-06-17T19:32:52.527346+00:00'
[2026-06-18T00:54:37.029+0000] {taskinstance.py:731} INFO - ::endgroup::
[2026-06-18T00:54:37.037+0000] {batch_generator.py:158} INFO - Started batch processing for 2026-06-18.
[2026-06-18T00:54:37.037+0000] {batch_generator.py:27} INFO - Created synthetic data for MX country code.
[2026-06-18T00:54:37.116+0000] {batch_generator.py:113} INFO - Written 415 records to the CSV file.
[2026-06-18T00:54:37.141+0000] {batch_generator.py:128} INFO - Added UUID to the dataset.
[2026-06-18T00:54:37.166+0000] {batch_generator.py:151} INFO - Updated accessed timestamp.
[2026-06-18T00:54:37.167+0000] {batch_generator.py:173} INFO - Finished batch processing 2026-06-18.
[2026-06-18T00:54:37.167+0000] {python.py:240} INFO - Done. Returned value was: None
[2026-06-18T00:54:37.174+0000] {taskinstance.py:340} INFO - ::group::Post task execution logs
[2026-06-18T00:54:37.175+0000] {taskinstance.py:352} INFO - Marking task as SUCCESS. dag_id=extract_raw_data_pipeline, task_id=extract_raw_data, run_id=manual__2026-06-17T19:32:52.527346+00:00, execution_date=20260617T193252, start_date=20260618T005436, end_date=20260618T005437
[2026-06-18T00:54:37.228+0000] {local_task_job_runner.py:266} INFO - Task exited with return code 0
[2026-06-18T00:54:37.245+0000] {taskinstance.py:3900} INFO - 1 downstream tasks scheduled from follow-on schedule check
[2026-06-18T00:54:37.248+0000] {local_task_job_runner.py:245} INFO - ::endgroup::
