[2026-06-24T07:17:00.894+0000] {local_task_job_runner.py:123} INFO - ::group::Pre task execution logs
[2026-06-24T07:17:00.903+0000] {taskinstance.py:2612} INFO - Dependencies all met for dep_context=non-requeueable deps ti=<TaskInstance: extract_raw_data_pipeline.create_raw_schema scheduled__2026-06-24T07:16:00+00:00 [queued]>
[2026-06-24T07:17:00.907+0000] {taskinstance.py:2612} INFO - Dependencies all met for dep_context=requeueable deps ti=<TaskInstance: extract_raw_data_pipeline.create_raw_schema scheduled__2026-06-24T07:16:00+00:00 [queued]>
[2026-06-24T07:17:00.908+0000] {taskinstance.py:2865} INFO - Starting attempt 1 of 1
[2026-06-24T07:17:00.919+0000] {taskinstance.py:2888} INFO - Executing <Task(SQLExecuteQueryOperator): create_raw_schema> on 2026-06-24 07:16:00+00:00
[2026-06-24T07:17:00.922+0000] {warnings.py:112} WARNING - /home/***/.local/lib/python3.12/site-packages/***/task/task_runner/standard_task_runner.py:70: DeprecationWarning: This process (pid=17602) is multi-threaded, use of fork() may lead to deadlocks in the child.
  pid = os.fork()

[2026-06-24T07:17:00.924+0000] {standard_task_runner.py:72} INFO - Started process 17606 to run task
[2026-06-24T07:17:00.923+0000] {standard_task_runner.py:104} INFO - Running: ['***', 'tasks', 'run', 'extract_raw_data_pipeline', 'create_raw_schema', 'scheduled__2026-06-24T07:16:00+00:00', '--job-id', '141', '--raw', '--subdir', 'DAGS_FOLDER/driven_data_pipeline.py', '--cfg-path', '/tmp/tmpi84cd1jt']
[2026-06-24T07:17:00.925+0000] {standard_task_runner.py:105} INFO - Job 141: Subtask create_raw_schema
[2026-06-24T07:17:00.976+0000] {task_command.py:467} INFO - Running <TaskInstance: extract_raw_data_pipeline.create_raw_schema scheduled__2026-06-24T07:16:00+00:00 [running]> on host f478a03fba5a
[2026-06-24T07:17:01.023+0000] {taskinstance.py:3131} INFO - Exporting env vars: AIRFLOW_CTX_DAG_OWNER='***' AIRFLOW_CTX_DAG_ID='extract_raw_data_pipeline' AIRFLOW_CTX_TASK_ID='create_raw_schema' AIRFLOW_CTX_EXECUTION_DATE='2026-06-24T07:16:00+00:00' AIRFLOW_CTX_TRY_NUMBER='1' AIRFLOW_CTX_DAG_RUN_ID='scheduled__2026-06-24T07:16:00+00:00'
[2026-06-24T07:17:01.024+0000] {taskinstance.py:731} INFO - ::endgroup::
[2026-06-24T07:17:01.031+0000] {sql.py:266} INFO - Executing: CREATE SCHEMA IF NOT EXISTS driven_raw;
[2026-06-24T07:17:01.036+0000] {base.py:84} INFO - Retrieving connection 'postgres_conn'
[2026-06-24T07:17:01.041+0000] {base.py:84} INFO - Retrieving connection 'postgres_conn'
[2026-06-24T07:17:01.044+0000] {sql.py:509} INFO - Running statement: CREATE SCHEMA IF NOT EXISTS driven_raw;, parameters: None
[2026-06-24T07:17:01.049+0000] {taskinstance.py:340} INFO - ::group::Post task execution logs
[2026-06-24T07:17:01.049+0000] {taskinstance.py:352} INFO - Marking task as SUCCESS. dag_id=extract_raw_data_pipeline, task_id=create_raw_schema, run_id=scheduled__2026-06-24T07:16:00+00:00, execution_date=20260624T071600, start_date=20260624T071700, end_date=20260624T071701
[2026-06-24T07:17:01.098+0000] {local_task_job_runner.py:266} INFO - Task exited with return code 0
[2026-06-24T07:17:01.111+0000] {taskinstance.py:3900} INFO - 0 downstream tasks scheduled from follow-on schedule check
[2026-06-24T07:17:01.114+0000] {local_task_job_runner.py:245} INFO - ::endgroup::
