[2026-06-17T02:50:52.858+0000] {local_task_job_runner.py:123} INFO - ::group::Pre task execution logs
[2026-06-17T02:50:52.869+0000] {taskinstance.py:2612} INFO - Dependencies all met for dep_context=non-requeueable deps ti=<TaskInstance: extract_raw_data_pipeline.create_raw_table manual__2026-06-17T02:41:34.981575+00:00 [queued]>
[2026-06-17T02:50:52.874+0000] {taskinstance.py:2612} INFO - Dependencies all met for dep_context=requeueable deps ti=<TaskInstance: extract_raw_data_pipeline.create_raw_table manual__2026-06-17T02:41:34.981575+00:00 [queued]>
[2026-06-17T02:50:52.874+0000] {taskinstance.py:2865} INFO - Starting attempt 1 of 1
[2026-06-17T02:50:52.884+0000] {taskinstance.py:2888} INFO - Executing <Task(SQLExecuteQueryOperator): create_raw_table> on 2026-06-17 02:41:34.981575+00:00
[2026-06-17T02:50:52.889+0000] {standard_task_runner.py:104} INFO - Running: ['***', 'tasks', 'run', 'extract_raw_data_pipeline', 'create_raw_table', 'manual__2026-06-17T02:41:34.981575+00:00', '--job-id', '19', '--raw', '--subdir', 'DAGS_FOLDER/batch_generator.py', '--cfg-path', '/tmp/tmphtyi1sla']
[2026-06-17T02:50:52.888+0000] {warnings.py:112} WARNING - /home/***/.local/lib/python3.12/site-packages/***/task/task_runner/standard_task_runner.py:70: DeprecationWarning: This process (pid=591) is multi-threaded, use of fork() may lead to deadlocks in the child.
  pid = os.fork()

[2026-06-17T02:50:52.890+0000] {standard_task_runner.py:105} INFO - Job 19: Subtask create_raw_table
[2026-06-17T02:50:52.891+0000] {standard_task_runner.py:72} INFO - Started process 593 to run task
[2026-06-17T02:50:52.941+0000] {task_command.py:467} INFO - Running <TaskInstance: extract_raw_data_pipeline.create_raw_table manual__2026-06-17T02:41:34.981575+00:00 [running]> on host db7b7e86288a
[2026-06-17T02:50:52.988+0000] {taskinstance.py:3131} INFO - Exporting env vars: AIRFLOW_CTX_DAG_OWNER='***' AIRFLOW_CTX_DAG_ID='extract_raw_data_pipeline' AIRFLOW_CTX_TASK_ID='create_raw_table' AIRFLOW_CTX_EXECUTION_DATE='2026-06-17T02:41:34.981575+00:00' AIRFLOW_CTX_TRY_NUMBER='1' AIRFLOW_CTX_DAG_RUN_ID='manual__2026-06-17T02:41:34.981575+00:00'
[2026-06-17T02:50:52.989+0000] {taskinstance.py:731} INFO - ::endgroup::
[2026-06-17T02:50:52.997+0000] {sql.py:266} INFO - Executing: 
        CREATE TABLE IF NOT EXISTS driven_raw.raw_batch_data (
            person_name VARCHAR(100),
            user_name VARCHAR(100),
            email VARCHAR(100),
            personal_number NUMERIC,
            birth_date VARCHAR(100),
            address VARCHAR(100),
            phone_number VARCHAR(100),
            mac_address VARCHAR(100),
            ip_address VARCHAR(100),
            clabe VARCHAR(100),
            accessed_at TIMESTAMP,
            session_duration INT,
            download_speed INT,
            upload_speed INT,
            consumed_traffic INT,
            unique_id VARCHAR(100)
        );
    
[2026-06-17T02:50:53.003+0000] {base.py:84} INFO - Retrieving connection 'postgres_conn'
[2026-06-17T02:50:53.008+0000] {base.py:84} INFO - Retrieving connection 'postgres_conn'
[2026-06-17T02:50:53.010+0000] {sql.py:509} INFO - Running statement: 
        CREATE TABLE IF NOT EXISTS driven_raw.raw_batch_data (
            person_name VARCHAR(100),
            user_name VARCHAR(100),
            email VARCHAR(100),
            personal_number NUMERIC,
            birth_date VARCHAR(100),
            address VARCHAR(100),
            phone_number VARCHAR(100),
            mac_address VARCHAR(100),
            ip_address VARCHAR(100),
            clabe VARCHAR(100),
            accessed_at TIMESTAMP,
            session_duration INT,
            download_speed INT,
            upload_speed INT,
            consumed_traffic INT,
            unique_id VARCHAR(100)
        );
    , parameters: None
[2026-06-17T02:50:53.017+0000] {taskinstance.py:340} INFO - ::group::Post task execution logs
[2026-06-17T02:50:53.017+0000] {taskinstance.py:352} INFO - Marking task as SUCCESS. dag_id=extract_raw_data_pipeline, task_id=create_raw_table, run_id=manual__2026-06-17T02:41:34.981575+00:00, execution_date=20260617T024134, start_date=20260617T025052, end_date=20260617T025053
[2026-06-17T02:50:53.065+0000] {local_task_job_runner.py:266} INFO - Task exited with return code 0
[2026-06-17T02:50:53.084+0000] {taskinstance.py:3900} INFO - 1 downstream tasks scheduled from follow-on schedule check
[2026-06-17T02:50:53.088+0000] {local_task_job_runner.py:245} INFO - ::endgroup::
