[2026-06-24T07:48:03.711+0000] {local_task_job_runner.py:123} INFO - ::group::Pre task execution logs
[2026-06-24T07:48:03.719+0000] {taskinstance.py:2612} INFO - Dependencies all met for dep_context=non-requeueable deps ti=<TaskInstance: extract_raw_data_pipeline.run_dbt_staging scheduled__2026-06-24T07:47:00+00:00 [queued]>
[2026-06-24T07:48:03.723+0000] {taskinstance.py:2612} INFO - Dependencies all met for dep_context=requeueable deps ti=<TaskInstance: extract_raw_data_pipeline.run_dbt_staging scheduled__2026-06-24T07:47:00+00:00 [queued]>
[2026-06-24T07:48:03.724+0000] {taskinstance.py:2865} INFO - Starting attempt 1 of 1
[2026-06-24T07:48:03.732+0000] {taskinstance.py:2888} INFO - Executing <Task(BashOperator): run_dbt_staging> on 2026-06-24 07:47:00+00:00
[2026-06-24T07:48:03.736+0000] {warnings.py:112} WARNING - /home/***/.local/lib/python3.12/site-packages/***/task/task_runner/standard_task_runner.py:70: DeprecationWarning: This process (pid=20417) is multi-threaded, use of fork() may lead to deadlocks in the child.
  pid = os.fork()

[2026-06-24T07:48:03.737+0000] {standard_task_runner.py:72} INFO - Started process 20419 to run task
[2026-06-24T07:48:03.737+0000] {standard_task_runner.py:104} INFO - Running: ['***', 'tasks', 'run', 'extract_raw_data_pipeline', 'run_dbt_staging', 'scheduled__2026-06-24T07:47:00+00:00', '--job-id', '330', '--raw', '--subdir', 'DAGS_FOLDER/driven_data_pipeline.py', '--cfg-path', '/tmp/tmpc1gb0ea7']
[2026-06-24T07:48:03.738+0000] {standard_task_runner.py:105} INFO - Job 330: Subtask run_dbt_staging
[2026-06-24T07:48:03.786+0000] {task_command.py:467} INFO - Running <TaskInstance: extract_raw_data_pipeline.run_dbt_staging scheduled__2026-06-24T07:47:00+00:00 [running]> on host f478a03fba5a
[2026-06-24T07:48:03.830+0000] {taskinstance.py:3131} INFO - Exporting env vars: AIRFLOW_CTX_DAG_OWNER='***' AIRFLOW_CTX_DAG_ID='extract_raw_data_pipeline' AIRFLOW_CTX_TASK_ID='run_dbt_staging' AIRFLOW_CTX_EXECUTION_DATE='2026-06-24T07:47:00+00:00' AIRFLOW_CTX_TRY_NUMBER='1' AIRFLOW_CTX_DAG_RUN_ID='scheduled__2026-06-24T07:47:00+00:00'
[2026-06-24T07:48:03.831+0000] {taskinstance.py:731} INFO - ::endgroup::
[2026-06-24T07:48:03.839+0000] {subprocess.py:63} INFO - Tmp dir root location: /tmp
[2026-06-24T07:48:03.840+0000] {subprocess.py:75} INFO - Running command: ['/usr/bin/bash', '-c', 'set -x; cd /opt/***/dbt && dbt run --select tag:staging']
[2026-06-24T07:48:03.845+0000] {subprocess.py:86} INFO - Output:
[2026-06-24T07:48:03.846+0000] {subprocess.py:93} INFO - + cd /opt/***/dbt
[2026-06-24T07:48:03.847+0000] {subprocess.py:93} INFO - + dbt run --select tag:staging
[2026-06-24T07:48:04.882+0000] {subprocess.py:93} INFO - [0m07:48:04  Running with dbt=1.8.0
[2026-06-24T07:48:05.018+0000] {subprocess.py:93} INFO - [0m07:48:05  Registered adapter: postgres=1.8.2
[2026-06-24T07:48:05.323+0000] {subprocess.py:93} INFO - [0m07:48:05  Found 9 models, 10 sources, 428 macros
[2026-06-24T07:48:05.329+0000] {subprocess.py:93} INFO - [0m07:48:05
[2026-06-24T07:48:05.405+0000] {subprocess.py:93} INFO - [0m07:48:05  Concurrency: 1 threads (target='dev')
[2026-06-24T07:48:05.406+0000] {subprocess.py:93} INFO - [0m07:48:05
[2026-06-24T07:48:05.412+0000] {subprocess.py:93} INFO - [0m07:48:05  1 of 5 START sql table model driven_staging.dim_address ........................ [RUN]
[2026-06-24T07:48:05.522+0000] {subprocess.py:93} INFO - [0m07:48:05  1 of 5 OK created sql table model driven_staging.dim_address ................... [[32mSELECT 29241[0m in 0.11s]
[2026-06-24T07:48:05.524+0000] {subprocess.py:93} INFO - [0m07:48:05  2 of 5 START sql table model driven_staging.dim_date ........................... [RUN]
[2026-06-24T07:48:05.570+0000] {subprocess.py:93} INFO - [0m07:48:05  2 of 5 OK created sql table model driven_staging.dim_date ...................... [[32mSELECT 29241[0m in 0.05s]
[2026-06-24T07:48:05.572+0000] {subprocess.py:93} INFO - [0m07:48:05  3 of 5 START sql table model driven_staging.dim_finance ........................ [RUN]
[2026-06-24T07:48:05.797+0000] {subprocess.py:93} INFO - [0m07:48:05  3 of 5 OK created sql table model driven_staging.dim_finance ................... [[32mSELECT 29241[0m in 0.22s]
[2026-06-24T07:48:05.799+0000] {subprocess.py:93} INFO - [0m07:48:05  4 of 5 START sql table model driven_staging.dim_person ......................... [RUN]
[2026-06-24T07:48:05.871+0000] {subprocess.py:93} INFO - [0m07:48:05  4 of 5 OK created sql table model driven_staging.dim_person .................... [[32mSELECT 29241[0m in 0.07s]
[2026-06-24T07:48:05.872+0000] {subprocess.py:93} INFO - [0m07:48:05  5 of 5 START sql table model driven_staging.fact_network_usage ................. [RUN]
[2026-06-24T07:48:05.927+0000] {subprocess.py:93} INFO - [0m07:48:05  5 of 5 OK created sql table model driven_staging.fact_network_usage ............ [[32mSELECT 29241[0m in 0.05s]
[2026-06-24T07:48:05.934+0000] {subprocess.py:93} INFO - [0m07:48:05
[2026-06-24T07:48:05.934+0000] {subprocess.py:93} INFO - [0m07:48:05  Finished running 5 table models in 0 hours 0 minutes and 0.60 seconds (0.60s).
[2026-06-24T07:48:05.960+0000] {subprocess.py:93} INFO - [0m07:48:05
[2026-06-24T07:48:05.961+0000] {subprocess.py:93} INFO - [0m07:48:05  [32mCompleted successfully[0m
[2026-06-24T07:48:05.967+0000] {subprocess.py:93} INFO - [0m07:48:05
[2026-06-24T07:48:05.969+0000] {subprocess.py:93} INFO - [0m07:48:05  Done. PASS=5 WARN=0 ERROR=0 SKIP=0 TOTAL=5
[2026-06-24T07:48:06.381+0000] {subprocess.py:97} INFO - Command exited with return code 0
[2026-06-24T07:48:06.405+0000] {taskinstance.py:340} INFO - ::group::Post task execution logs
[2026-06-24T07:48:06.412+0000] {taskinstance.py:352} INFO - Marking task as SUCCESS. dag_id=extract_raw_data_pipeline, task_id=run_dbt_staging, run_id=scheduled__2026-06-24T07:47:00+00:00, execution_date=20260624T074700, start_date=20260624T074803, end_date=20260624T074806
[2026-06-24T07:48:06.447+0000] {local_task_job_runner.py:266} INFO - Task exited with return code 0
[2026-06-24T07:48:06.468+0000] {taskinstance.py:3900} INFO - 1 downstream tasks scheduled from follow-on schedule check
[2026-06-24T07:48:06.472+0000] {local_task_job_runner.py:245} INFO - ::endgroup::
