[2026-06-17T03:09:23.043+0000] {local_task_job_runner.py:123} INFO - ::group::Pre task execution logs
[2026-06-17T03:09:23.052+0000] {taskinstance.py:2612} INFO - Dependencies all met for dep_context=non-requeueable deps ti=<TaskInstance: extract_raw_data_pipeline.extract_raw_data manual__2026-06-17T03:09:22.454225+00:00 [queued]>
[2026-06-17T03:09:23.057+0000] {taskinstance.py:2612} INFO - Dependencies all met for dep_context=requeueable deps ti=<TaskInstance: extract_raw_data_pipeline.extract_raw_data manual__2026-06-17T03:09:22.454225+00:00 [queued]>
[2026-06-17T03:09:23.057+0000] {taskinstance.py:2865} INFO - Starting attempt 1 of 1
[2026-06-17T03:09:23.068+0000] {taskinstance.py:2888} INFO - Executing <Task(PythonOperator): extract_raw_data> on 2026-06-17 03:09:22.454225+00:00
[2026-06-17T03:09:23.072+0000] {warnings.py:112} WARNING - /home/***/.local/lib/python3.12/site-packages/***/task/task_runner/standard_task_runner.py:70: DeprecationWarning: This process (pid=883) is multi-threaded, use of fork() may lead to deadlocks in the child.
  pid = os.fork()

[2026-06-17T03:09:23.073+0000] {standard_task_runner.py:72} INFO - Started process 887 to run task
[2026-06-17T03:09:23.073+0000] {standard_task_runner.py:104} INFO - Running: ['***', 'tasks', 'run', 'extract_raw_data_pipeline', 'extract_raw_data', 'manual__2026-06-17T03:09:22.454225+00:00', '--job-id', '31', '--raw', '--subdir', 'DAGS_FOLDER/batch_generator.py', '--cfg-path', '/tmp/tmpd3jj69_x']
[2026-06-17T03:09:23.074+0000] {standard_task_runner.py:105} INFO - Job 31: Subtask extract_raw_data
[2026-06-17T03:09:23.124+0000] {task_command.py:467} INFO - Running <TaskInstance: extract_raw_data_pipeline.extract_raw_data manual__2026-06-17T03:09:22.454225+00:00 [running]> on host db7b7e86288a
[2026-06-17T03:09:23.173+0000] {taskinstance.py:3131} INFO - Exporting env vars: AIRFLOW_CTX_DAG_OWNER='***' AIRFLOW_CTX_DAG_ID='extract_raw_data_pipeline' AIRFLOW_CTX_TASK_ID='extract_raw_data' AIRFLOW_CTX_EXECUTION_DATE='2026-06-17T03:09:22.454225+00:00' AIRFLOW_CTX_TRY_NUMBER='1' AIRFLOW_CTX_DAG_RUN_ID='manual__2026-06-17T03:09:22.454225+00:00'
[2026-06-17T03:09:23.174+0000] {taskinstance.py:731} INFO - ::endgroup::
[2026-06-17T03:09:23.182+0000] {batch_generator.py:158} INFO - Started batch processing for 2026-06-17.
[2026-06-17T03:09:23.183+0000] {batch_generator.py:27} INFO - Created synthetic data for MX country code.
[2026-06-17T03:09:23.243+0000] {batch_generator.py:113} INFO - Written 145 records to the CSV file.
[2026-06-17T03:09:23.307+0000] {batch_generator.py:128} INFO - Added UUID to the dataset.
[2026-06-17T03:09:23.342+0000] {batch_generator.py:151} INFO - Updated accessed timestamp.
[2026-06-17T03:09:23.342+0000] {batch_generator.py:173} INFO - Finished batch processing 2026-06-17.
[2026-06-17T03:09:23.342+0000] {python.py:240} INFO - Done. Returned value was: None
[2026-06-17T03:09:23.348+0000] {taskinstance.py:340} INFO - ::group::Post task execution logs
[2026-06-17T03:09:23.349+0000] {taskinstance.py:352} INFO - Marking task as SUCCESS. dag_id=extract_raw_data_pipeline, task_id=extract_raw_data, run_id=manual__2026-06-17T03:09:22.454225+00:00, execution_date=20260617T030922, start_date=20260617T030923, end_date=20260617T030923
[2026-06-17T03:09:23.367+0000] {local_task_job_runner.py:266} INFO - Task exited with return code 0
[2026-06-17T03:09:23.382+0000] {taskinstance.py:3900} INFO - 1 downstream tasks scheduled from follow-on schedule check
[2026-06-17T03:09:23.385+0000] {local_task_job_runner.py:245} INFO - ::endgroup::
