[2026-06-24T07:40:07.585+0000] {local_task_job_runner.py:123} INFO - ::group::Pre task execution logs
[2026-06-24T07:40:07.593+0000] {taskinstance.py:2612} INFO - Dependencies all met for dep_context=non-requeueable deps ti=<TaskInstance: extract_raw_data_pipeline.run_dbt_trusted scheduled__2026-06-24T07:39:00+00:00 [queued]>
[2026-06-24T07:40:07.598+0000] {taskinstance.py:2612} INFO - Dependencies all met for dep_context=requeueable deps ti=<TaskInstance: extract_raw_data_pipeline.run_dbt_trusted scheduled__2026-06-24T07:39:00+00:00 [queued]>
[2026-06-24T07:40:07.599+0000] {taskinstance.py:2865} INFO - Starting attempt 1 of 1
[2026-06-24T07:40:07.608+0000] {taskinstance.py:2888} INFO - Executing <Task(BashOperator): run_dbt_trusted> on 2026-06-24 07:39:00+00:00
[2026-06-24T07:40:07.612+0000] {warnings.py:112} WARNING - /home/***/.local/lib/python3.12/site-packages/***/task/task_runner/standard_task_runner.py:70: DeprecationWarning: This process (pid=19720) is multi-threaded, use of fork() may lead to deadlocks in the child.
  pid = os.fork()

[2026-06-24T07:40:07.613+0000] {standard_task_runner.py:72} INFO - Started process 19722 to run task
[2026-06-24T07:40:07.613+0000] {standard_task_runner.py:104} INFO - Running: ['***', 'tasks', 'run', 'extract_raw_data_pipeline', 'run_dbt_trusted', 'scheduled__2026-06-24T07:39:00+00:00', '--job-id', '283', '--raw', '--subdir', 'DAGS_FOLDER/driven_data_pipeline.py', '--cfg-path', '/tmp/tmp6hzc0221']
[2026-06-24T07:40:07.614+0000] {standard_task_runner.py:105} INFO - Job 283: Subtask run_dbt_trusted
[2026-06-24T07:40:07.657+0000] {task_command.py:467} INFO - Running <TaskInstance: extract_raw_data_pipeline.run_dbt_trusted scheduled__2026-06-24T07:39:00+00:00 [running]> on host f478a03fba5a
[2026-06-24T07:40:07.699+0000] {taskinstance.py:3131} INFO - Exporting env vars: AIRFLOW_CTX_DAG_OWNER='***' AIRFLOW_CTX_DAG_ID='extract_raw_data_pipeline' AIRFLOW_CTX_TASK_ID='run_dbt_trusted' AIRFLOW_CTX_EXECUTION_DATE='2026-06-24T07:39:00+00:00' AIRFLOW_CTX_TRY_NUMBER='1' AIRFLOW_CTX_DAG_RUN_ID='scheduled__2026-06-24T07:39:00+00:00'
[2026-06-24T07:40:07.699+0000] {taskinstance.py:731} INFO - ::endgroup::
[2026-06-24T07:40:07.706+0000] {subprocess.py:63} INFO - Tmp dir root location: /tmp
[2026-06-24T07:40:07.707+0000] {subprocess.py:75} INFO - Running command: ['/usr/bin/bash', '-c', 'set -x; cd /opt/***/dbt && dbt run --select tag:trusted']
[2026-06-24T07:40:07.712+0000] {subprocess.py:86} INFO - Output:
[2026-06-24T07:40:07.713+0000] {subprocess.py:93} INFO - + cd /opt/***/dbt
[2026-06-24T07:40:07.713+0000] {subprocess.py:93} INFO - + dbt run --select tag:trusted
[2026-06-24T07:40:08.723+0000] {subprocess.py:93} INFO - [0m07:40:08  Running with dbt=1.8.0
[2026-06-24T07:40:08.869+0000] {subprocess.py:93} INFO - [0m07:40:08  Registered adapter: postgres=1.8.2
[2026-06-24T07:40:09.199+0000] {subprocess.py:93} INFO - [0m07:40:09  Found 9 models, 10 sources, 428 macros
[2026-06-24T07:40:09.225+0000] {subprocess.py:93} INFO - [0m07:40:09
[2026-06-24T07:40:09.292+0000] {subprocess.py:93} INFO - [0m07:40:09  Concurrency: 1 threads (target='dev')
[2026-06-24T07:40:09.292+0000] {subprocess.py:93} INFO - [0m07:40:09
[2026-06-24T07:40:09.298+0000] {subprocess.py:93} INFO - [0m07:40:09  1 of 4 START sql table model driven_trusted.non_pii_data ....................... [RUN]
[2026-06-24T07:40:09.744+0000] {subprocess.py:93} INFO - [0m07:40:09  1 of 4 OK created sql table model driven_trusted.non_pii_data .................. [[32mSELECT 30676[0m in 0.44s]
[2026-06-24T07:40:09.747+0000] {subprocess.py:93} INFO - [0m07:40:09  2 of 4 START sql table model driven_trusted.payment_data ....................... [RUN]
[2026-06-24T07:40:09.833+0000] {subprocess.py:93} INFO - [0m07:40:09  2 of 4 OK created sql table model driven_trusted.payment_data .................. [[32mSELECT 23788[0m in 0.09s]
[2026-06-24T07:40:09.835+0000] {subprocess.py:93} INFO - [0m07:40:09  3 of 4 START sql table model driven_trusted.pii_data ........................... [RUN]
[2026-06-24T07:40:10.290+0000] {subprocess.py:93} INFO - [0m07:40:10  3 of 4 OK created sql table model driven_trusted.pii_data ...................... [[32mSELECT 30676[0m in 0.45s]
[2026-06-24T07:40:10.292+0000] {subprocess.py:93} INFO - [0m07:40:10  4 of 4 START sql table model driven_trusted.technical_data ..................... [RUN]
[2026-06-24T07:40:10.398+0000] {subprocess.py:93} INFO - [0m07:40:10  4 of 4 OK created sql table model driven_trusted.technical_data ................ [[32mSELECT 23788[0m in 0.10s]
[2026-06-24T07:40:10.407+0000] {subprocess.py:93} INFO - [0m07:40:10
[2026-06-24T07:40:10.407+0000] {subprocess.py:93} INFO - [0m07:40:10  Finished running 4 table models in 0 hours 0 minutes and 1.18 seconds (1.18s).
[2026-06-24T07:40:10.457+0000] {subprocess.py:93} INFO - [0m07:40:10
[2026-06-24T07:40:10.459+0000] {subprocess.py:93} INFO - [0m07:40:10  [32mCompleted successfully[0m
[2026-06-24T07:40:10.467+0000] {subprocess.py:93} INFO - [0m07:40:10
[2026-06-24T07:40:10.471+0000] {subprocess.py:93} INFO - [0m07:40:10  Done. PASS=4 WARN=0 ERROR=0 SKIP=0 TOTAL=4
[2026-06-24T07:40:10.872+0000] {subprocess.py:97} INFO - Command exited with return code 0
[2026-06-24T07:40:10.890+0000] {taskinstance.py:340} INFO - ::group::Post task execution logs
[2026-06-24T07:40:10.891+0000] {taskinstance.py:352} INFO - Marking task as SUCCESS. dag_id=extract_raw_data_pipeline, task_id=run_dbt_trusted, run_id=scheduled__2026-06-24T07:39:00+00:00, execution_date=20260624T073900, start_date=20260624T074007, end_date=20260624T074010
[2026-06-24T07:40:10.917+0000] {local_task_job_runner.py:266} INFO - Task exited with return code 0
[2026-06-24T07:40:10.929+0000] {taskinstance.py:3900} INFO - 0 downstream tasks scheduled from follow-on schedule check
[2026-06-24T07:40:10.933+0000] {local_task_job_runner.py:245} INFO - ::endgroup::
