[2026-06-25T17:11:24.669+0000] {local_task_job_runner.py:123} INFO - ::group::Pre task execution logs
[2026-06-25T17:11:24.679+0000] {taskinstance.py:2612} INFO - Dependencies all met for dep_context=non-requeueable deps ti=<TaskInstance: extract_raw_data_pipeline.extract_raw_data scheduled__2026-06-25T07:58:00+00:00 [queued]>
[2026-06-25T17:11:24.684+0000] {taskinstance.py:2612} INFO - Dependencies all met for dep_context=requeueable deps ti=<TaskInstance: extract_raw_data_pipeline.extract_raw_data scheduled__2026-06-25T07:58:00+00:00 [queued]>
[2026-06-25T17:11:24.685+0000] {taskinstance.py:2865} INFO - Starting attempt 1 of 1
[2026-06-25T17:11:24.698+0000] {taskinstance.py:2888} INFO - Executing <Task(PythonOperator): extract_raw_data> on 2026-06-25 07:58:00+00:00
[2026-06-25T17:11:24.702+0000] {warnings.py:112} WARNING - /home/***/.local/lib/python3.12/site-packages/***/task/task_runner/standard_task_runner.py:70: DeprecationWarning: This process (pid=81) is multi-threaded, use of fork() may lead to deadlocks in the child.
  pid = os.fork()

[2026-06-25T17:11:24.703+0000] {standard_task_runner.py:104} INFO - Running: ['***', 'tasks', 'run', 'extract_raw_data_pipeline', 'extract_raw_data', 'scheduled__2026-06-25T07:58:00+00:00', '--job-id', '401', '--raw', '--subdir', 'DAGS_FOLDER/driven_data_pipeline.py', '--cfg-path', '/tmp/tmpv3aszz55']
[2026-06-25T17:11:24.704+0000] {standard_task_runner.py:72} INFO - Started process 89 to run task
[2026-06-25T17:11:24.704+0000] {standard_task_runner.py:105} INFO - Job 401: Subtask extract_raw_data
[2026-06-25T17:11:24.748+0000] {task_command.py:467} INFO - Running <TaskInstance: extract_raw_data_pipeline.extract_raw_data scheduled__2026-06-25T07:58:00+00:00 [running]> on host f478a03fba5a
[2026-06-25T17:11:24.804+0000] {taskinstance.py:3131} INFO - Exporting env vars: AIRFLOW_CTX_DAG_OWNER='***' AIRFLOW_CTX_DAG_ID='extract_raw_data_pipeline' AIRFLOW_CTX_TASK_ID='extract_raw_data' AIRFLOW_CTX_EXECUTION_DATE='2026-06-25T07:58:00+00:00' AIRFLOW_CTX_TRY_NUMBER='1' AIRFLOW_CTX_DAG_RUN_ID='scheduled__2026-06-25T07:58:00+00:00'
[2026-06-25T17:11:24.804+0000] {taskinstance.py:731} INFO - ::endgroup::
[2026-06-25T17:11:24.819+0000] {driven_data_pipeline.py:158} INFO - Started batch processing for 2026-06-25.
[2026-06-25T17:11:24.820+0000] {driven_data_pipeline.py:27} INFO - Created synthetic data for MX country code.
[2026-06-25T17:11:24.861+0000] {driven_data_pipeline.py:113} INFO - Written 5 records to the CSV file.
[2026-06-25T17:11:24.921+0000] {driven_data_pipeline.py:128} INFO - Added UUID to the dataset.
[2026-06-25T17:11:24.941+0000] {driven_data_pipeline.py:151} INFO - Updated accessed timestamp.
[2026-06-25T17:11:24.941+0000] {driven_data_pipeline.py:173} INFO - Finished batch processing 2026-06-25.
[2026-06-25T17:11:24.942+0000] {python.py:240} INFO - Done. Returned value was: None
[2026-06-25T17:11:24.948+0000] {taskinstance.py:340} INFO - ::group::Post task execution logs
[2026-06-25T17:11:24.949+0000] {taskinstance.py:352} INFO - Marking task as SUCCESS. dag_id=extract_raw_data_pipeline, task_id=extract_raw_data, run_id=scheduled__2026-06-25T07:58:00+00:00, execution_date=20260625T075800, start_date=20260625T171124, end_date=20260625T171124
[2026-06-25T17:11:24.999+0000] {local_task_job_runner.py:266} INFO - Task exited with return code 0
[2026-06-25T17:11:25.014+0000] {taskinstance.py:3900} INFO - 1 downstream tasks scheduled from follow-on schedule check
[2026-06-25T17:11:25.018+0000] {local_task_job_runner.py:245} INFO - ::endgroup::
