[2026-06-17T03:16:29.200+0000] {local_task_job_runner.py:123} INFO - ::group::Pre task execution logs
[2026-06-17T03:16:29.212+0000] {taskinstance.py:2612} INFO - Dependencies all met for dep_context=non-requeueable deps ti=<TaskInstance: extract_raw_data_pipeline.extract_raw_data manual__2026-06-17T03:16:28.192083+00:00 [queued]>
[2026-06-17T03:16:29.217+0000] {taskinstance.py:2612} INFO - Dependencies all met for dep_context=requeueable deps ti=<TaskInstance: extract_raw_data_pipeline.extract_raw_data manual__2026-06-17T03:16:28.192083+00:00 [queued]>
[2026-06-17T03:16:29.217+0000] {taskinstance.py:2865} INFO - Starting attempt 1 of 1
[2026-06-17T03:16:29.226+0000] {taskinstance.py:2888} INFO - Executing <Task(PythonOperator): extract_raw_data> on 2026-06-17 03:16:28.192083+00:00
[2026-06-17T03:16:29.231+0000] {warnings.py:112} WARNING - /home/***/.local/lib/python3.12/site-packages/***/task/task_runner/standard_task_runner.py:70: DeprecationWarning: This process (pid=1038) is multi-threaded, use of fork() may lead to deadlocks in the child.
  pid = os.fork()

[2026-06-17T03:16:29.231+0000] {standard_task_runner.py:104} INFO - Running: ['***', 'tasks', 'run', 'extract_raw_data_pipeline', 'extract_raw_data', 'manual__2026-06-17T03:16:28.192083+00:00', '--job-id', '35', '--raw', '--subdir', 'DAGS_FOLDER/batch_generator.py', '--cfg-path', '/tmp/tmpq07ss_na']
[2026-06-17T03:16:29.234+0000] {standard_task_runner.py:72} INFO - Started process 1042 to run task
[2026-06-17T03:16:29.234+0000] {standard_task_runner.py:105} INFO - Job 35: Subtask extract_raw_data
[2026-06-17T03:16:29.283+0000] {task_command.py:467} INFO - Running <TaskInstance: extract_raw_data_pipeline.extract_raw_data manual__2026-06-17T03:16:28.192083+00:00 [running]> on host db7b7e86288a
[2026-06-17T03:16:29.327+0000] {taskinstance.py:3131} INFO - Exporting env vars: AIRFLOW_CTX_DAG_OWNER='***' AIRFLOW_CTX_DAG_ID='extract_raw_data_pipeline' AIRFLOW_CTX_TASK_ID='extract_raw_data' AIRFLOW_CTX_EXECUTION_DATE='2026-06-17T03:16:28.192083+00:00' AIRFLOW_CTX_TRY_NUMBER='1' AIRFLOW_CTX_DAG_RUN_ID='manual__2026-06-17T03:16:28.192083+00:00'
[2026-06-17T03:16:29.328+0000] {taskinstance.py:731} INFO - ::endgroup::
[2026-06-17T03:16:29.344+0000] {batch_generator.py:158} INFO - Started batch processing for 2026-06-17.
[2026-06-17T03:16:29.344+0000] {batch_generator.py:27} INFO - Created synthetic data for MX country code.
[2026-06-17T03:16:29.430+0000] {batch_generator.py:113} INFO - Written 391 records to the CSV file.
[2026-06-17T03:16:29.507+0000] {batch_generator.py:128} INFO - Added UUID to the dataset.
[2026-06-17T03:16:29.533+0000] {batch_generator.py:151} INFO - Updated accessed timestamp.
[2026-06-17T03:16:29.534+0000] {batch_generator.py:173} INFO - Finished batch processing 2026-06-17.
[2026-06-17T03:16:29.534+0000] {python.py:240} INFO - Done. Returned value was: None
[2026-06-17T03:16:29.540+0000] {taskinstance.py:340} INFO - ::group::Post task execution logs
[2026-06-17T03:16:29.541+0000] {taskinstance.py:352} INFO - Marking task as SUCCESS. dag_id=extract_raw_data_pipeline, task_id=extract_raw_data, run_id=manual__2026-06-17T03:16:28.192083+00:00, execution_date=20260617T031628, start_date=20260617T031629, end_date=20260617T031629
[2026-06-17T03:16:29.569+0000] {local_task_job_runner.py:266} INFO - Task exited with return code 0
[2026-06-17T03:16:29.584+0000] {taskinstance.py:3900} INFO - 1 downstream tasks scheduled from follow-on schedule check
[2026-06-17T03:16:29.588+0000] {local_task_job_runner.py:245} INFO - ::endgroup::
