[2026-06-25T01:27:29.639+0000] {local_task_job_runner.py:123} INFO - ::group::Pre task execution logs
[2026-06-25T01:27:29.654+0000] {taskinstance.py:2612} INFO - Dependencies all met for dep_context=non-requeueable deps ti=<TaskInstance: extract_raw_data_pipeline.run_dbt_trusted scheduled__2026-06-24T07:58:00+00:00 [queued]>
[2026-06-25T01:27:29.660+0000] {taskinstance.py:2612} INFO - Dependencies all met for dep_context=requeueable deps ti=<TaskInstance: extract_raw_data_pipeline.run_dbt_trusted scheduled__2026-06-24T07:58:00+00:00 [queued]>
[2026-06-25T01:27:29.661+0000] {taskinstance.py:2865} INFO - Starting attempt 2 of 2
[2026-06-25T01:27:29.673+0000] {taskinstance.py:2888} INFO - Executing <Task(BashOperator): run_dbt_trusted> on 2026-06-24 07:58:00+00:00
[2026-06-25T01:27:29.679+0000] {warnings.py:112} WARNING - /home/***/.local/lib/python3.12/site-packages/***/task/task_runner/standard_task_runner.py:70: DeprecationWarning: This process (pid=35485) is multi-threaded, use of fork() may lead to deadlocks in the child.
  pid = os.fork()

[2026-06-25T01:27:29.680+0000] {standard_task_runner.py:104} INFO - Running: ['***', 'tasks', 'run', 'extract_raw_data_pipeline', 'run_dbt_trusted', 'scheduled__2026-06-24T07:58:00+00:00', '--job-id', '398', '--raw', '--subdir', 'DAGS_FOLDER/driven_data_pipeline.py', '--cfg-path', '/tmp/tmp4s50moq7']
[2026-06-25T01:27:29.681+0000] {standard_task_runner.py:72} INFO - Started process 35487 to run task
[2026-06-25T01:27:29.682+0000] {standard_task_runner.py:105} INFO - Job 398: Subtask run_dbt_trusted
[2026-06-25T01:27:29.748+0000] {task_command.py:467} INFO - Running <TaskInstance: extract_raw_data_pipeline.run_dbt_trusted scheduled__2026-06-24T07:58:00+00:00 [running]> on host f478a03fba5a
[2026-06-25T01:27:29.804+0000] {taskinstance.py:3131} INFO - Exporting env vars: AIRFLOW_CTX_DAG_OWNER='***' AIRFLOW_CTX_DAG_ID='extract_raw_data_pipeline' AIRFLOW_CTX_TASK_ID='run_dbt_trusted' AIRFLOW_CTX_EXECUTION_DATE='2026-06-24T07:58:00+00:00' AIRFLOW_CTX_TRY_NUMBER='2' AIRFLOW_CTX_DAG_RUN_ID='scheduled__2026-06-24T07:58:00+00:00'
[2026-06-25T01:27:29.805+0000] {taskinstance.py:731} INFO - ::endgroup::
[2026-06-25T01:27:29.821+0000] {subprocess.py:63} INFO - Tmp dir root location: /tmp
[2026-06-25T01:27:29.822+0000] {subprocess.py:75} INFO - Running command: ['/usr/bin/bash', '-c', 'set -x; cd /opt/***/dbt && dbt run --select tag:trusted']
[2026-06-25T01:27:29.828+0000] {subprocess.py:86} INFO - Output:
[2026-06-25T01:27:29.829+0000] {subprocess.py:93} INFO - + cd /opt/***/dbt
[2026-06-25T01:27:29.830+0000] {subprocess.py:93} INFO - + dbt run --select tag:trusted
[2026-06-25T01:27:31.007+0000] {subprocess.py:93} INFO - [0m01:27:31  Running with dbt=1.8.0
[2026-06-25T01:27:31.180+0000] {subprocess.py:93} INFO - [0m01:27:31  Registered adapter: postgres=1.8.2
[2026-06-25T01:27:31.528+0000] {subprocess.py:93} INFO - [0m01:27:31  Found 9 models, 10 sources, 428 macros
[2026-06-25T01:27:31.530+0000] {subprocess.py:93} INFO - [0m01:27:31
[2026-06-25T01:27:31.602+0000] {subprocess.py:93} INFO - [0m01:27:31  Concurrency: 1 threads (target='dev')
[2026-06-25T01:27:31.603+0000] {subprocess.py:93} INFO - [0m01:27:31
[2026-06-25T01:27:31.610+0000] {subprocess.py:93} INFO - [0m01:27:31  1 of 4 START sql table model driven_trusted.non_pii_data ....................... [RUN]
[2026-06-25T01:27:31.854+0000] {subprocess.py:93} INFO - [0m01:27:31  1 of 4 OK created sql table model driven_trusted.non_pii_data .................. [[32mSELECT 41166[0m in 0.24s]
[2026-06-25T01:27:31.856+0000] {subprocess.py:93} INFO - [0m01:27:31  2 of 4 START sql table model driven_trusted.payment_data ....................... [RUN]
[2026-06-25T01:27:31.930+0000] {subprocess.py:93} INFO - [0m01:27:31  2 of 4 OK created sql table model driven_trusted.payment_data .................. [[32mSELECT 34278[0m in 0.07s]
[2026-06-25T01:27:31.931+0000] {subprocess.py:93} INFO - [0m01:27:31  3 of 4 START sql table model driven_trusted.pii_data ........................... [RUN]
[2026-06-25T01:27:32.116+0000] {subprocess.py:93} INFO - [0m01:27:32  3 of 4 OK created sql table model driven_trusted.pii_data ...................... [[32mSELECT 41166[0m in 0.18s]
[2026-06-25T01:27:32.119+0000] {subprocess.py:93} INFO - [0m01:27:32  4 of 4 START sql table model driven_trusted.technical_data ..................... [RUN]
[2026-06-25T01:27:32.214+0000] {subprocess.py:93} INFO - [0m01:27:32  4 of 4 OK created sql table model driven_trusted.technical_data ................ [[32mSELECT 34278[0m in 0.09s]
[2026-06-25T01:27:32.223+0000] {subprocess.py:93} INFO - [0m01:27:32
[2026-06-25T01:27:32.224+0000] {subprocess.py:93} INFO - [0m01:27:32  Finished running 4 table models in 0 hours 0 minutes and 0.69 seconds (0.69s).
[2026-06-25T01:27:32.269+0000] {subprocess.py:93} INFO - [0m01:27:32
[2026-06-25T01:27:32.270+0000] {subprocess.py:93} INFO - [0m01:27:32  [32mCompleted successfully[0m
[2026-06-25T01:27:32.271+0000] {subprocess.py:93} INFO - [0m01:27:32
[2026-06-25T01:27:32.271+0000] {subprocess.py:93} INFO - [0m01:27:32  Done. PASS=4 WARN=0 ERROR=0 SKIP=0 TOTAL=4
[2026-06-25T01:27:32.753+0000] {subprocess.py:97} INFO - Command exited with return code 0
[2026-06-25T01:27:32.773+0000] {taskinstance.py:340} INFO - ::group::Post task execution logs
[2026-06-25T01:27:32.773+0000] {taskinstance.py:352} INFO - Marking task as SUCCESS. dag_id=extract_raw_data_pipeline, task_id=run_dbt_trusted, run_id=scheduled__2026-06-24T07:58:00+00:00, execution_date=20260624T075800, start_date=20260625T012729, end_date=20260625T012732
[2026-06-25T01:27:32.790+0000] {local_task_job_runner.py:266} INFO - Task exited with return code 0
[2026-06-25T01:27:32.800+0000] {taskinstance.py:3900} INFO - 0 downstream tasks scheduled from follow-on schedule check
[2026-06-25T01:27:32.806+0000] {local_task_job_runner.py:245} INFO - ::endgroup::
