[2026-06-24T07:14:04.660+0000] {local_task_job_runner.py:123} INFO - ::group::Pre task execution logs
[2026-06-24T07:14:04.668+0000] {taskinstance.py:2612} INFO - Dependencies all met for dep_context=non-requeueable deps ti=<TaskInstance: extract_raw_data_pipeline.run_dbt_staging scheduled__2026-06-24T07:13:00+00:00 [queued]>
[2026-06-24T07:14:04.673+0000] {taskinstance.py:2612} INFO - Dependencies all met for dep_context=requeueable deps ti=<TaskInstance: extract_raw_data_pipeline.run_dbt_staging scheduled__2026-06-24T07:13:00+00:00 [queued]>
[2026-06-24T07:14:04.674+0000] {taskinstance.py:2865} INFO - Starting attempt 1 of 1
[2026-06-24T07:14:04.682+0000] {taskinstance.py:2888} INFO - Executing <Task(BashOperator): run_dbt_staging> on 2026-06-24 07:13:00+00:00
[2026-06-24T07:14:04.687+0000] {standard_task_runner.py:104} INFO - Running: ['***', 'tasks', 'run', 'extract_raw_data_pipeline', 'run_dbt_staging', 'scheduled__2026-06-24T07:13:00+00:00', '--job-id', '126', '--raw', '--subdir', 'DAGS_FOLDER/driven_data_pipeline.py', '--cfg-path', '/tmp/tmpd3n7otzg']
[2026-06-24T07:14:04.686+0000] {warnings.py:112} WARNING - /home/***/.local/lib/python3.12/site-packages/***/task/task_runner/standard_task_runner.py:70: DeprecationWarning: This process (pid=17379) is multi-threaded, use of fork() may lead to deadlocks in the child.
  pid = os.fork()

[2026-06-24T07:14:04.688+0000] {standard_task_runner.py:105} INFO - Job 126: Subtask run_dbt_staging
[2026-06-24T07:14:04.688+0000] {standard_task_runner.py:72} INFO - Started process 17381 to run task
[2026-06-24T07:14:04.737+0000] {task_command.py:467} INFO - Running <TaskInstance: extract_raw_data_pipeline.run_dbt_staging scheduled__2026-06-24T07:13:00+00:00 [running]> on host f478a03fba5a
[2026-06-24T07:14:04.786+0000] {taskinstance.py:3131} INFO - Exporting env vars: AIRFLOW_CTX_DAG_OWNER='***' AIRFLOW_CTX_DAG_ID='extract_raw_data_pipeline' AIRFLOW_CTX_TASK_ID='run_dbt_staging' AIRFLOW_CTX_EXECUTION_DATE='2026-06-24T07:13:00+00:00' AIRFLOW_CTX_TRY_NUMBER='1' AIRFLOW_CTX_DAG_RUN_ID='scheduled__2026-06-24T07:13:00+00:00'
[2026-06-24T07:14:04.786+0000] {taskinstance.py:731} INFO - ::endgroup::
[2026-06-24T07:14:04.793+0000] {subprocess.py:63} INFO - Tmp dir root location: /tmp
[2026-06-24T07:14:04.794+0000] {subprocess.py:75} INFO - Running command: ['/usr/bin/bash', '-c', 'set -x; cd /opt/***/dbt && dbt run --select tag:staging']
[2026-06-24T07:14:04.800+0000] {subprocess.py:86} INFO - Output:
[2026-06-24T07:14:04.801+0000] {subprocess.py:93} INFO - + cd /opt/***/dbt
[2026-06-24T07:14:04.802+0000] {subprocess.py:93} INFO - + dbt run --select tag:staging
[2026-06-24T07:14:05.866+0000] {subprocess.py:93} INFO - [0m07:14:05  Running with dbt=1.8.0
[2026-06-24T07:14:06.042+0000] {subprocess.py:93} INFO - [0m07:14:06  Registered adapter: postgres=1.8.2
[2026-06-24T07:14:06.479+0000] {subprocess.py:93} INFO - [0m07:14:06  Found 9 models, 10 sources, 428 macros
[2026-06-24T07:14:06.481+0000] {subprocess.py:93} INFO - [0m07:14:06
[2026-06-24T07:14:06.553+0000] {subprocess.py:93} INFO - [0m07:14:06  Concurrency: 1 threads (target='dev')
[2026-06-24T07:14:06.553+0000] {subprocess.py:93} INFO - [0m07:14:06
[2026-06-24T07:14:06.559+0000] {subprocess.py:93} INFO - [0m07:14:06  1 of 5 START sql table model driven_staging.dim_address ........................ [RUN]
[2026-06-24T07:14:06.653+0000] {subprocess.py:93} INFO - [0m07:14:06  1 of 5 OK created sql table model driven_staging.dim_address ................... [[32mSELECT 11383[0m in 0.09s]
[2026-06-24T07:14:06.655+0000] {subprocess.py:93} INFO - [0m07:14:06  2 of 5 START sql table model driven_staging.dim_date ........................... [RUN]
[2026-06-24T07:14:06.697+0000] {subprocess.py:93} INFO - [0m07:14:06  2 of 5 OK created sql table model driven_staging.dim_date ...................... [[32mSELECT 11383[0m in 0.04s]
[2026-06-24T07:14:06.698+0000] {subprocess.py:93} INFO - [0m07:14:06  3 of 5 START sql table model driven_staging.dim_finance ........................ [RUN]
[2026-06-24T07:14:06.740+0000] {subprocess.py:93} INFO - [0m07:14:06  3 of 5 OK created sql table model driven_staging.dim_finance ................... [[32mSELECT 11383[0m in 0.04s]
[2026-06-24T07:14:06.741+0000] {subprocess.py:93} INFO - [0m07:14:06  4 of 5 START sql table model driven_staging.dim_person ......................... [RUN]
[2026-06-24T07:14:06.826+0000] {subprocess.py:93} INFO - [0m07:14:06  4 of 5 OK created sql table model driven_staging.dim_person .................... [[32mSELECT 11383[0m in 0.08s]
[2026-06-24T07:14:06.829+0000] {subprocess.py:93} INFO - [0m07:14:06  5 of 5 START sql table model driven_staging.fact_network_usage ................. [RUN]
[2026-06-24T07:14:06.872+0000] {subprocess.py:93} INFO - [0m07:14:06  5 of 5 OK created sql table model driven_staging.fact_network_usage ............ [[32mSELECT 11383[0m in 0.04s]
[2026-06-24T07:14:06.879+0000] {subprocess.py:93} INFO - [0m07:14:06
[2026-06-24T07:14:06.880+0000] {subprocess.py:93} INFO - [0m07:14:06  Finished running 5 table models in 0 hours 0 minutes and 0.40 seconds (0.40s).
[2026-06-24T07:14:06.908+0000] {subprocess.py:93} INFO - [0m07:14:06
[2026-06-24T07:14:06.909+0000] {subprocess.py:93} INFO - [0m07:14:06  [32mCompleted successfully[0m
[2026-06-24T07:14:06.909+0000] {subprocess.py:93} INFO - [0m07:14:06
[2026-06-24T07:14:06.910+0000] {subprocess.py:93} INFO - [0m07:14:06  Done. PASS=5 WARN=0 ERROR=0 SKIP=0 TOTAL=5
[2026-06-24T07:14:07.325+0000] {subprocess.py:97} INFO - Command exited with return code 0
[2026-06-24T07:14:07.341+0000] {taskinstance.py:340} INFO - ::group::Post task execution logs
[2026-06-24T07:14:07.342+0000] {taskinstance.py:352} INFO - Marking task as SUCCESS. dag_id=extract_raw_data_pipeline, task_id=run_dbt_staging, run_id=scheduled__2026-06-24T07:13:00+00:00, execution_date=20260624T071300, start_date=20260624T071404, end_date=20260624T071407
[2026-06-24T07:14:07.354+0000] {local_task_job_runner.py:266} INFO - Task exited with return code 0
[2026-06-24T07:14:07.364+0000] {taskinstance.py:3900} INFO - 1 downstream tasks scheduled from follow-on schedule check
[2026-06-24T07:14:07.371+0000] {local_task_job_runner.py:245} INFO - ::endgroup::
