[2026-06-24T07:27:07.303+0000] {local_task_job_runner.py:123} INFO - ::group::Pre task execution logs
[2026-06-24T07:27:07.312+0000] {taskinstance.py:2612} INFO - Dependencies all met for dep_context=non-requeueable deps ti=<TaskInstance: extract_raw_data_pipeline.run_dbt_trusted scheduled__2026-06-24T07:26:00+00:00 [queued]>
[2026-06-24T07:27:07.316+0000] {taskinstance.py:2612} INFO - Dependencies all met for dep_context=requeueable deps ti=<TaskInstance: extract_raw_data_pipeline.run_dbt_trusted scheduled__2026-06-24T07:26:00+00:00 [queued]>
[2026-06-24T07:27:07.317+0000] {taskinstance.py:2865} INFO - Starting attempt 1 of 1
[2026-06-24T07:27:07.325+0000] {taskinstance.py:2888} INFO - Executing <Task(BashOperator): run_dbt_trusted> on 2026-06-24 07:26:00+00:00
[2026-06-24T07:27:07.329+0000] {warnings.py:112} WARNING - /home/***/.local/lib/python3.12/site-packages/***/task/task_runner/standard_task_runner.py:70: DeprecationWarning: This process (pid=18558) is multi-threaded, use of fork() may lead to deadlocks in the child.
  pid = os.fork()

[2026-06-24T07:27:07.330+0000] {standard_task_runner.py:104} INFO - Running: ['***', 'tasks', 'run', 'extract_raw_data_pipeline', 'run_dbt_trusted', 'scheduled__2026-06-24T07:26:00+00:00', '--job-id', '205', '--raw', '--subdir', 'DAGS_FOLDER/driven_data_pipeline.py', '--cfg-path', '/tmp/tmpi9tu3v9_']
[2026-06-24T07:27:07.332+0000] {standard_task_runner.py:72} INFO - Started process 18560 to run task
[2026-06-24T07:27:07.332+0000] {standard_task_runner.py:105} INFO - Job 205: Subtask run_dbt_trusted
[2026-06-24T07:27:07.376+0000] {task_command.py:467} INFO - Running <TaskInstance: extract_raw_data_pipeline.run_dbt_trusted scheduled__2026-06-24T07:26:00+00:00 [running]> on host f478a03fba5a
[2026-06-24T07:27:07.418+0000] {taskinstance.py:3131} INFO - Exporting env vars: AIRFLOW_CTX_DAG_OWNER='***' AIRFLOW_CTX_DAG_ID='extract_raw_data_pipeline' AIRFLOW_CTX_TASK_ID='run_dbt_trusted' AIRFLOW_CTX_EXECUTION_DATE='2026-06-24T07:26:00+00:00' AIRFLOW_CTX_TRY_NUMBER='1' AIRFLOW_CTX_DAG_RUN_ID='scheduled__2026-06-24T07:26:00+00:00'
[2026-06-24T07:27:07.419+0000] {taskinstance.py:731} INFO - ::endgroup::
[2026-06-24T07:27:07.426+0000] {subprocess.py:63} INFO - Tmp dir root location: /tmp
[2026-06-24T07:27:07.427+0000] {subprocess.py:75} INFO - Running command: ['/usr/bin/bash', '-c', 'set -x; cd /opt/***/dbt && dbt run --select tag:trusted']
[2026-06-24T07:27:07.432+0000] {subprocess.py:86} INFO - Output:
[2026-06-24T07:27:07.434+0000] {subprocess.py:93} INFO - + cd /opt/***/dbt
[2026-06-24T07:27:07.434+0000] {subprocess.py:93} INFO - + dbt run --select tag:trusted
[2026-06-24T07:27:08.453+0000] {subprocess.py:93} INFO - [0m07:27:08  Running with dbt=1.8.0
[2026-06-24T07:27:08.589+0000] {subprocess.py:93} INFO - [0m07:27:08  Registered adapter: postgres=1.8.2
[2026-06-24T07:27:08.915+0000] {subprocess.py:93} INFO - [0m07:27:08  Found 9 models, 10 sources, 428 macros
[2026-06-24T07:27:08.918+0000] {subprocess.py:93} INFO - [0m07:27:08
[2026-06-24T07:27:08.980+0000] {subprocess.py:93} INFO - [0m07:27:08  Concurrency: 1 threads (target='dev')
[2026-06-24T07:27:08.980+0000] {subprocess.py:93} INFO - [0m07:27:08
[2026-06-24T07:27:08.986+0000] {subprocess.py:93} INFO - [0m07:27:08  1 of 4 START sql table model driven_trusted.non_pii_data ....................... [RUN]
[2026-06-24T07:27:09.412+0000] {subprocess.py:93} INFO - [0m07:27:09  1 of 4 OK created sql table model driven_trusted.non_pii_data .................. [[32mSELECT 24893[0m in 0.42s]
[2026-06-24T07:27:09.414+0000] {subprocess.py:93} INFO - [0m07:27:09  2 of 4 START sql table model driven_trusted.payment_data ....................... [RUN]
[2026-06-24T07:27:09.487+0000] {subprocess.py:93} INFO - [0m07:27:09  2 of 4 OK created sql table model driven_trusted.payment_data .................. [[32mSELECT 18005[0m in 0.07s]
[2026-06-24T07:27:09.489+0000] {subprocess.py:93} INFO - [0m07:27:09  3 of 4 START sql table model driven_trusted.pii_data ........................... [RUN]
[2026-06-24T07:27:09.891+0000] {subprocess.py:93} INFO - [0m07:27:09  3 of 4 OK created sql table model driven_trusted.pii_data ...................... [[32mSELECT 24893[0m in 0.40s]
[2026-06-24T07:27:09.893+0000] {subprocess.py:93} INFO - [0m07:27:09  4 of 4 START sql table model driven_trusted.technical_data ..................... [RUN]
[2026-06-24T07:27:09.982+0000] {subprocess.py:93} INFO - [0m07:27:09  4 of 4 OK created sql table model driven_trusted.technical_data ................ [[32mSELECT 18005[0m in 0.09s]
[2026-06-24T07:27:09.993+0000] {subprocess.py:93} INFO - [0m07:27:09
[2026-06-24T07:27:09.993+0000] {subprocess.py:93} INFO - [0m07:27:09  Finished running 4 table models in 0 hours 0 minutes and 1.07 seconds (1.07s).
[2026-06-24T07:27:10.038+0000] {subprocess.py:93} INFO - [0m07:27:10
[2026-06-24T07:27:10.038+0000] {subprocess.py:93} INFO - [0m07:27:10  [32mCompleted successfully[0m
[2026-06-24T07:27:10.039+0000] {subprocess.py:93} INFO - [0m07:27:10
[2026-06-24T07:27:10.039+0000] {subprocess.py:93} INFO - [0m07:27:10  Done. PASS=4 WARN=0 ERROR=0 SKIP=0 TOTAL=4
[2026-06-24T07:27:10.434+0000] {subprocess.py:97} INFO - Command exited with return code 0
[2026-06-24T07:27:10.453+0000] {taskinstance.py:340} INFO - ::group::Post task execution logs
[2026-06-24T07:27:10.453+0000] {taskinstance.py:352} INFO - Marking task as SUCCESS. dag_id=extract_raw_data_pipeline, task_id=run_dbt_trusted, run_id=scheduled__2026-06-24T07:26:00+00:00, execution_date=20260624T072600, start_date=20260624T072707, end_date=20260624T072710
[2026-06-24T07:27:10.478+0000] {local_task_job_runner.py:266} INFO - Task exited with return code 0
[2026-06-24T07:27:10.501+0000] {taskinstance.py:3900} INFO - 0 downstream tasks scheduled from follow-on schedule check
[2026-06-24T07:27:10.505+0000] {local_task_job_runner.py:245} INFO - ::endgroup::
