[2026-06-17T02:50:51.786+0000] {local_task_job_runner.py:123} INFO - ::group::Pre task execution logs
[2026-06-17T02:50:51.795+0000] {taskinstance.py:2612} INFO - Dependencies all met for dep_context=non-requeueable deps ti=<TaskInstance: extract_raw_data_pipeline.create_raw_schema manual__2026-06-17T02:41:34.981575+00:00 [queued]>
[2026-06-17T02:50:51.800+0000] {taskinstance.py:2612} INFO - Dependencies all met for dep_context=requeueable deps ti=<TaskInstance: extract_raw_data_pipeline.create_raw_schema manual__2026-06-17T02:41:34.981575+00:00 [queued]>
[2026-06-17T02:50:51.801+0000] {taskinstance.py:2865} INFO - Starting attempt 2 of 2
[2026-06-17T02:50:51.809+0000] {taskinstance.py:2888} INFO - Executing <Task(SQLExecuteQueryOperator): create_raw_schema> on 2026-06-17 02:41:34.981575+00:00
[2026-06-17T02:50:51.814+0000] {warnings.py:112} WARNING - /home/***/.local/lib/python3.12/site-packages/***/task/task_runner/standard_task_runner.py:70: DeprecationWarning: This process (pid=587) is multi-threaded, use of fork() may lead to deadlocks in the child.
  pid = os.fork()

[2026-06-17T02:50:51.815+0000] {standard_task_runner.py:72} INFO - Started process 589 to run task
[2026-06-17T02:50:51.816+0000] {standard_task_runner.py:104} INFO - Running: ['***', 'tasks', 'run', 'extract_raw_data_pipeline', 'create_raw_schema', 'manual__2026-06-17T02:41:34.981575+00:00', '--job-id', '18', '--raw', '--subdir', 'DAGS_FOLDER/batch_generator.py', '--cfg-path', '/tmp/tmpjhxqq3ov']
[2026-06-17T02:50:51.816+0000] {standard_task_runner.py:105} INFO - Job 18: Subtask create_raw_schema
[2026-06-17T02:50:51.862+0000] {task_command.py:467} INFO - Running <TaskInstance: extract_raw_data_pipeline.create_raw_schema manual__2026-06-17T02:41:34.981575+00:00 [running]> on host db7b7e86288a
[2026-06-17T02:50:51.904+0000] {taskinstance.py:3131} INFO - Exporting env vars: AIRFLOW_CTX_DAG_OWNER='***' AIRFLOW_CTX_DAG_ID='extract_raw_data_pipeline' AIRFLOW_CTX_TASK_ID='create_raw_schema' AIRFLOW_CTX_EXECUTION_DATE='2026-06-17T02:41:34.981575+00:00' AIRFLOW_CTX_TRY_NUMBER='2' AIRFLOW_CTX_DAG_RUN_ID='manual__2026-06-17T02:41:34.981575+00:00'
[2026-06-17T02:50:51.905+0000] {taskinstance.py:731} INFO - ::endgroup::
[2026-06-17T02:50:51.912+0000] {sql.py:266} INFO - Executing: CREATE SCHEMA IF NOT EXISTS driven_raw;
[2026-06-17T02:50:51.918+0000] {base.py:84} INFO - Retrieving connection 'postgres_conn'
[2026-06-17T02:50:51.926+0000] {base.py:84} INFO - Retrieving connection 'postgres_conn'
[2026-06-17T02:50:51.929+0000] {sql.py:509} INFO - Running statement: CREATE SCHEMA IF NOT EXISTS driven_raw;, parameters: None
[2026-06-17T02:50:51.935+0000] {taskinstance.py:340} INFO - ::group::Post task execution logs
[2026-06-17T02:50:51.935+0000] {taskinstance.py:352} INFO - Marking task as SUCCESS. dag_id=extract_raw_data_pipeline, task_id=create_raw_schema, run_id=manual__2026-06-17T02:41:34.981575+00:00, execution_date=20260617T024134, start_date=20260617T025051, end_date=20260617T025051
[2026-06-17T02:50:51.949+0000] {local_task_job_runner.py:266} INFO - Task exited with return code 0
[2026-06-17T02:50:51.969+0000] {taskinstance.py:3900} INFO - 1 downstream tasks scheduled from follow-on schedule check
[2026-06-17T02:50:51.974+0000] {local_task_job_runner.py:245} INFO - ::endgroup::
