[2026-06-17T18:41:33.140+0000] {local_task_job_runner.py:123} INFO - ::group::Pre task execution logs
[2026-06-17T18:41:33.157+0000] {taskinstance.py:2612} INFO - Dependencies all met for dep_context=non-requeueable deps ti=<TaskInstance: extract_raw_data_pipeline.extract_raw_data scheduled__2026-06-17T07:58:00+00:00 [queued]>
[2026-06-17T18:41:33.178+0000] {taskinstance.py:2612} INFO - Dependencies all met for dep_context=requeueable deps ti=<TaskInstance: extract_raw_data_pipeline.extract_raw_data scheduled__2026-06-17T07:58:00+00:00 [queued]>
[2026-06-17T18:41:33.181+0000] {taskinstance.py:2865} INFO - Starting attempt 1 of 1
[2026-06-17T18:41:33.190+0000] {taskinstance.py:2888} INFO - Executing <Task(PythonOperator): extract_raw_data> on 2026-06-17 07:58:00+00:00
[2026-06-17T18:41:33.264+0000] {warnings.py:112} WARNING - /home/***/.local/lib/python3.12/site-packages/***/task/task_runner/standard_task_runner.py:70: DeprecationWarning: This process (pid=87) is multi-threaded, use of fork() may lead to deadlocks in the child.
  pid = os.fork()

[2026-06-17T18:41:33.264+0000] {standard_task_runner.py:104} INFO - Running: ['***', 'tasks', 'run', 'extract_raw_data_pipeline', 'extract_raw_data', 'scheduled__2026-06-17T07:58:00+00:00', '--job-id', '72', '--raw', '--subdir', 'DAGS_FOLDER/batch_generator.py', '--cfg-path', '/tmp/tmp72n09tl3']
[2026-06-17T18:41:33.297+0000] {standard_task_runner.py:72} INFO - Started process 90 to run task
[2026-06-17T18:41:33.298+0000] {standard_task_runner.py:105} INFO - Job 72: Subtask extract_raw_data
[2026-06-17T18:41:33.351+0000] {task_command.py:467} INFO - Running <TaskInstance: extract_raw_data_pipeline.extract_raw_data scheduled__2026-06-17T07:58:00+00:00 [running]> on host db7b7e86288a
[2026-06-17T18:41:33.398+0000] {taskinstance.py:3131} INFO - Exporting env vars: AIRFLOW_CTX_DAG_OWNER='***' AIRFLOW_CTX_DAG_ID='extract_raw_data_pipeline' AIRFLOW_CTX_TASK_ID='extract_raw_data' AIRFLOW_CTX_EXECUTION_DATE='2026-06-17T07:58:00+00:00' AIRFLOW_CTX_TRY_NUMBER='1' AIRFLOW_CTX_DAG_RUN_ID='scheduled__2026-06-17T07:58:00+00:00'
[2026-06-17T18:41:33.458+0000] {taskinstance.py:731} INFO - ::endgroup::
[2026-06-17T18:41:33.483+0000] {batch_generator.py:158} INFO - Started batch processing for 2026-06-17.
[2026-06-17T18:41:33.497+0000] {batch_generator.py:27} INFO - Created synthetic data for MX country code.
[2026-06-17T18:41:33.715+0000] {batch_generator.py:113} INFO - Written 122 records to the CSV file.
[2026-06-17T18:41:33.954+0000] {batch_generator.py:128} INFO - Added UUID to the dataset.
[2026-06-17T18:41:34.010+0000] {batch_generator.py:151} INFO - Updated accessed timestamp.
[2026-06-17T18:41:34.011+0000] {batch_generator.py:173} INFO - Finished batch processing 2026-06-17.
[2026-06-17T18:41:34.011+0000] {python.py:240} INFO - Done. Returned value was: None
[2026-06-17T18:41:34.018+0000] {taskinstance.py:340} INFO - ::group::Post task execution logs
[2026-06-17T18:41:34.020+0000] {taskinstance.py:352} INFO - Marking task as SUCCESS. dag_id=extract_raw_data_pipeline, task_id=extract_raw_data, run_id=scheduled__2026-06-17T07:58:00+00:00, execution_date=20260617T075800, start_date=20260617T184133, end_date=20260617T184134
[2026-06-17T18:41:34.115+0000] {local_task_job_runner.py:266} INFO - Task exited with return code 0
[2026-06-17T18:41:34.138+0000] {taskinstance.py:3900} INFO - 1 downstream tasks scheduled from follow-on schedule check
[2026-06-17T18:41:34.143+0000] {local_task_job_runner.py:245} INFO - ::endgroup::
[2026-06-18T01:10:59.617+0000] {local_task_job_runner.py:123} INFO - ::group::Pre task execution logs
[2026-06-18T01:10:59.627+0000] {taskinstance.py:2612} INFO - Dependencies all met for dep_context=non-requeueable deps ti=<TaskInstance: extract_raw_data_pipeline.extract_raw_data scheduled__2026-06-17T07:58:00+00:00 [queued]>
[2026-06-18T01:10:59.632+0000] {taskinstance.py:2612} INFO - Dependencies all met for dep_context=requeueable deps ti=<TaskInstance: extract_raw_data_pipeline.extract_raw_data scheduled__2026-06-17T07:58:00+00:00 [queued]>
[2026-06-18T01:10:59.633+0000] {taskinstance.py:2865} INFO - Starting attempt 1 of 1
[2026-06-18T01:10:59.645+0000] {taskinstance.py:2888} INFO - Executing <Task(PythonOperator): extract_raw_data> on 2026-06-17 07:58:00+00:00
[2026-06-18T01:10:59.649+0000] {warnings.py:112} WARNING - /home/***/.local/lib/python3.12/site-packages/***/task/task_runner/standard_task_runner.py:70: DeprecationWarning: This process (pid=256) is multi-threaded, use of fork() may lead to deadlocks in the child.
  pid = os.fork()

[2026-06-18T01:10:59.650+0000] {standard_task_runner.py:72} INFO - Started process 260 to run task
[2026-06-18T01:10:59.650+0000] {standard_task_runner.py:104} INFO - Running: ['***', 'tasks', 'run', 'extract_raw_data_pipeline', 'extract_raw_data', 'scheduled__2026-06-17T07:58:00+00:00', '--job-id', '3', '--raw', '--subdir', 'DAGS_FOLDER/batch_generator.py', '--cfg-path', '/tmp/tmpmn_t8nmq']
[2026-06-18T01:10:59.651+0000] {standard_task_runner.py:105} INFO - Job 3: Subtask extract_raw_data
[2026-06-18T01:10:59.701+0000] {task_command.py:467} INFO - Running <TaskInstance: extract_raw_data_pipeline.extract_raw_data scheduled__2026-06-17T07:58:00+00:00 [running]> on host cf58eae6330b
[2026-06-18T01:10:59.755+0000] {taskinstance.py:3131} INFO - Exporting env vars: AIRFLOW_CTX_DAG_OWNER='***' AIRFLOW_CTX_DAG_ID='extract_raw_data_pipeline' AIRFLOW_CTX_TASK_ID='extract_raw_data' AIRFLOW_CTX_EXECUTION_DATE='2026-06-17T07:58:00+00:00' AIRFLOW_CTX_TRY_NUMBER='1' AIRFLOW_CTX_DAG_RUN_ID='scheduled__2026-06-17T07:58:00+00:00'
[2026-06-18T01:10:59.756+0000] {taskinstance.py:731} INFO - ::endgroup::
[2026-06-18T01:10:59.782+0000] {batch_generator.py:158} INFO - Started batch processing for 2026-06-18.
[2026-06-18T01:10:59.782+0000] {batch_generator.py:27} INFO - Created synthetic data for MX country code.
[2026-06-18T01:10:59.857+0000] {batch_generator.py:113} INFO - Written 213 records to the CSV file.
[2026-06-18T01:10:59.932+0000] {batch_generator.py:128} INFO - Added UUID to the dataset.
[2026-06-18T01:10:59.957+0000] {batch_generator.py:151} INFO - Updated accessed timestamp.
[2026-06-18T01:10:59.958+0000] {batch_generator.py:173} INFO - Finished batch processing 2026-06-18.
[2026-06-18T01:10:59.958+0000] {python.py:240} INFO - Done. Returned value was: None
[2026-06-18T01:10:59.965+0000] {taskinstance.py:340} INFO - ::group::Post task execution logs
[2026-06-18T01:10:59.965+0000] {taskinstance.py:352} INFO - Marking task as SUCCESS. dag_id=extract_raw_data_pipeline, task_id=extract_raw_data, run_id=scheduled__2026-06-17T07:58:00+00:00, execution_date=20260617T075800, start_date=20260618T011059, end_date=20260618T011059
[2026-06-18T01:10:59.985+0000] {local_task_job_runner.py:266} INFO - Task exited with return code 0
[2026-06-18T01:11:00.000+0000] {taskinstance.py:3900} INFO - 0 downstream tasks scheduled from follow-on schedule check
[2026-06-18T01:11:00.005+0000] {local_task_job_runner.py:245} INFO - ::endgroup::
[2026-06-18T01:19:06.081+0000] {local_task_job_runner.py:123} INFO - ::group::Pre task execution logs
[2026-06-18T01:19:06.091+0000] {taskinstance.py:2612} INFO - Dependencies all met for dep_context=non-requeueable deps ti=<TaskInstance: extract_raw_data_pipeline.extract_raw_data scheduled__2026-06-17T07:58:00+00:00 [queued]>
[2026-06-18T01:19:06.095+0000] {taskinstance.py:2612} INFO - Dependencies all met for dep_context=requeueable deps ti=<TaskInstance: extract_raw_data_pipeline.extract_raw_data scheduled__2026-06-17T07:58:00+00:00 [queued]>
[2026-06-18T01:19:06.095+0000] {taskinstance.py:2865} INFO - Starting attempt 1 of 1
[2026-06-18T01:19:06.107+0000] {taskinstance.py:2888} INFO - Executing <Task(PythonOperator): extract_raw_data> on 2026-06-17 07:58:00+00:00
[2026-06-18T01:19:06.111+0000] {warnings.py:112} WARNING - /home/***/.local/lib/python3.12/site-packages/***/task/task_runner/standard_task_runner.py:70: DeprecationWarning: This process (pid=136) is multi-threaded, use of fork() may lead to deadlocks in the child.
  pid = os.fork()

[2026-06-18T01:19:06.112+0000] {standard_task_runner.py:72} INFO - Started process 141 to run task
[2026-06-18T01:19:06.112+0000] {standard_task_runner.py:104} INFO - Running: ['***', 'tasks', 'run', 'extract_raw_data_pipeline', 'extract_raw_data', 'scheduled__2026-06-17T07:58:00+00:00', '--job-id', '4', '--raw', '--subdir', 'DAGS_FOLDER/batch_generator.py', '--cfg-path', '/tmp/tmp7v8n4xy8']
[2026-06-18T01:19:06.113+0000] {standard_task_runner.py:105} INFO - Job 4: Subtask extract_raw_data
[2026-06-18T01:19:06.158+0000] {task_command.py:467} INFO - Running <TaskInstance: extract_raw_data_pipeline.extract_raw_data scheduled__2026-06-17T07:58:00+00:00 [running]> on host f478a03fba5a
[2026-06-18T01:19:06.203+0000] {taskinstance.py:3131} INFO - Exporting env vars: AIRFLOW_CTX_DAG_OWNER='***' AIRFLOW_CTX_DAG_ID='extract_raw_data_pipeline' AIRFLOW_CTX_TASK_ID='extract_raw_data' AIRFLOW_CTX_EXECUTION_DATE='2026-06-17T07:58:00+00:00' AIRFLOW_CTX_TRY_NUMBER='1' AIRFLOW_CTX_DAG_RUN_ID='scheduled__2026-06-17T07:58:00+00:00'
[2026-06-18T01:19:06.204+0000] {taskinstance.py:731} INFO - ::endgroup::
[2026-06-18T01:19:06.226+0000] {batch_generator.py:158} INFO - Started batch processing for 2026-06-18.
[2026-06-18T01:19:06.226+0000] {batch_generator.py:27} INFO - Created synthetic data for MX country code.
[2026-06-18T01:19:06.288+0000] {batch_generator.py:113} INFO - Written 246 records to the CSV file.
[2026-06-18T01:19:06.354+0000] {batch_generator.py:128} INFO - Added UUID to the dataset.
[2026-06-18T01:19:06.378+0000] {batch_generator.py:151} INFO - Updated accessed timestamp.
[2026-06-18T01:19:06.379+0000] {batch_generator.py:173} INFO - Finished batch processing 2026-06-18.
[2026-06-18T01:19:06.380+0000] {python.py:240} INFO - Done. Returned value was: None
[2026-06-18T01:19:06.385+0000] {taskinstance.py:340} INFO - ::group::Post task execution logs
[2026-06-18T01:19:06.386+0000] {taskinstance.py:352} INFO - Marking task as SUCCESS. dag_id=extract_raw_data_pipeline, task_id=extract_raw_data, run_id=scheduled__2026-06-17T07:58:00+00:00, execution_date=20260617T075800, start_date=20260618T011906, end_date=20260618T011906
[2026-06-18T01:19:06.407+0000] {local_task_job_runner.py:266} INFO - Task exited with return code 0
[2026-06-18T01:19:06.422+0000] {taskinstance.py:3900} INFO - 1 downstream tasks scheduled from follow-on schedule check
[2026-06-18T01:19:06.425+0000] {local_task_job_runner.py:245} INFO - ::endgroup::
