[2026-06-18T03:42:44.107+0000] {local_task_job_runner.py:123} INFO - ::group::Pre task execution logs
[2026-06-18T03:42:44.117+0000] {taskinstance.py:2612} INFO - Dependencies all met for dep_context=non-requeueable deps ti=<TaskInstance: extract_raw_data_pipeline.extract_raw_data scheduled__2026-06-17T07:58:00+00:00 [queued]>
[2026-06-18T03:42:44.121+0000] {taskinstance.py:2612} INFO - Dependencies all met for dep_context=requeueable deps ti=<TaskInstance: extract_raw_data_pipeline.extract_raw_data scheduled__2026-06-17T07:58:00+00:00 [queued]>
[2026-06-18T03:42:44.122+0000] {taskinstance.py:2865} INFO - Starting attempt 3 of 3
[2026-06-18T03:42:44.132+0000] {taskinstance.py:2888} INFO - Executing <Task(PythonOperator): extract_raw_data> on 2026-06-17 07:58:00+00:00
[2026-06-18T03:42:44.136+0000] {warnings.py:112} WARNING - /home/***/.local/lib/python3.12/site-packages/***/task/task_runner/standard_task_runner.py:70: DeprecationWarning: This process (pid=2645) is multi-threaded, use of fork() may lead to deadlocks in the child.
  pid = os.fork()

[2026-06-18T03:42:44.137+0000] {standard_task_runner.py:104} INFO - Running: ['***', 'tasks', 'run', 'extract_raw_data_pipeline', 'extract_raw_data', 'scheduled__2026-06-17T07:58:00+00:00', '--job-id', '21', '--raw', '--subdir', 'DAGS_FOLDER/driven_data_pipeline.py', '--cfg-path', '/tmp/tmp64pe7wlb']
[2026-06-18T03:42:44.138+0000] {standard_task_runner.py:72} INFO - Started process 2647 to run task
[2026-06-18T03:42:44.138+0000] {standard_task_runner.py:105} INFO - Job 21: Subtask extract_raw_data
[2026-06-18T03:42:44.216+0000] {task_command.py:467} INFO - Running <TaskInstance: extract_raw_data_pipeline.extract_raw_data scheduled__2026-06-17T07:58:00+00:00 [running]> on host f478a03fba5a
[2026-06-18T03:42:44.264+0000] {taskinstance.py:3131} INFO - Exporting env vars: AIRFLOW_CTX_DAG_OWNER='***' AIRFLOW_CTX_DAG_ID='extract_raw_data_pipeline' AIRFLOW_CTX_TASK_ID='extract_raw_data' AIRFLOW_CTX_EXECUTION_DATE='2026-06-17T07:58:00+00:00' AIRFLOW_CTX_TRY_NUMBER='3' AIRFLOW_CTX_DAG_RUN_ID='scheduled__2026-06-17T07:58:00+00:00'
[2026-06-18T03:42:44.265+0000] {taskinstance.py:731} INFO - ::endgroup::
[2026-06-18T03:42:44.278+0000] {driven_data_pipeline.py:158} INFO - Started batch processing for 2026-06-18.
[2026-06-18T03:42:44.279+0000] {driven_data_pipeline.py:27} INFO - Created synthetic data for MX country code.
[2026-06-18T03:42:44.464+0000] {driven_data_pipeline.py:113} INFO - Written 949 records to the CSV file.
[2026-06-18T03:42:44.522+0000] {driven_data_pipeline.py:128} INFO - Added UUID to the dataset.
[2026-06-18T03:42:44.548+0000] {driven_data_pipeline.py:151} INFO - Updated accessed timestamp.
[2026-06-18T03:42:44.549+0000] {driven_data_pipeline.py:173} INFO - Finished batch processing 2026-06-18.
[2026-06-18T03:42:44.549+0000] {python.py:240} INFO - Done. Returned value was: None
[2026-06-18T03:42:44.556+0000] {taskinstance.py:340} INFO - ::group::Post task execution logs
[2026-06-18T03:42:44.556+0000] {taskinstance.py:352} INFO - Marking task as SUCCESS. dag_id=extract_raw_data_pipeline, task_id=extract_raw_data, run_id=scheduled__2026-06-17T07:58:00+00:00, execution_date=20260617T075800, start_date=20260618T034244, end_date=20260618T034244
[2026-06-18T03:42:44.594+0000] {local_task_job_runner.py:266} INFO - Task exited with return code 0
[2026-06-18T03:42:44.609+0000] {taskinstance.py:3900} INFO - 1 downstream tasks scheduled from follow-on schedule check
[2026-06-18T03:42:44.612+0000] {local_task_job_runner.py:245} INFO - ::endgroup::
