[2026-06-24T07:12:07.812+0000] {local_task_job_runner.py:123} INFO - ::group::Pre task execution logs
[2026-06-24T07:12:07.820+0000] {taskinstance.py:2612} INFO - Dependencies all met for dep_context=non-requeueable deps ti=<TaskInstance: extract_raw_data_pipeline.run_dbt_trusted scheduled__2026-06-24T07:11:00+00:00 [queued]>
[2026-06-24T07:12:07.824+0000] {taskinstance.py:2612} INFO - Dependencies all met for dep_context=requeueable deps ti=<TaskInstance: extract_raw_data_pipeline.run_dbt_trusted scheduled__2026-06-24T07:11:00+00:00 [queued]>
[2026-06-24T07:12:07.824+0000] {taskinstance.py:2865} INFO - Starting attempt 1 of 1
[2026-06-24T07:12:07.833+0000] {taskinstance.py:2888} INFO - Executing <Task(BashOperator): run_dbt_trusted> on 2026-06-24 07:11:00+00:00
[2026-06-24T07:12:07.837+0000] {warnings.py:112} WARNING - /home/***/.local/lib/python3.12/site-packages/***/task/task_runner/standard_task_runner.py:70: DeprecationWarning: This process (pid=17213) is multi-threaded, use of fork() may lead to deadlocks in the child.
  pid = os.fork()

[2026-06-24T07:12:07.838+0000] {standard_task_runner.py:72} INFO - Started process 17215 to run task
[2026-06-24T07:12:07.838+0000] {standard_task_runner.py:104} INFO - Running: ['***', 'tasks', 'run', 'extract_raw_data_pipeline', 'run_dbt_trusted', 'scheduled__2026-06-24T07:11:00+00:00', '--job-id', '115', '--raw', '--subdir', 'DAGS_FOLDER/driven_data_pipeline.py', '--cfg-path', '/tmp/tmpl_dntvdx']
[2026-06-24T07:12:07.839+0000] {standard_task_runner.py:105} INFO - Job 115: Subtask run_dbt_trusted
[2026-06-24T07:12:07.885+0000] {task_command.py:467} INFO - Running <TaskInstance: extract_raw_data_pipeline.run_dbt_trusted scheduled__2026-06-24T07:11:00+00:00 [running]> on host f478a03fba5a
[2026-06-24T07:12:07.926+0000] {taskinstance.py:3131} INFO - Exporting env vars: AIRFLOW_CTX_DAG_OWNER='***' AIRFLOW_CTX_DAG_ID='extract_raw_data_pipeline' AIRFLOW_CTX_TASK_ID='run_dbt_trusted' AIRFLOW_CTX_EXECUTION_DATE='2026-06-24T07:11:00+00:00' AIRFLOW_CTX_TRY_NUMBER='1' AIRFLOW_CTX_DAG_RUN_ID='scheduled__2026-06-24T07:11:00+00:00'
[2026-06-24T07:12:07.927+0000] {taskinstance.py:731} INFO - ::endgroup::
[2026-06-24T07:12:07.934+0000] {subprocess.py:63} INFO - Tmp dir root location: /tmp
[2026-06-24T07:12:07.935+0000] {subprocess.py:75} INFO - Running command: ['/usr/bin/bash', '-c', 'set -x; cd /opt/***/dbt && dbt run --select tag:trusted']
[2026-06-24T07:12:07.940+0000] {subprocess.py:86} INFO - Output:
[2026-06-24T07:12:07.941+0000] {subprocess.py:93} INFO - + cd /opt/***/dbt
[2026-06-24T07:12:07.941+0000] {subprocess.py:93} INFO - + dbt run --select tag:trusted
[2026-06-24T07:12:08.980+0000] {subprocess.py:93} INFO - [0m07:12:08  Running with dbt=1.8.0
[2026-06-24T07:12:09.117+0000] {subprocess.py:93} INFO - [0m07:12:09  Registered adapter: postgres=1.8.2
[2026-06-24T07:12:09.430+0000] {subprocess.py:93} INFO - [0m07:12:09  Found 9 models, 10 sources, 428 macros
[2026-06-24T07:12:09.451+0000] {subprocess.py:93} INFO - [0m07:12:09
[2026-06-24T07:12:09.525+0000] {subprocess.py:93} INFO - [0m07:12:09  Concurrency: 1 threads (target='dev')
[2026-06-24T07:12:09.525+0000] {subprocess.py:93} INFO - [0m07:12:09
[2026-06-24T07:12:09.531+0000] {subprocess.py:93} INFO - [0m07:12:09  1 of 4 START sql table model driven_trusted.non_pii_data ....................... [RUN]
[2026-06-24T07:12:09.910+0000] {subprocess.py:93} INFO - [0m07:12:09  1 of 4 OK created sql table model driven_trusted.non_pii_data .................. [[32mSELECT 17595[0m in 0.38s]
[2026-06-24T07:12:09.912+0000] {subprocess.py:93} INFO - [0m07:12:09  2 of 4 START sql table model driven_trusted.payment_data ....................... [RUN]
[2026-06-24T07:12:09.971+0000] {subprocess.py:93} INFO - [0m07:12:09  2 of 4 OK created sql table model driven_trusted.payment_data .................. [[32mSELECT 10707[0m in 0.06s]
[2026-06-24T07:12:09.973+0000] {subprocess.py:93} INFO - [0m07:12:09  3 of 4 START sql table model driven_trusted.pii_data ........................... [RUN]
[2026-06-24T07:12:10.118+0000] {subprocess.py:93} INFO - [0m07:12:10  3 of 4 OK created sql table model driven_trusted.pii_data ...................... [[32mSELECT 17595[0m in 0.14s]
[2026-06-24T07:12:10.120+0000] {subprocess.py:93} INFO - [0m07:12:10  4 of 4 START sql table model driven_trusted.technical_data ..................... [RUN]
[2026-06-24T07:12:10.198+0000] {subprocess.py:93} INFO - [0m07:12:10  4 of 4 OK created sql table model driven_trusted.technical_data ................ [[32mSELECT 10707[0m in 0.08s]
[2026-06-24T07:12:10.206+0000] {subprocess.py:93} INFO - [0m07:12:10
[2026-06-24T07:12:10.207+0000] {subprocess.py:93} INFO - [0m07:12:10  Finished running 4 table models in 0 hours 0 minutes and 0.75 seconds (0.75s).
[2026-06-24T07:12:10.245+0000] {subprocess.py:93} INFO - [0m07:12:10
[2026-06-24T07:12:10.247+0000] {subprocess.py:93} INFO - [0m07:12:10  [32mCompleted successfully[0m
[2026-06-24T07:12:10.249+0000] {subprocess.py:93} INFO - [0m07:12:10
[2026-06-24T07:12:10.251+0000] {subprocess.py:93} INFO - [0m07:12:10  Done. PASS=4 WARN=0 ERROR=0 SKIP=0 TOTAL=4
[2026-06-24T07:12:10.650+0000] {subprocess.py:97} INFO - Command exited with return code 0
[2026-06-24T07:12:10.666+0000] {taskinstance.py:340} INFO - ::group::Post task execution logs
[2026-06-24T07:12:10.666+0000] {taskinstance.py:352} INFO - Marking task as SUCCESS. dag_id=extract_raw_data_pipeline, task_id=run_dbt_trusted, run_id=scheduled__2026-06-24T07:11:00+00:00, execution_date=20260624T071100, start_date=20260624T071207, end_date=20260624T071210
[2026-06-24T07:12:10.706+0000] {local_task_job_runner.py:266} INFO - Task exited with return code 0
[2026-06-24T07:12:10.715+0000] {taskinstance.py:3900} INFO - 0 downstream tasks scheduled from follow-on schedule check
[2026-06-24T07:12:10.718+0000] {local_task_job_runner.py:245} INFO - ::endgroup::
