[2026-06-24T07:32:06.739+0000] {local_task_job_runner.py:123} INFO - ::group::Pre task execution logs
[2026-06-24T07:32:06.748+0000] {taskinstance.py:2612} INFO - Dependencies all met for dep_context=non-requeueable deps ti=<TaskInstance: extract_raw_data_pipeline.run_dbt_trusted scheduled__2026-06-24T07:31:00+00:00 [queued]>
[2026-06-24T07:32:06.753+0000] {taskinstance.py:2612} INFO - Dependencies all met for dep_context=requeueable deps ti=<TaskInstance: extract_raw_data_pipeline.run_dbt_trusted scheduled__2026-06-24T07:31:00+00:00 [queued]>
[2026-06-24T07:32:06.753+0000] {taskinstance.py:2865} INFO - Starting attempt 1 of 1
[2026-06-24T07:32:06.762+0000] {taskinstance.py:2888} INFO - Executing <Task(BashOperator): run_dbt_trusted> on 2026-06-24 07:31:00+00:00
[2026-06-24T07:32:06.766+0000] {warnings.py:112} WARNING - /home/***/.local/lib/python3.12/site-packages/***/task/task_runner/standard_task_runner.py:70: DeprecationWarning: This process (pid=19008) is multi-threaded, use of fork() may lead to deadlocks in the child.
  pid = os.fork()

[2026-06-24T07:32:06.767+0000] {standard_task_runner.py:104} INFO - Running: ['***', 'tasks', 'run', 'extract_raw_data_pipeline', 'run_dbt_trusted', 'scheduled__2026-06-24T07:31:00+00:00', '--job-id', '235', '--raw', '--subdir', 'DAGS_FOLDER/driven_data_pipeline.py', '--cfg-path', '/tmp/tmpb5ivs1xd']
[2026-06-24T07:32:06.767+0000] {standard_task_runner.py:72} INFO - Started process 19010 to run task
[2026-06-24T07:32:06.767+0000] {standard_task_runner.py:105} INFO - Job 235: Subtask run_dbt_trusted
[2026-06-24T07:32:06.815+0000] {task_command.py:467} INFO - Running <TaskInstance: extract_raw_data_pipeline.run_dbt_trusted scheduled__2026-06-24T07:31:00+00:00 [running]> on host f478a03fba5a
[2026-06-24T07:32:06.860+0000] {taskinstance.py:3131} INFO - Exporting env vars: AIRFLOW_CTX_DAG_OWNER='***' AIRFLOW_CTX_DAG_ID='extract_raw_data_pipeline' AIRFLOW_CTX_TASK_ID='run_dbt_trusted' AIRFLOW_CTX_EXECUTION_DATE='2026-06-24T07:31:00+00:00' AIRFLOW_CTX_TRY_NUMBER='1' AIRFLOW_CTX_DAG_RUN_ID='scheduled__2026-06-24T07:31:00+00:00'
[2026-06-24T07:32:06.860+0000] {taskinstance.py:731} INFO - ::endgroup::
[2026-06-24T07:32:06.868+0000] {subprocess.py:63} INFO - Tmp dir root location: /tmp
[2026-06-24T07:32:06.869+0000] {subprocess.py:75} INFO - Running command: ['/usr/bin/bash', '-c', 'set -x; cd /opt/***/dbt && dbt run --select tag:trusted']
[2026-06-24T07:32:06.874+0000] {subprocess.py:86} INFO - Output:
[2026-06-24T07:32:06.875+0000] {subprocess.py:93} INFO - + cd /opt/***/dbt
[2026-06-24T07:32:06.876+0000] {subprocess.py:93} INFO - + dbt run --select tag:trusted
[2026-06-24T07:32:07.895+0000] {subprocess.py:93} INFO - [0m07:32:07  Running with dbt=1.8.0
[2026-06-24T07:32:08.032+0000] {subprocess.py:93} INFO - [0m07:32:08  Registered adapter: postgres=1.8.2
[2026-06-24T07:32:08.326+0000] {subprocess.py:93} INFO - [0m07:32:08  Found 9 models, 10 sources, 428 macros
[2026-06-24T07:32:08.344+0000] {subprocess.py:93} INFO - [0m07:32:08
[2026-06-24T07:32:08.420+0000] {subprocess.py:93} INFO - [0m07:32:08  Concurrency: 1 threads (target='dev')
[2026-06-24T07:32:08.420+0000] {subprocess.py:93} INFO - [0m07:32:08
[2026-06-24T07:32:08.426+0000] {subprocess.py:93} INFO - [0m07:32:08  1 of 4 START sql table model driven_trusted.non_pii_data ....................... [RUN]
[2026-06-24T07:32:08.869+0000] {subprocess.py:93} INFO - [0m07:32:08  1 of 4 OK created sql table model driven_trusted.non_pii_data .................. [[32mSELECT 27112[0m in 0.44s]
[2026-06-24T07:32:08.870+0000] {subprocess.py:93} INFO - [0m07:32:08  2 of 4 START sql table model driven_trusted.payment_data ....................... [RUN]
[2026-06-24T07:32:08.947+0000] {subprocess.py:93} INFO - [0m07:32:08  2 of 4 OK created sql table model driven_trusted.payment_data .................. [[32mSELECT 20224[0m in 0.08s]
[2026-06-24T07:32:08.949+0000] {subprocess.py:93} INFO - [0m07:32:08  3 of 4 START sql table model driven_trusted.pii_data ........................... [RUN]
[2026-06-24T07:32:09.361+0000] {subprocess.py:93} INFO - [0m07:32:09  3 of 4 OK created sql table model driven_trusted.pii_data ...................... [[32mSELECT 27112[0m in 0.41s]
[2026-06-24T07:32:09.363+0000] {subprocess.py:93} INFO - [0m07:32:09  4 of 4 START sql table model driven_trusted.technical_data ..................... [RUN]
[2026-06-24T07:32:09.464+0000] {subprocess.py:93} INFO - [0m07:32:09  4 of 4 OK created sql table model driven_trusted.technical_data ................ [[32mSELECT 20224[0m in 0.10s]
[2026-06-24T07:32:09.472+0000] {subprocess.py:93} INFO - [0m07:32:09
[2026-06-24T07:32:09.473+0000] {subprocess.py:93} INFO - [0m07:32:09  Finished running 4 table models in 0 hours 0 minutes and 1.13 seconds (1.13s).
[2026-06-24T07:32:09.524+0000] {subprocess.py:93} INFO - [0m07:32:09
[2026-06-24T07:32:09.539+0000] {subprocess.py:93} INFO - [0m07:32:09  [32mCompleted successfully[0m
[2026-06-24T07:32:09.542+0000] {subprocess.py:93} INFO - [0m07:32:09
[2026-06-24T07:32:09.543+0000] {subprocess.py:93} INFO - [0m07:32:09  Done. PASS=4 WARN=0 ERROR=0 SKIP=0 TOTAL=4
[2026-06-24T07:32:09.963+0000] {subprocess.py:97} INFO - Command exited with return code 0
[2026-06-24T07:32:09.980+0000] {taskinstance.py:340} INFO - ::group::Post task execution logs
[2026-06-24T07:32:09.980+0000] {taskinstance.py:352} INFO - Marking task as SUCCESS. dag_id=extract_raw_data_pipeline, task_id=run_dbt_trusted, run_id=scheduled__2026-06-24T07:31:00+00:00, execution_date=20260624T073100, start_date=20260624T073206, end_date=20260624T073209
[2026-06-24T07:32:10.032+0000] {local_task_job_runner.py:266} INFO - Task exited with return code 0
[2026-06-24T07:32:10.053+0000] {taskinstance.py:3900} INFO - 0 downstream tasks scheduled from follow-on schedule check
[2026-06-24T07:32:10.058+0000] {local_task_job_runner.py:245} INFO - ::endgroup::
