[2026-06-24T07:45:04.248+0000] {local_task_job_runner.py:123} INFO - ::group::Pre task execution logs
[2026-06-24T07:45:04.257+0000] {taskinstance.py:2612} INFO - Dependencies all met for dep_context=non-requeueable deps ti=<TaskInstance: extract_raw_data_pipeline.run_dbt_staging scheduled__2026-06-24T07:44:00+00:00 [queued]>
[2026-06-24T07:45:04.261+0000] {taskinstance.py:2612} INFO - Dependencies all met for dep_context=requeueable deps ti=<TaskInstance: extract_raw_data_pipeline.run_dbt_staging scheduled__2026-06-24T07:44:00+00:00 [queued]>
[2026-06-24T07:45:04.262+0000] {taskinstance.py:2865} INFO - Starting attempt 1 of 1
[2026-06-24T07:45:04.270+0000] {taskinstance.py:2888} INFO - Executing <Task(BashOperator): run_dbt_staging> on 2026-06-24 07:44:00+00:00
[2026-06-24T07:45:04.274+0000] {warnings.py:112} WARNING - /home/***/.local/lib/python3.12/site-packages/***/task/task_runner/standard_task_runner.py:70: DeprecationWarning: This process (pid=20148) is multi-threaded, use of fork() may lead to deadlocks in the child.
  pid = os.fork()

[2026-06-24T07:45:04.275+0000] {standard_task_runner.py:104} INFO - Running: ['***', 'tasks', 'run', 'extract_raw_data_pipeline', 'run_dbt_staging', 'scheduled__2026-06-24T07:44:00+00:00', '--job-id', '312', '--raw', '--subdir', 'DAGS_FOLDER/driven_data_pipeline.py', '--cfg-path', '/tmp/tmp171kby60']
[2026-06-24T07:45:04.275+0000] {standard_task_runner.py:72} INFO - Started process 20150 to run task
[2026-06-24T07:45:04.275+0000] {standard_task_runner.py:105} INFO - Job 312: Subtask run_dbt_staging
[2026-06-24T07:45:04.325+0000] {task_command.py:467} INFO - Running <TaskInstance: extract_raw_data_pipeline.run_dbt_staging scheduled__2026-06-24T07:44:00+00:00 [running]> on host f478a03fba5a
[2026-06-24T07:45:04.367+0000] {taskinstance.py:3131} INFO - Exporting env vars: AIRFLOW_CTX_DAG_OWNER='***' AIRFLOW_CTX_DAG_ID='extract_raw_data_pipeline' AIRFLOW_CTX_TASK_ID='run_dbt_staging' AIRFLOW_CTX_EXECUTION_DATE='2026-06-24T07:44:00+00:00' AIRFLOW_CTX_TRY_NUMBER='1' AIRFLOW_CTX_DAG_RUN_ID='scheduled__2026-06-24T07:44:00+00:00'
[2026-06-24T07:45:04.368+0000] {taskinstance.py:731} INFO - ::endgroup::
[2026-06-24T07:45:04.375+0000] {subprocess.py:63} INFO - Tmp dir root location: /tmp
[2026-06-24T07:45:04.375+0000] {subprocess.py:75} INFO - Running command: ['/usr/bin/bash', '-c', 'set -x; cd /opt/***/dbt && dbt run --select tag:staging']
[2026-06-24T07:45:04.381+0000] {subprocess.py:86} INFO - Output:
[2026-06-24T07:45:04.382+0000] {subprocess.py:93} INFO - + cd /opt/***/dbt
[2026-06-24T07:45:04.382+0000] {subprocess.py:93} INFO - + dbt run --select tag:staging
[2026-06-24T07:45:05.451+0000] {subprocess.py:93} INFO - [0m07:45:05  Running with dbt=1.8.0
[2026-06-24T07:45:05.684+0000] {subprocess.py:93} INFO - [0m07:45:05  Registered adapter: postgres=1.8.2
[2026-06-24T07:45:06.011+0000] {subprocess.py:93} INFO - [0m07:45:06  Found 9 models, 10 sources, 428 macros
[2026-06-24T07:45:06.012+0000] {subprocess.py:93} INFO - [0m07:45:06
[2026-06-24T07:45:06.086+0000] {subprocess.py:93} INFO - [0m07:45:06  Concurrency: 1 threads (target='dev')
[2026-06-24T07:45:06.087+0000] {subprocess.py:93} INFO - [0m07:45:06
[2026-06-24T07:45:06.092+0000] {subprocess.py:93} INFO - [0m07:45:06  1 of 5 START sql table model driven_staging.dim_address ........................ [RUN]
[2026-06-24T07:45:06.202+0000] {subprocess.py:93} INFO - [0m07:45:06  1 of 5 OK created sql table model driven_staging.dim_address ................... [[32mSELECT 27112[0m in 0.11s]
[2026-06-24T07:45:06.203+0000] {subprocess.py:93} INFO - [0m07:45:06  2 of 5 START sql table model driven_staging.dim_date ........................... [RUN]
[2026-06-24T07:45:06.257+0000] {subprocess.py:93} INFO - [0m07:45:06  2 of 5 OK created sql table model driven_staging.dim_date ...................... [[32mSELECT 27112[0m in 0.05s]
[2026-06-24T07:45:06.259+0000] {subprocess.py:93} INFO - [0m07:45:06  3 of 5 START sql table model driven_staging.dim_finance ........................ [RUN]
[2026-06-24T07:45:06.315+0000] {subprocess.py:93} INFO - [0m07:45:06  3 of 5 OK created sql table model driven_staging.dim_finance ................... [[32mSELECT 27112[0m in 0.05s]
[2026-06-24T07:45:06.316+0000] {subprocess.py:93} INFO - [0m07:45:06  4 of 5 START sql table model driven_staging.dim_person ......................... [RUN]
[2026-06-24T07:45:06.392+0000] {subprocess.py:93} INFO - [0m07:45:06  4 of 5 OK created sql table model driven_staging.dim_person .................... [[32mSELECT 27112[0m in 0.07s]
[2026-06-24T07:45:06.404+0000] {subprocess.py:93} INFO - [0m07:45:06  5 of 5 START sql table model driven_staging.fact_network_usage ................. [RUN]
[2026-06-24T07:45:06.464+0000] {subprocess.py:93} INFO - [0m07:45:06  5 of 5 OK created sql table model driven_staging.fact_network_usage ............ [[32mSELECT 27112[0m in 0.06s]
[2026-06-24T07:45:06.474+0000] {subprocess.py:93} INFO - [0m07:45:06
[2026-06-24T07:45:06.474+0000] {subprocess.py:93} INFO - [0m07:45:06  Finished running 5 table models in 0 hours 0 minutes and 0.46 seconds (0.46s).
[2026-06-24T07:45:06.519+0000] {subprocess.py:93} INFO - [0m07:45:06
[2026-06-24T07:45:06.519+0000] {subprocess.py:93} INFO - [0m07:45:06  [32mCompleted successfully[0m
[2026-06-24T07:45:06.520+0000] {subprocess.py:93} INFO - [0m07:45:06
[2026-06-24T07:45:06.521+0000] {subprocess.py:93} INFO - [0m07:45:06  Done. PASS=5 WARN=0 ERROR=0 SKIP=0 TOTAL=5
[2026-06-24T07:45:06.960+0000] {subprocess.py:97} INFO - Command exited with return code 0
[2026-06-24T07:45:06.976+0000] {taskinstance.py:340} INFO - ::group::Post task execution logs
[2026-06-24T07:45:06.976+0000] {taskinstance.py:352} INFO - Marking task as SUCCESS. dag_id=extract_raw_data_pipeline, task_id=run_dbt_staging, run_id=scheduled__2026-06-24T07:44:00+00:00, execution_date=20260624T074400, start_date=20260624T074504, end_date=20260624T074506
[2026-06-24T07:45:07.023+0000] {local_task_job_runner.py:266} INFO - Task exited with return code 0
[2026-06-24T07:45:07.037+0000] {taskinstance.py:3900} INFO - 1 downstream tasks scheduled from follow-on schedule check
[2026-06-24T07:45:07.040+0000] {local_task_job_runner.py:245} INFO - ::endgroup::
