[2026-06-24T07:12:04.703+0000] {local_task_job_runner.py:123} INFO - ::group::Pre task execution logs
[2026-06-24T07:12:04.711+0000] {taskinstance.py:2612} INFO - Dependencies all met for dep_context=non-requeueable deps ti=<TaskInstance: extract_raw_data_pipeline.run_dbt_staging scheduled__2026-06-24T07:11:00+00:00 [queued]>
[2026-06-24T07:12:04.715+0000] {taskinstance.py:2612} INFO - Dependencies all met for dep_context=requeueable deps ti=<TaskInstance: extract_raw_data_pipeline.run_dbt_staging scheduled__2026-06-24T07:11:00+00:00 [queued]>
[2026-06-24T07:12:04.716+0000] {taskinstance.py:2865} INFO - Starting attempt 1 of 1
[2026-06-24T07:12:04.724+0000] {taskinstance.py:2888} INFO - Executing <Task(BashOperator): run_dbt_staging> on 2026-06-24 07:11:00+00:00
[2026-06-24T07:12:04.728+0000] {warnings.py:112} WARNING - /home/***/.local/lib/python3.12/site-packages/***/task/task_runner/standard_task_runner.py:70: DeprecationWarning: This process (pid=17199) is multi-threaded, use of fork() may lead to deadlocks in the child.
  pid = os.fork()

[2026-06-24T07:12:04.729+0000] {standard_task_runner.py:72} INFO - Started process 17201 to run task
[2026-06-24T07:12:04.729+0000] {standard_task_runner.py:104} INFO - Running: ['***', 'tasks', 'run', 'extract_raw_data_pipeline', 'run_dbt_staging', 'scheduled__2026-06-24T07:11:00+00:00', '--job-id', '114', '--raw', '--subdir', 'DAGS_FOLDER/driven_data_pipeline.py', '--cfg-path', '/tmp/tmpmyv894ne']
[2026-06-24T07:12:04.729+0000] {standard_task_runner.py:105} INFO - Job 114: Subtask run_dbt_staging
[2026-06-24T07:12:04.776+0000] {task_command.py:467} INFO - Running <TaskInstance: extract_raw_data_pipeline.run_dbt_staging scheduled__2026-06-24T07:11:00+00:00 [running]> on host f478a03fba5a
[2026-06-24T07:12:04.819+0000] {taskinstance.py:3131} INFO - Exporting env vars: AIRFLOW_CTX_DAG_OWNER='***' AIRFLOW_CTX_DAG_ID='extract_raw_data_pipeline' AIRFLOW_CTX_TASK_ID='run_dbt_staging' AIRFLOW_CTX_EXECUTION_DATE='2026-06-24T07:11:00+00:00' AIRFLOW_CTX_TRY_NUMBER='1' AIRFLOW_CTX_DAG_RUN_ID='scheduled__2026-06-24T07:11:00+00:00'
[2026-06-24T07:12:04.820+0000] {taskinstance.py:731} INFO - ::endgroup::
[2026-06-24T07:12:04.827+0000] {subprocess.py:63} INFO - Tmp dir root location: /tmp
[2026-06-24T07:12:04.828+0000] {subprocess.py:75} INFO - Running command: ['/usr/bin/bash', '-c', 'set -x; cd /opt/***/dbt && dbt run --select tag:staging']
[2026-06-24T07:12:04.833+0000] {subprocess.py:86} INFO - Output:
[2026-06-24T07:12:04.834+0000] {subprocess.py:93} INFO - + cd /opt/***/dbt
[2026-06-24T07:12:04.835+0000] {subprocess.py:93} INFO - + dbt run --select tag:staging
[2026-06-24T07:12:05.879+0000] {subprocess.py:93} INFO - [0m07:12:05  Running with dbt=1.8.0
[2026-06-24T07:12:06.033+0000] {subprocess.py:93} INFO - [0m07:12:06  Registered adapter: postgres=1.8.2
[2026-06-24T07:12:06.454+0000] {subprocess.py:93} INFO - [0m07:12:06  Found 9 models, 10 sources, 428 macros
[2026-06-24T07:12:06.456+0000] {subprocess.py:93} INFO - [0m07:12:06
[2026-06-24T07:12:06.519+0000] {subprocess.py:93} INFO - [0m07:12:06  Concurrency: 1 threads (target='dev')
[2026-06-24T07:12:06.520+0000] {subprocess.py:93} INFO - [0m07:12:06
[2026-06-24T07:12:06.525+0000] {subprocess.py:93} INFO - [0m07:12:06  1 of 5 START sql table model driven_staging.dim_address ........................ [RUN]
[2026-06-24T07:12:06.626+0000] {subprocess.py:93} INFO - [0m07:12:06  1 of 5 OK created sql table model driven_staging.dim_address ................... [[32mSELECT 10215[0m in 0.10s]
[2026-06-24T07:12:06.628+0000] {subprocess.py:93} INFO - [0m07:12:06  2 of 5 START sql table model driven_staging.dim_date ........................... [RUN]
[2026-06-24T07:12:06.669+0000] {subprocess.py:93} INFO - [0m07:12:06  2 of 5 OK created sql table model driven_staging.dim_date ...................... [[32mSELECT 10215[0m in 0.04s]
[2026-06-24T07:12:06.671+0000] {subprocess.py:93} INFO - [0m07:12:06  3 of 5 START sql table model driven_staging.dim_finance ........................ [RUN]
[2026-06-24T07:12:06.729+0000] {subprocess.py:93} INFO - [0m07:12:06  3 of 5 OK created sql table model driven_staging.dim_finance ................... [[32mSELECT 10215[0m in 0.06s]
[2026-06-24T07:12:06.730+0000] {subprocess.py:93} INFO - [0m07:12:06  4 of 5 START sql table model driven_staging.dim_person ......................... [RUN]
[2026-06-24T07:12:06.813+0000] {subprocess.py:93} INFO - [0m07:12:06  4 of 5 OK created sql table model driven_staging.dim_person .................... [[32mSELECT 10215[0m in 0.08s]
[2026-06-24T07:12:06.815+0000] {subprocess.py:93} INFO - [0m07:12:06  5 of 5 START sql table model driven_staging.fact_network_usage ................. [RUN]
[2026-06-24T07:12:06.866+0000] {subprocess.py:93} INFO - [0m07:12:06  5 of 5 OK created sql table model driven_staging.fact_network_usage ............ [[32mSELECT 10215[0m in 0.05s]
[2026-06-24T07:12:06.874+0000] {subprocess.py:93} INFO - [0m07:12:06
[2026-06-24T07:12:06.874+0000] {subprocess.py:93} INFO - [0m07:12:06  Finished running 5 table models in 0 hours 0 minutes and 0.42 seconds (0.42s).
[2026-06-24T07:12:06.901+0000] {subprocess.py:93} INFO - [0m07:12:06
[2026-06-24T07:12:06.902+0000] {subprocess.py:93} INFO - [0m07:12:06  [32mCompleted successfully[0m
[2026-06-24T07:12:06.902+0000] {subprocess.py:93} INFO - [0m07:12:06
[2026-06-24T07:12:06.909+0000] {subprocess.py:93} INFO - [0m07:12:06  Done. PASS=5 WARN=0 ERROR=0 SKIP=0 TOTAL=5
[2026-06-24T07:12:07.336+0000] {subprocess.py:97} INFO - Command exited with return code 0
[2026-06-24T07:12:07.353+0000] {taskinstance.py:340} INFO - ::group::Post task execution logs
[2026-06-24T07:12:07.353+0000] {taskinstance.py:352} INFO - Marking task as SUCCESS. dag_id=extract_raw_data_pipeline, task_id=run_dbt_staging, run_id=scheduled__2026-06-24T07:11:00+00:00, execution_date=20260624T071100, start_date=20260624T071204, end_date=20260624T071207
[2026-06-24T07:12:07.393+0000] {local_task_job_runner.py:266} INFO - Task exited with return code 0
[2026-06-24T07:12:07.409+0000] {taskinstance.py:3900} INFO - 1 downstream tasks scheduled from follow-on schedule check
[2026-06-24T07:12:07.412+0000] {local_task_job_runner.py:245} INFO - ::endgroup::
