[2026-06-25T17:11:28.379+0000] {local_task_job_runner.py:123} INFO - ::group::Pre task execution logs
[2026-06-25T17:11:28.389+0000] {taskinstance.py:2612} INFO - Dependencies all met for dep_context=non-requeueable deps ti=<TaskInstance: extract_raw_data_pipeline.run_dbt_staging scheduled__2026-06-24T07:59:00+00:00 [queued]>
[2026-06-25T17:11:28.394+0000] {taskinstance.py:2612} INFO - Dependencies all met for dep_context=requeueable deps ti=<TaskInstance: extract_raw_data_pipeline.run_dbt_staging scheduled__2026-06-24T07:59:00+00:00 [queued]>
[2026-06-25T17:11:28.395+0000] {taskinstance.py:2865} INFO - Starting attempt 1 of 1
[2026-06-25T17:11:28.406+0000] {taskinstance.py:2888} INFO - Executing <Task(BashOperator): run_dbt_staging> on 2026-06-24 07:59:00+00:00
[2026-06-25T17:11:28.410+0000] {warnings.py:112} WARNING - /home/***/.local/lib/python3.12/site-packages/***/task/task_runner/standard_task_runner.py:70: DeprecationWarning: This process (pid=184) is multi-threaded, use of fork() may lead to deadlocks in the child.
  pid = os.fork()

[2026-06-25T17:11:28.412+0000] {standard_task_runner.py:72} INFO - Started process 187 to run task
[2026-06-25T17:11:28.413+0000] {standard_task_runner.py:104} INFO - Running: ['***', 'tasks', 'run', 'extract_raw_data_pipeline', 'run_dbt_staging', 'scheduled__2026-06-24T07:59:00+00:00', '--job-id', '409', '--raw', '--subdir', 'DAGS_FOLDER/driven_data_pipeline.py', '--cfg-path', '/tmp/tmp9xn5efty']
[2026-06-25T17:11:28.414+0000] {standard_task_runner.py:105} INFO - Job 409: Subtask run_dbt_staging
[2026-06-25T17:11:28.466+0000] {task_command.py:467} INFO - Running <TaskInstance: extract_raw_data_pipeline.run_dbt_staging scheduled__2026-06-24T07:59:00+00:00 [running]> on host f478a03fba5a
[2026-06-25T17:11:28.520+0000] {taskinstance.py:3131} INFO - Exporting env vars: AIRFLOW_CTX_DAG_OWNER='***' AIRFLOW_CTX_DAG_ID='extract_raw_data_pipeline' AIRFLOW_CTX_TASK_ID='run_dbt_staging' AIRFLOW_CTX_EXECUTION_DATE='2026-06-24T07:59:00+00:00' AIRFLOW_CTX_TRY_NUMBER='1' AIRFLOW_CTX_DAG_RUN_ID='scheduled__2026-06-24T07:59:00+00:00'
[2026-06-25T17:11:28.522+0000] {taskinstance.py:731} INFO - ::endgroup::
[2026-06-25T17:11:28.530+0000] {subprocess.py:63} INFO - Tmp dir root location: /tmp
[2026-06-25T17:11:28.531+0000] {subprocess.py:75} INFO - Running command: ['/usr/bin/bash', '-c', 'set -x; cd /opt/***/dbt && dbt run --select tag:staging']
[2026-06-25T17:11:28.538+0000] {subprocess.py:86} INFO - Output:
[2026-06-25T17:11:28.539+0000] {subprocess.py:93} INFO - + cd /opt/***/dbt
[2026-06-25T17:11:28.540+0000] {subprocess.py:93} INFO - + dbt run --select tag:staging
[2026-06-25T17:11:30.231+0000] {subprocess.py:93} INFO - [0m17:11:30  Running with dbt=1.8.0
[2026-06-25T17:11:30.481+0000] {subprocess.py:93} INFO - [0m17:11:30  Registered adapter: postgres=1.8.2
[2026-06-25T17:11:31.382+0000] {subprocess.py:93} INFO - [0m17:11:31  Found 9 models, 10 sources, 428 macros
[2026-06-25T17:11:31.387+0000] {subprocess.py:93} INFO - [0m17:11:31
[2026-06-25T17:11:31.502+0000] {subprocess.py:93} INFO - [0m17:11:31  Concurrency: 1 threads (target='dev')
[2026-06-25T17:11:31.503+0000] {subprocess.py:93} INFO - [0m17:11:31
[2026-06-25T17:11:31.509+0000] {subprocess.py:93} INFO - [0m17:11:31  1 of 5 START sql table model driven_staging.dim_address ........................ [RUN]
[2026-06-25T17:11:31.831+0000] {subprocess.py:93} INFO - [0m17:11:31  1 of 5 ERROR creating sql table model driven_staging.dim_address ............... [[31mERROR[0m in 0.32s]
[2026-06-25T17:11:31.842+0000] {subprocess.py:93} INFO - [0m17:11:31  2 of 5 START sql table model driven_staging.dim_date ........................... [RUN]
[2026-06-25T17:11:32.003+0000] {subprocess.py:93} INFO - [0m17:11:32  2 of 5 OK created sql table model driven_staging.dim_date ...................... [[32mSELECT 33984[0m in 0.16s]
[2026-06-25T17:11:32.007+0000] {subprocess.py:93} INFO - [0m17:11:32  3 of 5 START sql table model driven_staging.dim_finance ........................ [RUN]
[2026-06-25T17:11:32.159+0000] {subprocess.py:93} INFO - [0m17:11:32  3 of 5 OK created sql table model driven_staging.dim_finance ................... [[32mSELECT 33984[0m in 0.15s]
[2026-06-25T17:11:32.161+0000] {subprocess.py:93} INFO - [0m17:11:32  4 of 5 START sql table model driven_staging.dim_person ......................... [RUN]
[2026-06-25T17:11:32.340+0000] {subprocess.py:93} INFO - [0m17:11:32  4 of 5 OK created sql table model driven_staging.dim_person .................... [[32mSELECT 33984[0m in 0.18s]
[2026-06-25T17:11:32.342+0000] {subprocess.py:93} INFO - [0m17:11:32  5 of 5 START sql table model driven_staging.fact_network_usage ................. [RUN]
[2026-06-25T17:11:32.445+0000] {subprocess.py:93} INFO - [0m17:11:32  5 of 5 OK created sql table model driven_staging.fact_network_usage ............ [[32mSELECT 33984[0m in 0.10s]
[2026-06-25T17:11:32.454+0000] {subprocess.py:93} INFO - [0m17:11:32
[2026-06-25T17:11:32.455+0000] {subprocess.py:93} INFO - [0m17:11:32  Finished running 5 table models in 0 hours 0 minutes and 1.07 seconds (1.07s).
[2026-06-25T17:11:32.499+0000] {subprocess.py:93} INFO - [0m17:11:32
[2026-06-25T17:11:32.500+0000] {subprocess.py:93} INFO - [0m17:11:32  [31mCompleted with 1 error and 0 warnings:[0m
[2026-06-25T17:11:32.500+0000] {subprocess.py:93} INFO - [0m17:11:32
[2026-06-25T17:11:32.501+0000] {subprocess.py:93} INFO - [0m17:11:32    Database Error in model staging_dim_address (models/staging_dim_address.sql)
[2026-06-25T17:11:32.501+0000] {subprocess.py:93} INFO -   relation "dim_address__dbt_backup" already exists
[2026-06-25T17:11:32.501+0000] {subprocess.py:93} INFO -   compiled code at target/run/dbt_driven_data/models/staging_dim_address.sql
[2026-06-25T17:11:32.502+0000] {subprocess.py:93} INFO - [0m17:11:32
[2026-06-25T17:11:32.502+0000] {subprocess.py:93} INFO - [0m17:11:32  Done. PASS=4 WARN=0 ERROR=1 SKIP=0 TOTAL=5
[2026-06-25T17:11:32.970+0000] {subprocess.py:97} INFO - Command exited with return code 1
[2026-06-25T17:11:32.978+0000] {taskinstance.py:3310} ERROR - Task failed with exception
Traceback (most recent call last):
  File "/home/airflow/.local/lib/python3.12/site-packages/airflow/models/taskinstance.py", line 767, in _execute_task
    result = _execute_callable(context=context, **execute_callable_kwargs)
             ^^^^^^^^^^^^^^^^^^^^^^^^^^^^^^^^^^^^^^^^^^^^^^^^^^^^^^^^^^^^^
  File "/home/airflow/.local/lib/python3.12/site-packages/airflow/models/taskinstance.py", line 733, in _execute_callable
    return ExecutionCallableRunner(
           ^^^^^^^^^^^^^^^^^^^^^^^^
  File "/home/airflow/.local/lib/python3.12/site-packages/airflow/utils/operator_helpers.py", line 252, in run
    return self.func(*args, **kwargs)
           ^^^^^^^^^^^^^^^^^^^^^^^^^^
  File "/home/airflow/.local/lib/python3.12/site-packages/airflow/models/baseoperator.py", line 406, in wrapper
    return func(self, *args, **kwargs)
           ^^^^^^^^^^^^^^^^^^^^^^^^^^^
  File "/home/airflow/.local/lib/python3.12/site-packages/airflow/operators/bash.py", line 249, in execute
    raise AirflowException(
airflow.exceptions.AirflowException: Bash command failed. The command returned a non-zero exit code 1.
[2026-06-25T17:11:32.982+0000] {taskinstance.py:1225} INFO - Marking task as FAILED. dag_id=extract_raw_data_pipeline, task_id=run_dbt_staging, run_id=scheduled__2026-06-24T07:59:00+00:00, execution_date=20260624T075900, start_date=20260625T171128, end_date=20260625T171132
[2026-06-25T17:11:32.994+0000] {taskinstance.py:340} INFO - ::group::Post task execution logs
[2026-06-25T17:11:32.996+0000] {standard_task_runner.py:124} ERROR - Failed to execute job 409 for task run_dbt_staging (Bash command failed. The command returned a non-zero exit code 1.; 187)
Traceback (most recent call last):
  File "/home/airflow/.local/lib/python3.12/site-packages/airflow/task/task_runner/standard_task_runner.py", line 117, in _start_by_fork
    ret = args.func(args, dag=self.dag)
          ^^^^^^^^^^^^^^^^^^^^^^^^^^^^^
  File "/home/airflow/.local/lib/python3.12/site-packages/airflow/cli/cli_config.py", line 49, in command
    return func(*args, **kwargs)
           ^^^^^^^^^^^^^^^^^^^^^
  File "/home/airflow/.local/lib/python3.12/site-packages/airflow/utils/cli.py", line 115, in wrapper
    return f(*args, **kwargs)
           ^^^^^^^^^^^^^^^^^^
  File "/home/airflow/.local/lib/python3.12/site-packages/airflow/cli/commands/task_command.py", line 483, in task_run
    task_return_code = _run_task_by_selected_method(args, _dag, ti)
                       ^^^^^^^^^^^^^^^^^^^^^^^^^^^^^^^^^^^^^^^^^^^^
  File "/home/airflow/.local/lib/python3.12/site-packages/airflow/cli/commands/task_command.py", line 256, in _run_task_by_selected_method
    return _run_raw_task(args, ti)
           ^^^^^^^^^^^^^^^^^^^^^^^
  File "/home/airflow/.local/lib/python3.12/site-packages/airflow/cli/commands/task_command.py", line 341, in _run_raw_task
    return ti._run_raw_task(
           ^^^^^^^^^^^^^^^^^
  File "/home/airflow/.local/lib/python3.12/site-packages/airflow/utils/session.py", line 97, in wrapper
    return func(*args, session=session, **kwargs)
           ^^^^^^^^^^^^^^^^^^^^^^^^^^^^^^^^^^^^^^
  File "/home/airflow/.local/lib/python3.12/site-packages/airflow/models/taskinstance.py", line 3004, in _run_raw_task
    return _run_raw_task(
           ^^^^^^^^^^^^^^
  File "/home/airflow/.local/lib/python3.12/site-packages/airflow/models/taskinstance.py", line 273, in _run_raw_task
    TaskInstance._execute_task_with_callbacks(
  File "/home/airflow/.local/lib/python3.12/site-packages/airflow/models/taskinstance.py", line 3158, in _execute_task_with_callbacks
    result = self._execute_task(context, task_orig)
             ^^^^^^^^^^^^^^^^^^^^^^^^^^^^^^^^^^^^^^
  File "/home/airflow/.local/lib/python3.12/site-packages/airflow/models/taskinstance.py", line 3182, in _execute_task
    return _execute_task(self, context, task_orig)
           ^^^^^^^^^^^^^^^^^^^^^^^^^^^^^^^^^^^^^^^
  File "/home/airflow/.local/lib/python3.12/site-packages/airflow/models/taskinstance.py", line 767, in _execute_task
    result = _execute_callable(context=context, **execute_callable_kwargs)
             ^^^^^^^^^^^^^^^^^^^^^^^^^^^^^^^^^^^^^^^^^^^^^^^^^^^^^^^^^^^^^
  File "/home/airflow/.local/lib/python3.12/site-packages/airflow/models/taskinstance.py", line 733, in _execute_callable
    return ExecutionCallableRunner(
           ^^^^^^^^^^^^^^^^^^^^^^^^
  File "/home/airflow/.local/lib/python3.12/site-packages/airflow/utils/operator_helpers.py", line 252, in run
    return self.func(*args, **kwargs)
           ^^^^^^^^^^^^^^^^^^^^^^^^^^
  File "/home/airflow/.local/lib/python3.12/site-packages/airflow/models/baseoperator.py", line 406, in wrapper
    return func(self, *args, **kwargs)
           ^^^^^^^^^^^^^^^^^^^^^^^^^^^
  File "/home/airflow/.local/lib/python3.12/site-packages/airflow/operators/bash.py", line 249, in execute
    raise AirflowException(
airflow.exceptions.AirflowException: Bash command failed. The command returned a non-zero exit code 1.
[2026-06-25T17:11:33.043+0000] {local_task_job_runner.py:266} INFO - Task exited with return code 1
[2026-06-25T17:11:33.055+0000] {taskinstance.py:3900} INFO - 0 downstream tasks scheduled from follow-on schedule check
[2026-06-25T17:11:33.059+0000] {local_task_job_runner.py:245} INFO - ::endgroup::
