[2026-06-24T07:49:04.249+0000] {local_task_job_runner.py:123} INFO - ::group::Pre task execution logs
[2026-06-24T07:49:04.257+0000] {taskinstance.py:2612} INFO - Dependencies all met for dep_context=non-requeueable deps ti=<TaskInstance: extract_raw_data_pipeline.run_dbt_staging scheduled__2026-06-24T07:48:00+00:00 [queued]>
[2026-06-24T07:49:04.262+0000] {taskinstance.py:2612} INFO - Dependencies all met for dep_context=requeueable deps ti=<TaskInstance: extract_raw_data_pipeline.run_dbt_staging scheduled__2026-06-24T07:48:00+00:00 [queued]>
[2026-06-24T07:49:04.262+0000] {taskinstance.py:2865} INFO - Starting attempt 1 of 1
[2026-06-24T07:49:04.271+0000] {taskinstance.py:2888} INFO - Executing <Task(BashOperator): run_dbt_staging> on 2026-06-24 07:48:00+00:00
[2026-06-24T07:49:04.274+0000] {warnings.py:112} WARNING - /home/***/.local/lib/python3.12/site-packages/***/task/task_runner/standard_task_runner.py:70: DeprecationWarning: This process (pid=20507) is multi-threaded, use of fork() may lead to deadlocks in the child.
  pid = os.fork()

[2026-06-24T07:49:04.275+0000] {standard_task_runner.py:72} INFO - Started process 20509 to run task
[2026-06-24T07:49:04.275+0000] {standard_task_runner.py:104} INFO - Running: ['***', 'tasks', 'run', 'extract_raw_data_pipeline', 'run_dbt_staging', 'scheduled__2026-06-24T07:48:00+00:00', '--job-id', '336', '--raw', '--subdir', 'DAGS_FOLDER/driven_data_pipeline.py', '--cfg-path', '/tmp/tmpku47hrod']
[2026-06-24T07:49:04.276+0000] {standard_task_runner.py:105} INFO - Job 336: Subtask run_dbt_staging
[2026-06-24T07:49:04.325+0000] {task_command.py:467} INFO - Running <TaskInstance: extract_raw_data_pipeline.run_dbt_staging scheduled__2026-06-24T07:48:00+00:00 [running]> on host f478a03fba5a
[2026-06-24T07:49:04.367+0000] {taskinstance.py:3131} INFO - Exporting env vars: AIRFLOW_CTX_DAG_OWNER='***' AIRFLOW_CTX_DAG_ID='extract_raw_data_pipeline' AIRFLOW_CTX_TASK_ID='run_dbt_staging' AIRFLOW_CTX_EXECUTION_DATE='2026-06-24T07:48:00+00:00' AIRFLOW_CTX_TRY_NUMBER='1' AIRFLOW_CTX_DAG_RUN_ID='scheduled__2026-06-24T07:48:00+00:00'
[2026-06-24T07:49:04.368+0000] {taskinstance.py:731} INFO - ::endgroup::
[2026-06-24T07:49:04.374+0000] {subprocess.py:63} INFO - Tmp dir root location: /tmp
[2026-06-24T07:49:04.375+0000] {subprocess.py:75} INFO - Running command: ['/usr/bin/bash', '-c', 'set -x; cd /opt/***/dbt && dbt run --select tag:staging']
[2026-06-24T07:49:04.381+0000] {subprocess.py:86} INFO - Output:
[2026-06-24T07:49:04.382+0000] {subprocess.py:93} INFO - + cd /opt/***/dbt
[2026-06-24T07:49:04.382+0000] {subprocess.py:93} INFO - + dbt run --select tag:staging
[2026-06-24T07:49:05.537+0000] {subprocess.py:93} INFO - [0m07:49:05  Running with dbt=1.8.0
[2026-06-24T07:49:05.678+0000] {subprocess.py:93} INFO - [0m07:49:05  Registered adapter: postgres=1.8.2
[2026-06-24T07:49:06.009+0000] {subprocess.py:93} INFO - [0m07:49:06  Found 9 models, 10 sources, 428 macros
[2026-06-24T07:49:06.011+0000] {subprocess.py:93} INFO - [0m07:49:06
[2026-06-24T07:49:06.078+0000] {subprocess.py:93} INFO - [0m07:49:06  Concurrency: 1 threads (target='dev')
[2026-06-24T07:49:06.078+0000] {subprocess.py:93} INFO - [0m07:49:06
[2026-06-24T07:49:06.086+0000] {subprocess.py:93} INFO - [0m07:49:06  1 of 5 START sql table model driven_staging.dim_address ........................ [RUN]
[2026-06-24T07:49:06.195+0000] {subprocess.py:93} INFO - [0m07:49:06  1 of 5 OK created sql table model driven_staging.dim_address ................... [[32mSELECT 29348[0m in 0.11s]
[2026-06-24T07:49:06.196+0000] {subprocess.py:93} INFO - [0m07:49:06  2 of 5 START sql table model driven_staging.dim_date ........................... [RUN]
[2026-06-24T07:49:06.244+0000] {subprocess.py:93} INFO - [0m07:49:06  2 of 5 OK created sql table model driven_staging.dim_date ...................... [[32mSELECT 29348[0m in 0.05s]
[2026-06-24T07:49:06.246+0000] {subprocess.py:93} INFO - [0m07:49:06  3 of 5 START sql table model driven_staging.dim_finance ........................ [RUN]
[2026-06-24T07:49:06.297+0000] {subprocess.py:93} INFO - [0m07:49:06  3 of 5 OK created sql table model driven_staging.dim_finance ................... [[32mSELECT 29348[0m in 0.05s]
[2026-06-24T07:49:06.299+0000] {subprocess.py:93} INFO - [0m07:49:06  4 of 5 START sql table model driven_staging.dim_person ......................... [RUN]
[2026-06-24T07:49:06.436+0000] {subprocess.py:93} INFO - [0m07:49:06  4 of 5 OK created sql table model driven_staging.dim_person .................... [[32mSELECT 29348[0m in 0.14s]
[2026-06-24T07:49:06.438+0000] {subprocess.py:93} INFO - [0m07:49:06  5 of 5 START sql table model driven_staging.fact_network_usage ................. [RUN]
[2026-06-24T07:49:06.491+0000] {subprocess.py:93} INFO - [0m07:49:06  5 of 5 OK created sql table model driven_staging.fact_network_usage ............ [[32mSELECT 29348[0m in 0.05s]
[2026-06-24T07:49:06.500+0000] {subprocess.py:93} INFO - [0m07:49:06
[2026-06-24T07:49:06.501+0000] {subprocess.py:93} INFO - [0m07:49:06  Finished running 5 table models in 0 hours 0 minutes and 0.49 seconds (0.49s).
[2026-06-24T07:49:06.547+0000] {subprocess.py:93} INFO - [0m07:49:06
[2026-06-24T07:49:06.548+0000] {subprocess.py:93} INFO - [0m07:49:06  [32mCompleted successfully[0m
[2026-06-24T07:49:06.565+0000] {subprocess.py:93} INFO - [0m07:49:06
[2026-06-24T07:49:06.566+0000] {subprocess.py:93} INFO - [0m07:49:06  Done. PASS=5 WARN=0 ERROR=0 SKIP=0 TOTAL=5
[2026-06-24T07:49:06.980+0000] {subprocess.py:97} INFO - Command exited with return code 0
[2026-06-24T07:49:06.996+0000] {taskinstance.py:340} INFO - ::group::Post task execution logs
[2026-06-24T07:49:06.997+0000] {taskinstance.py:352} INFO - Marking task as SUCCESS. dag_id=extract_raw_data_pipeline, task_id=run_dbt_staging, run_id=scheduled__2026-06-24T07:48:00+00:00, execution_date=20260624T074800, start_date=20260624T074904, end_date=20260624T074906
[2026-06-24T07:49:07.022+0000] {local_task_job_runner.py:266} INFO - Task exited with return code 0
[2026-06-24T07:49:07.034+0000] {taskinstance.py:3900} INFO - 1 downstream tasks scheduled from follow-on schedule check
[2026-06-24T07:49:07.037+0000] {local_task_job_runner.py:245} INFO - ::endgroup::
