[2026-06-24T07:11:00.964+0000] {local_task_job_runner.py:123} INFO - ::group::Pre task execution logs
[2026-06-24T07:11:00.973+0000] {taskinstance.py:2612} INFO - Dependencies all met for dep_context=non-requeueable deps ti=<TaskInstance: extract_raw_data_pipeline.extract_raw_data scheduled__2026-06-24T07:10:00+00:00 [queued]>
[2026-06-24T07:11:00.979+0000] {taskinstance.py:2612} INFO - Dependencies all met for dep_context=requeueable deps ti=<TaskInstance: extract_raw_data_pipeline.extract_raw_data scheduled__2026-06-24T07:10:00+00:00 [queued]>
[2026-06-24T07:11:00.980+0000] {taskinstance.py:2865} INFO - Starting attempt 1 of 1
[2026-06-24T07:11:00.989+0000] {taskinstance.py:2888} INFO - Executing <Task(PythonOperator): extract_raw_data> on 2026-06-24 07:10:00+00:00
[2026-06-24T07:11:00.995+0000] {warnings.py:112} WARNING - /home/***/.local/lib/python3.12/site-packages/***/task/task_runner/standard_task_runner.py:70: DeprecationWarning: This process (pid=17062) is multi-threaded, use of fork() may lead to deadlocks in the child.
  pid = os.fork()

[2026-06-24T07:11:00.995+0000] {standard_task_runner.py:104} INFO - Running: ['***', 'tasks', 'run', 'extract_raw_data_pipeline', 'extract_raw_data', 'scheduled__2026-06-24T07:10:00+00:00', '--job-id', '105', '--raw', '--subdir', 'DAGS_FOLDER/driven_data_pipeline.py', '--cfg-path', '/tmp/tmprqazqbc2']
[2026-06-24T07:11:00.997+0000] {standard_task_runner.py:72} INFO - Started process 17067 to run task
[2026-06-24T07:11:00.998+0000] {standard_task_runner.py:105} INFO - Job 105: Subtask extract_raw_data
[2026-06-24T07:11:01.047+0000] {task_command.py:467} INFO - Running <TaskInstance: extract_raw_data_pipeline.extract_raw_data scheduled__2026-06-24T07:10:00+00:00 [running]> on host f478a03fba5a
[2026-06-24T07:11:01.095+0000] {taskinstance.py:3131} INFO - Exporting env vars: AIRFLOW_CTX_DAG_OWNER='***' AIRFLOW_CTX_DAG_ID='extract_raw_data_pipeline' AIRFLOW_CTX_TASK_ID='extract_raw_data' AIRFLOW_CTX_EXECUTION_DATE='2026-06-24T07:10:00+00:00' AIRFLOW_CTX_TRY_NUMBER='1' AIRFLOW_CTX_DAG_RUN_ID='scheduled__2026-06-24T07:10:00+00:00'
[2026-06-24T07:11:01.096+0000] {taskinstance.py:731} INFO - ::endgroup::
[2026-06-24T07:11:01.104+0000] {driven_data_pipeline.py:158} INFO - Started batch processing for 2026-06-24.
[2026-06-24T07:11:01.107+0000] {driven_data_pipeline.py:27} INFO - Created synthetic data for MX country code.
[2026-06-24T07:11:01.286+0000] {driven_data_pipeline.py:113} INFO - Written 965 records to the CSV file.
[2026-06-24T07:11:01.333+0000] {driven_data_pipeline.py:128} INFO - Added UUID to the dataset.
[2026-06-24T07:11:01.365+0000] {driven_data_pipeline.py:151} INFO - Updated accessed timestamp.
[2026-06-24T07:11:01.379+0000] {driven_data_pipeline.py:173} INFO - Finished batch processing 2026-06-24.
[2026-06-24T07:11:01.380+0000] {python.py:240} INFO - Done. Returned value was: None
[2026-06-24T07:11:01.394+0000] {taskinstance.py:340} INFO - ::group::Post task execution logs
[2026-06-24T07:11:01.394+0000] {taskinstance.py:352} INFO - Marking task as SUCCESS. dag_id=extract_raw_data_pipeline, task_id=extract_raw_data, run_id=scheduled__2026-06-24T07:10:00+00:00, execution_date=20260624T071000, start_date=20260624T071100, end_date=20260624T071101
[2026-06-24T07:11:01.415+0000] {local_task_job_runner.py:266} INFO - Task exited with return code 0
[2026-06-24T07:11:01.429+0000] {taskinstance.py:3900} INFO - 1 downstream tasks scheduled from follow-on schedule check
[2026-06-24T07:11:01.432+0000] {local_task_job_runner.py:245} INFO - ::endgroup::
