[2026-06-24T07:20:07.458+0000] {local_task_job_runner.py:123} INFO - ::group::Pre task execution logs
[2026-06-24T07:20:07.466+0000] {taskinstance.py:2612} INFO - Dependencies all met for dep_context=non-requeueable deps ti=<TaskInstance: extract_raw_data_pipeline.run_dbt_trusted scheduled__2026-06-24T07:19:00+00:00 [queued]>
[2026-06-24T07:20:07.471+0000] {taskinstance.py:2612} INFO - Dependencies all met for dep_context=requeueable deps ti=<TaskInstance: extract_raw_data_pipeline.run_dbt_trusted scheduled__2026-06-24T07:19:00+00:00 [queued]>
[2026-06-24T07:20:07.472+0000] {taskinstance.py:2865} INFO - Starting attempt 1 of 1
[2026-06-24T07:20:07.481+0000] {taskinstance.py:2888} INFO - Executing <Task(BashOperator): run_dbt_trusted> on 2026-06-24 07:19:00+00:00
[2026-06-24T07:20:07.485+0000] {warnings.py:112} WARNING - /home/***/.local/lib/python3.12/site-packages/***/task/task_runner/standard_task_runner.py:70: DeprecationWarning: This process (pid=17934) is multi-threaded, use of fork() may lead to deadlocks in the child.
  pid = os.fork()

[2026-06-24T07:20:07.486+0000] {standard_task_runner.py:104} INFO - Running: ['***', 'tasks', 'run', 'extract_raw_data_pipeline', 'run_dbt_trusted', 'scheduled__2026-06-24T07:19:00+00:00', '--job-id', '163', '--raw', '--subdir', 'DAGS_FOLDER/driven_data_pipeline.py', '--cfg-path', '/tmp/tmpci6ha4bd']
[2026-06-24T07:20:07.486+0000] {standard_task_runner.py:72} INFO - Started process 17936 to run task
[2026-06-24T07:20:07.486+0000] {standard_task_runner.py:105} INFO - Job 163: Subtask run_dbt_trusted
[2026-06-24T07:20:07.531+0000] {task_command.py:467} INFO - Running <TaskInstance: extract_raw_data_pipeline.run_dbt_trusted scheduled__2026-06-24T07:19:00+00:00 [running]> on host f478a03fba5a
[2026-06-24T07:20:07.578+0000] {taskinstance.py:3131} INFO - Exporting env vars: AIRFLOW_CTX_DAG_OWNER='***' AIRFLOW_CTX_DAG_ID='extract_raw_data_pipeline' AIRFLOW_CTX_TASK_ID='run_dbt_trusted' AIRFLOW_CTX_EXECUTION_DATE='2026-06-24T07:19:00+00:00' AIRFLOW_CTX_TRY_NUMBER='1' AIRFLOW_CTX_DAG_RUN_ID='scheduled__2026-06-24T07:19:00+00:00'
[2026-06-24T07:20:07.579+0000] {taskinstance.py:731} INFO - ::endgroup::
[2026-06-24T07:20:07.587+0000] {subprocess.py:63} INFO - Tmp dir root location: /tmp
[2026-06-24T07:20:07.588+0000] {subprocess.py:75} INFO - Running command: ['/usr/bin/bash', '-c', 'set -x; cd /opt/***/dbt && dbt run --select tag:trusted']
[2026-06-24T07:20:07.593+0000] {subprocess.py:86} INFO - Output:
[2026-06-24T07:20:07.594+0000] {subprocess.py:93} INFO - + cd /opt/***/dbt
[2026-06-24T07:20:07.595+0000] {subprocess.py:93} INFO - + dbt run --select tag:trusted
[2026-06-24T07:20:08.661+0000] {subprocess.py:93} INFO - [0m07:20:08  Running with dbt=1.8.0
[2026-06-24T07:20:08.801+0000] {subprocess.py:93} INFO - [0m07:20:08  Registered adapter: postgres=1.8.2
[2026-06-24T07:20:09.112+0000] {subprocess.py:93} INFO - [0m07:20:09  Found 9 models, 10 sources, 428 macros
[2026-06-24T07:20:09.124+0000] {subprocess.py:93} INFO - [0m07:20:09
[2026-06-24T07:20:09.192+0000] {subprocess.py:93} INFO - [0m07:20:09  Concurrency: 1 threads (target='dev')
[2026-06-24T07:20:09.192+0000] {subprocess.py:93} INFO - [0m07:20:09
[2026-06-24T07:20:09.198+0000] {subprocess.py:93} INFO - [0m07:20:09  1 of 4 START sql table model driven_trusted.non_pii_data ....................... [RUN]
[2026-06-24T07:20:09.584+0000] {subprocess.py:93} INFO - [0m07:20:09  1 of 4 OK created sql table model driven_trusted.non_pii_data .................. [[32mSELECT 20761[0m in 0.38s]
[2026-06-24T07:20:09.586+0000] {subprocess.py:93} INFO - [0m07:20:09  2 of 4 START sql table model driven_trusted.payment_data ....................... [RUN]
[2026-06-24T07:20:09.652+0000] {subprocess.py:93} INFO - [0m07:20:09  2 of 4 OK created sql table model driven_trusted.payment_data .................. [[32mSELECT 13873[0m in 0.06s]
[2026-06-24T07:20:09.654+0000] {subprocess.py:93} INFO - [0m07:20:09  3 of 4 START sql table model driven_trusted.pii_data ........................... [RUN]
[2026-06-24T07:20:10.021+0000] {subprocess.py:93} INFO - [0m07:20:10  3 of 4 OK created sql table model driven_trusted.pii_data ...................... [[32mSELECT 20761[0m in 0.37s]
[2026-06-24T07:20:10.023+0000] {subprocess.py:93} INFO - [0m07:20:10  4 of 4 START sql table model driven_trusted.technical_data ..................... [RUN]
[2026-06-24T07:20:10.098+0000] {subprocess.py:93} INFO - [0m07:20:10  4 of 4 OK created sql table model driven_trusted.technical_data ................ [[32mSELECT 13873[0m in 0.07s]
[2026-06-24T07:20:10.106+0000] {subprocess.py:93} INFO - [0m07:20:10
[2026-06-24T07:20:10.107+0000] {subprocess.py:93} INFO - [0m07:20:10  Finished running 4 table models in 0 hours 0 minutes and 0.98 seconds (0.98s).
[2026-06-24T07:20:10.152+0000] {subprocess.py:93} INFO - [0m07:20:10
[2026-06-24T07:20:10.153+0000] {subprocess.py:93} INFO - [0m07:20:10  [32mCompleted successfully[0m
[2026-06-24T07:20:10.153+0000] {subprocess.py:93} INFO - [0m07:20:10
[2026-06-24T07:20:10.154+0000] {subprocess.py:93} INFO - [0m07:20:10  Done. PASS=4 WARN=0 ERROR=0 SKIP=0 TOTAL=4
[2026-06-24T07:20:10.687+0000] {subprocess.py:97} INFO - Command exited with return code 0
[2026-06-24T07:20:10.703+0000] {taskinstance.py:340} INFO - ::group::Post task execution logs
[2026-06-24T07:20:10.704+0000] {taskinstance.py:352} INFO - Marking task as SUCCESS. dag_id=extract_raw_data_pipeline, task_id=run_dbt_trusted, run_id=scheduled__2026-06-24T07:19:00+00:00, execution_date=20260624T071900, start_date=20260624T072007, end_date=20260624T072010
[2026-06-24T07:20:10.752+0000] {local_task_job_runner.py:266} INFO - Task exited with return code 0
[2026-06-24T07:20:10.761+0000] {taskinstance.py:3900} INFO - 0 downstream tasks scheduled from follow-on schedule check
[2026-06-24T07:20:10.765+0000] {local_task_job_runner.py:245} INFO - ::endgroup::
