[2026-06-17T18:41:38.421+0000] {local_task_job_runner.py:123} INFO - ::group::Pre task execution logs
[2026-06-17T18:41:38.432+0000] {taskinstance.py:2612} INFO - Dependencies all met for dep_context=non-requeueable deps ti=<TaskInstance: extract_raw_data_pipeline.run_dbt_staging scheduled__2026-06-17T07:58:00+00:00 [queued]>
[2026-06-17T18:41:38.437+0000] {taskinstance.py:2612} INFO - Dependencies all met for dep_context=requeueable deps ti=<TaskInstance: extract_raw_data_pipeline.run_dbt_staging scheduled__2026-06-17T07:58:00+00:00 [queued]>
[2026-06-17T18:41:38.438+0000] {taskinstance.py:2865} INFO - Starting attempt 1 of 1
[2026-06-17T18:41:38.448+0000] {taskinstance.py:2888} INFO - Executing <Task(BashOperator): run_dbt_staging> on 2026-06-17 07:58:00+00:00
[2026-06-17T18:41:38.452+0000] {warnings.py:112} WARNING - /home/***/.local/lib/python3.12/site-packages/***/task/task_runner/standard_task_runner.py:70: DeprecationWarning: This process (pid=134) is multi-threaded, use of fork() may lead to deadlocks in the child.
  pid = os.fork()

[2026-06-17T18:41:38.453+0000] {standard_task_runner.py:104} INFO - Running: ['***', 'tasks', 'run', 'extract_raw_data_pipeline', 'run_dbt_staging', 'scheduled__2026-06-17T07:58:00+00:00', '--job-id', '75', '--raw', '--subdir', 'DAGS_FOLDER/batch_generator.py', '--cfg-path', '/tmp/tmp2dl835gl']
[2026-06-17T18:41:38.461+0000] {standard_task_runner.py:72} INFO - Started process 136 to run task
[2026-06-17T18:41:38.462+0000] {standard_task_runner.py:105} INFO - Job 75: Subtask run_dbt_staging
[2026-06-17T18:41:38.574+0000] {task_command.py:467} INFO - Running <TaskInstance: extract_raw_data_pipeline.run_dbt_staging scheduled__2026-06-17T07:58:00+00:00 [running]> on host db7b7e86288a
[2026-06-17T18:41:38.624+0000] {taskinstance.py:3131} INFO - Exporting env vars: AIRFLOW_CTX_DAG_OWNER='***' AIRFLOW_CTX_DAG_ID='extract_raw_data_pipeline' AIRFLOW_CTX_TASK_ID='run_dbt_staging' AIRFLOW_CTX_EXECUTION_DATE='2026-06-17T07:58:00+00:00' AIRFLOW_CTX_TRY_NUMBER='1' AIRFLOW_CTX_DAG_RUN_ID='scheduled__2026-06-17T07:58:00+00:00'
[2026-06-17T18:41:38.628+0000] {taskinstance.py:731} INFO - ::endgroup::
[2026-06-17T18:41:38.636+0000] {subprocess.py:63} INFO - Tmp dir root location: /tmp
[2026-06-17T18:41:38.637+0000] {subprocess.py:75} INFO - Running command: ['/usr/bin/bash', '-c', 'set -x; cd /opt/***/dbt && dbt run --select tag:staging']
[2026-06-17T18:41:38.644+0000] {subprocess.py:86} INFO - Output:
[2026-06-17T18:41:38.646+0000] {subprocess.py:93} INFO - + cd /opt/***/dbt
[2026-06-17T18:41:38.647+0000] {subprocess.py:93} INFO - + dbt run --select tag:staging
[2026-06-17T18:41:40.449+0000] {subprocess.py:93} INFO - [0m18:41:40  Running with dbt=1.8.0
[2026-06-17T18:41:40.479+0000] {subprocess.py:93} INFO - [0m18:41:40  Encountered an error:
[2026-06-17T18:41:40.480+0000] {subprocess.py:93} INFO - Runtime Error
[2026-06-17T18:41:40.483+0000] {subprocess.py:93} INFO -   dbt_project.yml does not parse to a dictionary
[2026-06-17T18:41:40.928+0000] {subprocess.py:97} INFO - Command exited with return code 2
[2026-06-17T18:41:40.941+0000] {taskinstance.py:3310} ERROR - Task failed with exception
Traceback (most recent call last):
  File "/home/airflow/.local/lib/python3.12/site-packages/airflow/models/taskinstance.py", line 767, in _execute_task
    result = _execute_callable(context=context, **execute_callable_kwargs)
             ^^^^^^^^^^^^^^^^^^^^^^^^^^^^^^^^^^^^^^^^^^^^^^^^^^^^^^^^^^^^^
  File "/home/airflow/.local/lib/python3.12/site-packages/airflow/models/taskinstance.py", line 733, in _execute_callable
    return ExecutionCallableRunner(
           ^^^^^^^^^^^^^^^^^^^^^^^^
  File "/home/airflow/.local/lib/python3.12/site-packages/airflow/utils/operator_helpers.py", line 252, in run
    return self.func(*args, **kwargs)
           ^^^^^^^^^^^^^^^^^^^^^^^^^^
  File "/home/airflow/.local/lib/python3.12/site-packages/airflow/models/baseoperator.py", line 406, in wrapper
    return func(self, *args, **kwargs)
           ^^^^^^^^^^^^^^^^^^^^^^^^^^^
  File "/home/airflow/.local/lib/python3.12/site-packages/airflow/operators/bash.py", line 249, in execute
    raise AirflowException(
airflow.exceptions.AirflowException: Bash command failed. The command returned a non-zero exit code 2.
[2026-06-17T18:41:40.962+0000] {taskinstance.py:1225} INFO - Marking task as FAILED. dag_id=extract_raw_data_pipeline, task_id=run_dbt_staging, run_id=scheduled__2026-06-17T07:58:00+00:00, execution_date=20260617T075800, start_date=20260617T184138, end_date=20260617T184140
[2026-06-17T18:41:41.014+0000] {taskinstance.py:340} INFO - ::group::Post task execution logs
[2026-06-17T18:41:41.048+0000] {standard_task_runner.py:124} ERROR - Failed to execute job 75 for task run_dbt_staging (Bash command failed. The command returned a non-zero exit code 2.; 136)
Traceback (most recent call last):
  File "/home/airflow/.local/lib/python3.12/site-packages/airflow/task/task_runner/standard_task_runner.py", line 117, in _start_by_fork
    ret = args.func(args, dag=self.dag)
          ^^^^^^^^^^^^^^^^^^^^^^^^^^^^^
  File "/home/airflow/.local/lib/python3.12/site-packages/airflow/cli/cli_config.py", line 49, in command
    return func(*args, **kwargs)
           ^^^^^^^^^^^^^^^^^^^^^
  File "/home/airflow/.local/lib/python3.12/site-packages/airflow/utils/cli.py", line 115, in wrapper
    return f(*args, **kwargs)
           ^^^^^^^^^^^^^^^^^^
  File "/home/airflow/.local/lib/python3.12/site-packages/airflow/cli/commands/task_command.py", line 483, in task_run
    task_return_code = _run_task_by_selected_method(args, _dag, ti)
                       ^^^^^^^^^^^^^^^^^^^^^^^^^^^^^^^^^^^^^^^^^^^^
  File "/home/airflow/.local/lib/python3.12/site-packages/airflow/cli/commands/task_command.py", line 256, in _run_task_by_selected_method
    return _run_raw_task(args, ti)
           ^^^^^^^^^^^^^^^^^^^^^^^
  File "/home/airflow/.local/lib/python3.12/site-packages/airflow/cli/commands/task_command.py", line 341, in _run_raw_task
    return ti._run_raw_task(
           ^^^^^^^^^^^^^^^^^
  File "/home/airflow/.local/lib/python3.12/site-packages/airflow/utils/session.py", line 97, in wrapper
    return func(*args, session=session, **kwargs)
           ^^^^^^^^^^^^^^^^^^^^^^^^^^^^^^^^^^^^^^
  File "/home/airflow/.local/lib/python3.12/site-packages/airflow/models/taskinstance.py", line 3004, in _run_raw_task
    return _run_raw_task(
           ^^^^^^^^^^^^^^
  File "/home/airflow/.local/lib/python3.12/site-packages/airflow/models/taskinstance.py", line 273, in _run_raw_task
    TaskInstance._execute_task_with_callbacks(
  File "/home/airflow/.local/lib/python3.12/site-packages/airflow/models/taskinstance.py", line 3158, in _execute_task_with_callbacks
    result = self._execute_task(context, task_orig)
             ^^^^^^^^^^^^^^^^^^^^^^^^^^^^^^^^^^^^^^
  File "/home/airflow/.local/lib/python3.12/site-packages/airflow/models/taskinstance.py", line 3182, in _execute_task
    return _execute_task(self, context, task_orig)
           ^^^^^^^^^^^^^^^^^^^^^^^^^^^^^^^^^^^^^^^
  File "/home/airflow/.local/lib/python3.12/site-packages/airflow/models/taskinstance.py", line 767, in _execute_task
    result = _execute_callable(context=context, **execute_callable_kwargs)
             ^^^^^^^^^^^^^^^^^^^^^^^^^^^^^^^^^^^^^^^^^^^^^^^^^^^^^^^^^^^^^
  File "/home/airflow/.local/lib/python3.12/site-packages/airflow/models/taskinstance.py", line 733, in _execute_callable
    return ExecutionCallableRunner(
           ^^^^^^^^^^^^^^^^^^^^^^^^
  File "/home/airflow/.local/lib/python3.12/site-packages/airflow/utils/operator_helpers.py", line 252, in run
    return self.func(*args, **kwargs)
           ^^^^^^^^^^^^^^^^^^^^^^^^^^
  File "/home/airflow/.local/lib/python3.12/site-packages/airflow/models/baseoperator.py", line 406, in wrapper
    return func(self, *args, **kwargs)
           ^^^^^^^^^^^^^^^^^^^^^^^^^^^
  File "/home/airflow/.local/lib/python3.12/site-packages/airflow/operators/bash.py", line 249, in execute
    raise AirflowException(
airflow.exceptions.AirflowException: Bash command failed. The command returned a non-zero exit code 2.
[2026-06-17T18:41:41.106+0000] {local_task_job_runner.py:266} INFO - Task exited with return code 1
[2026-06-17T18:41:41.120+0000] {taskinstance.py:3900} INFO - 0 downstream tasks scheduled from follow-on schedule check
[2026-06-17T18:41:41.126+0000] {local_task_job_runner.py:245} INFO - ::endgroup::
[2026-06-18T01:19:09.349+0000] {local_task_job_runner.py:123} INFO - ::group::Pre task execution logs
[2026-06-18T01:19:09.361+0000] {taskinstance.py:2612} INFO - Dependencies all met for dep_context=non-requeueable deps ti=<TaskInstance: extract_raw_data_pipeline.run_dbt_staging scheduled__2026-06-17T07:58:00+00:00 [queued]>
[2026-06-18T01:19:09.366+0000] {taskinstance.py:2612} INFO - Dependencies all met for dep_context=requeueable deps ti=<TaskInstance: extract_raw_data_pipeline.run_dbt_staging scheduled__2026-06-17T07:58:00+00:00 [queued]>
[2026-06-18T01:19:09.366+0000] {taskinstance.py:2865} INFO - Starting attempt 1 of 1
[2026-06-18T01:19:09.376+0000] {taskinstance.py:2888} INFO - Executing <Task(BashOperator): run_dbt_staging> on 2026-06-17 07:58:00+00:00
[2026-06-18T01:19:09.380+0000] {warnings.py:112} WARNING - /home/***/.local/lib/python3.12/site-packages/***/task/task_runner/standard_task_runner.py:70: DeprecationWarning: This process (pid=184) is multi-threaded, use of fork() may lead to deadlocks in the child.
  pid = os.fork()

[2026-06-18T01:19:09.382+0000] {standard_task_runner.py:72} INFO - Started process 186 to run task
[2026-06-18T01:19:09.382+0000] {standard_task_runner.py:104} INFO - Running: ['***', 'tasks', 'run', 'extract_raw_data_pipeline', 'run_dbt_staging', 'scheduled__2026-06-17T07:58:00+00:00', '--job-id', '7', '--raw', '--subdir', 'DAGS_FOLDER/batch_generator.py', '--cfg-path', '/tmp/tmpi1iefc55']
[2026-06-18T01:19:09.383+0000] {standard_task_runner.py:105} INFO - Job 7: Subtask run_dbt_staging
[2026-06-18T01:19:09.442+0000] {task_command.py:467} INFO - Running <TaskInstance: extract_raw_data_pipeline.run_dbt_staging scheduled__2026-06-17T07:58:00+00:00 [running]> on host f478a03fba5a
[2026-06-18T01:19:09.492+0000] {taskinstance.py:3131} INFO - Exporting env vars: AIRFLOW_CTX_DAG_OWNER='***' AIRFLOW_CTX_DAG_ID='extract_raw_data_pipeline' AIRFLOW_CTX_TASK_ID='run_dbt_staging' AIRFLOW_CTX_EXECUTION_DATE='2026-06-17T07:58:00+00:00' AIRFLOW_CTX_TRY_NUMBER='1' AIRFLOW_CTX_DAG_RUN_ID='scheduled__2026-06-17T07:58:00+00:00'
[2026-06-18T01:19:09.494+0000] {taskinstance.py:731} INFO - ::endgroup::
[2026-06-18T01:19:09.503+0000] {subprocess.py:63} INFO - Tmp dir root location: /tmp
[2026-06-18T01:19:09.505+0000] {subprocess.py:75} INFO - Running command: ['/usr/bin/bash', '-c', 'set -x; cd /opt/***/dbt && dbt run --select tag:staging']
[2026-06-18T01:19:09.511+0000] {subprocess.py:86} INFO - Output:
[2026-06-18T01:19:09.512+0000] {subprocess.py:93} INFO - + cd /opt/***/dbt
[2026-06-18T01:19:09.513+0000] {subprocess.py:93} INFO - + dbt run --select tag:staging
[2026-06-18T01:19:11.136+0000] {subprocess.py:93} INFO - [0m01:19:11  Running with dbt=1.8.0
[2026-06-18T01:19:11.314+0000] {subprocess.py:93} INFO - [0m01:19:11  Registered adapter: postgres=1.8.2
[2026-06-18T01:19:11.368+0000] {subprocess.py:93} INFO - [0m01:19:11  Unable to do partial parsing because saved manifest not found. Starting full parse.
[2026-06-18T01:19:11.994+0000] {subprocess.py:93} INFO - [0m01:19:11  Encountered an error:
[2026-06-18T01:19:11.995+0000] {subprocess.py:93} INFO - Compilation Error
[2026-06-18T01:19:11.995+0000] {subprocess.py:93} INFO -   Model 'model.dbt_driven_data.staging_dim_address' (models/staging_dim_address.sql) depends on a source named 'raw_source.raw_batch_data' which was not found
[2026-06-18T01:19:12.939+0000] {subprocess.py:97} INFO - Command exited with return code 2
[2026-06-18T01:19:12.946+0000] {taskinstance.py:3310} ERROR - Task failed with exception
Traceback (most recent call last):
  File "/home/airflow/.local/lib/python3.12/site-packages/airflow/models/taskinstance.py", line 767, in _execute_task
    result = _execute_callable(context=context, **execute_callable_kwargs)
             ^^^^^^^^^^^^^^^^^^^^^^^^^^^^^^^^^^^^^^^^^^^^^^^^^^^^^^^^^^^^^
  File "/home/airflow/.local/lib/python3.12/site-packages/airflow/models/taskinstance.py", line 733, in _execute_callable
    return ExecutionCallableRunner(
           ^^^^^^^^^^^^^^^^^^^^^^^^
  File "/home/airflow/.local/lib/python3.12/site-packages/airflow/utils/operator_helpers.py", line 252, in run
    return self.func(*args, **kwargs)
           ^^^^^^^^^^^^^^^^^^^^^^^^^^
  File "/home/airflow/.local/lib/python3.12/site-packages/airflow/models/baseoperator.py", line 406, in wrapper
    return func(self, *args, **kwargs)
           ^^^^^^^^^^^^^^^^^^^^^^^^^^^
  File "/home/airflow/.local/lib/python3.12/site-packages/airflow/operators/bash.py", line 249, in execute
    raise AirflowException(
airflow.exceptions.AirflowException: Bash command failed. The command returned a non-zero exit code 2.
[2026-06-18T01:19:12.949+0000] {taskinstance.py:1225} INFO - Marking task as FAILED. dag_id=extract_raw_data_pipeline, task_id=run_dbt_staging, run_id=scheduled__2026-06-17T07:58:00+00:00, execution_date=20260617T075800, start_date=20260618T011909, end_date=20260618T011912
[2026-06-18T01:19:12.959+0000] {taskinstance.py:340} INFO - ::group::Post task execution logs
[2026-06-18T01:19:12.959+0000] {standard_task_runner.py:124} ERROR - Failed to execute job 7 for task run_dbt_staging (Bash command failed. The command returned a non-zero exit code 2.; 186)
Traceback (most recent call last):
  File "/home/airflow/.local/lib/python3.12/site-packages/airflow/task/task_runner/standard_task_runner.py", line 117, in _start_by_fork
    ret = args.func(args, dag=self.dag)
          ^^^^^^^^^^^^^^^^^^^^^^^^^^^^^
  File "/home/airflow/.local/lib/python3.12/site-packages/airflow/cli/cli_config.py", line 49, in command
    return func(*args, **kwargs)
           ^^^^^^^^^^^^^^^^^^^^^
  File "/home/airflow/.local/lib/python3.12/site-packages/airflow/utils/cli.py", line 115, in wrapper
    return f(*args, **kwargs)
           ^^^^^^^^^^^^^^^^^^
  File "/home/airflow/.local/lib/python3.12/site-packages/airflow/cli/commands/task_command.py", line 483, in task_run
    task_return_code = _run_task_by_selected_method(args, _dag, ti)
                       ^^^^^^^^^^^^^^^^^^^^^^^^^^^^^^^^^^^^^^^^^^^^
  File "/home/airflow/.local/lib/python3.12/site-packages/airflow/cli/commands/task_command.py", line 256, in _run_task_by_selected_method
    return _run_raw_task(args, ti)
           ^^^^^^^^^^^^^^^^^^^^^^^
  File "/home/airflow/.local/lib/python3.12/site-packages/airflow/cli/commands/task_command.py", line 341, in _run_raw_task
    return ti._run_raw_task(
           ^^^^^^^^^^^^^^^^^
  File "/home/airflow/.local/lib/python3.12/site-packages/airflow/utils/session.py", line 97, in wrapper
    return func(*args, session=session, **kwargs)
           ^^^^^^^^^^^^^^^^^^^^^^^^^^^^^^^^^^^^^^
  File "/home/airflow/.local/lib/python3.12/site-packages/airflow/models/taskinstance.py", line 3004, in _run_raw_task
    return _run_raw_task(
           ^^^^^^^^^^^^^^
  File "/home/airflow/.local/lib/python3.12/site-packages/airflow/models/taskinstance.py", line 273, in _run_raw_task
    TaskInstance._execute_task_with_callbacks(
  File "/home/airflow/.local/lib/python3.12/site-packages/airflow/models/taskinstance.py", line 3158, in _execute_task_with_callbacks
    result = self._execute_task(context, task_orig)
             ^^^^^^^^^^^^^^^^^^^^^^^^^^^^^^^^^^^^^^
  File "/home/airflow/.local/lib/python3.12/site-packages/airflow/models/taskinstance.py", line 3182, in _execute_task
    return _execute_task(self, context, task_orig)
           ^^^^^^^^^^^^^^^^^^^^^^^^^^^^^^^^^^^^^^^
  File "/home/airflow/.local/lib/python3.12/site-packages/airflow/models/taskinstance.py", line 767, in _execute_task
    result = _execute_callable(context=context, **execute_callable_kwargs)
             ^^^^^^^^^^^^^^^^^^^^^^^^^^^^^^^^^^^^^^^^^^^^^^^^^^^^^^^^^^^^^
  File "/home/airflow/.local/lib/python3.12/site-packages/airflow/models/taskinstance.py", line 733, in _execute_callable
    return ExecutionCallableRunner(
           ^^^^^^^^^^^^^^^^^^^^^^^^
  File "/home/airflow/.local/lib/python3.12/site-packages/airflow/utils/operator_helpers.py", line 252, in run
    return self.func(*args, **kwargs)
           ^^^^^^^^^^^^^^^^^^^^^^^^^^
  File "/home/airflow/.local/lib/python3.12/site-packages/airflow/models/baseoperator.py", line 406, in wrapper
    return func(self, *args, **kwargs)
           ^^^^^^^^^^^^^^^^^^^^^^^^^^^
  File "/home/airflow/.local/lib/python3.12/site-packages/airflow/operators/bash.py", line 249, in execute
    raise AirflowException(
airflow.exceptions.AirflowException: Bash command failed. The command returned a non-zero exit code 2.
[2026-06-18T01:19:12.970+0000] {local_task_job_runner.py:266} INFO - Task exited with return code 1
[2026-06-18T01:19:12.983+0000] {taskinstance.py:3900} INFO - 0 downstream tasks scheduled from follow-on schedule check
[2026-06-18T01:19:12.988+0000] {local_task_job_runner.py:245} INFO - ::endgroup::
