[2026-06-18T03:39:44.647+0000] {local_task_job_runner.py:123} INFO - ::group::Pre task execution logs
[2026-06-18T03:39:44.657+0000] {taskinstance.py:2612} INFO - Dependencies all met for dep_context=non-requeueable deps ti=<TaskInstance: extract_raw_data_pipeline.run_dbt_staging scheduled__2026-06-17T07:58:00+00:00 [queued]>
[2026-06-18T03:39:44.662+0000] {taskinstance.py:2612} INFO - Dependencies all met for dep_context=requeueable deps ti=<TaskInstance: extract_raw_data_pipeline.run_dbt_staging scheduled__2026-06-17T07:58:00+00:00 [queued]>
[2026-06-18T03:39:44.662+0000] {taskinstance.py:2865} INFO - Starting attempt 4 of 4
[2026-06-18T03:39:44.671+0000] {taskinstance.py:2888} INFO - Executing <Task(BashOperator): run_dbt_staging> on 2026-06-17 07:58:00+00:00
[2026-06-18T03:39:44.675+0000] {warnings.py:112} WARNING - /home/***/.local/lib/python3.12/site-packages/***/task/task_runner/standard_task_runner.py:70: DeprecationWarning: This process (pid=2543) is multi-threaded, use of fork() may lead to deadlocks in the child.
  pid = os.fork()

[2026-06-18T03:39:44.676+0000] {standard_task_runner.py:72} INFO - Started process 2545 to run task
[2026-06-18T03:39:44.676+0000] {standard_task_runner.py:104} INFO - Running: ['***', 'tasks', 'run', 'extract_raw_data_pipeline', 'run_dbt_staging', 'scheduled__2026-06-17T07:58:00+00:00', '--job-id', '19', '--raw', '--subdir', 'DAGS_FOLDER/batch_generator.py', '--cfg-path', '/tmp/tmpdsxhcfjv']
[2026-06-18T03:39:44.677+0000] {standard_task_runner.py:105} INFO - Job 19: Subtask run_dbt_staging
[2026-06-18T03:39:44.732+0000] {task_command.py:467} INFO - Running <TaskInstance: extract_raw_data_pipeline.run_dbt_staging scheduled__2026-06-17T07:58:00+00:00 [running]> on host f478a03fba5a
[2026-06-18T03:39:44.779+0000] {taskinstance.py:3131} INFO - Exporting env vars: AIRFLOW_CTX_DAG_OWNER='***' AIRFLOW_CTX_DAG_ID='extract_raw_data_pipeline' AIRFLOW_CTX_TASK_ID='run_dbt_staging' AIRFLOW_CTX_EXECUTION_DATE='2026-06-17T07:58:00+00:00' AIRFLOW_CTX_TRY_NUMBER='4' AIRFLOW_CTX_DAG_RUN_ID='scheduled__2026-06-17T07:58:00+00:00'
[2026-06-18T03:39:44.780+0000] {taskinstance.py:731} INFO - ::endgroup::
[2026-06-18T03:39:44.788+0000] {subprocess.py:63} INFO - Tmp dir root location: /tmp
[2026-06-18T03:39:44.789+0000] {subprocess.py:75} INFO - Running command: ['/usr/bin/bash', '-c', 'set -x; cd /opt/***/dbt && dbt run --select tag:staging']
[2026-06-18T03:39:44.795+0000] {subprocess.py:86} INFO - Output:
[2026-06-18T03:39:44.796+0000] {subprocess.py:93} INFO - + cd /opt/***/dbt
[2026-06-18T03:39:44.797+0000] {subprocess.py:93} INFO - + dbt run --select tag:staging
[2026-06-18T03:39:46.273+0000] {subprocess.py:93} INFO - [0m03:39:46  Running with dbt=1.8.0
[2026-06-18T03:39:46.503+0000] {subprocess.py:93} INFO - [0m03:39:46  Registered adapter: postgres=1.8.2
[2026-06-18T03:39:46.675+0000] {subprocess.py:93} INFO - [0m03:39:46  Unable to do partial parsing because profile has changed
[2026-06-18T03:39:47.580+0000] {subprocess.py:93} INFO - [0m03:39:47  Found 9 models, 10 sources, 428 macros
[2026-06-18T03:39:47.583+0000] {subprocess.py:93} INFO - [0m03:39:47
[2026-06-18T03:39:47.685+0000] {subprocess.py:93} INFO - [0m03:39:47  Concurrency: 1 threads (target='dev')
[2026-06-18T03:39:47.685+0000] {subprocess.py:93} INFO - [0m03:39:47
[2026-06-18T03:39:47.692+0000] {subprocess.py:93} INFO - [0m03:39:47  1 of 5 START sql table model driven_staging.dim_address ........................ [RUN]
[2026-06-18T03:39:47.786+0000] {subprocess.py:93} INFO - [0m03:39:47  1 of 5 OK created sql table model driven_staging.dim_address ................... [[32mSELECT 639[0m in 0.09s]
[2026-06-18T03:39:47.788+0000] {subprocess.py:93} INFO - [0m03:39:47  2 of 5 START sql table model driven_staging.dim_date ........................... [RUN]
[2026-06-18T03:39:47.839+0000] {subprocess.py:93} INFO - [0m03:39:47  2 of 5 OK created sql table model driven_staging.dim_date ...................... [[32mSELECT 639[0m in 0.05s]
[2026-06-18T03:39:47.841+0000] {subprocess.py:93} INFO - [0m03:39:47  3 of 5 START sql table model driven_staging.dim_finance ........................ [RUN]
[2026-06-18T03:39:47.904+0000] {subprocess.py:93} INFO - [0m03:39:47  3 of 5 OK created sql table model driven_staging.dim_finance ................... [[32mSELECT 639[0m in 0.06s]
[2026-06-18T03:39:47.906+0000] {subprocess.py:93} INFO - [0m03:39:47  4 of 5 START sql table model driven_staging.dim_person ......................... [RUN]
[2026-06-18T03:39:47.962+0000] {subprocess.py:93} INFO - [0m03:39:47  4 of 5 OK created sql table model driven_staging.dim_person .................... [[32mSELECT 639[0m in 0.06s]
[2026-06-18T03:39:47.965+0000] {subprocess.py:93} INFO - [0m03:39:47  5 of 5 START sql table model driven_staging.fact_network_usage ................. [RUN]
[2026-06-18T03:39:48.021+0000] {subprocess.py:93} INFO - [0m03:39:48  5 of 5 OK created sql table model driven_staging.fact_network_usage ............ [[32mSELECT 639[0m in 0.05s]
[2026-06-18T03:39:48.032+0000] {subprocess.py:93} INFO - [0m03:39:48
[2026-06-18T03:39:48.033+0000] {subprocess.py:93} INFO - [0m03:39:48  Finished running 5 table models in 0 hours 0 minutes and 0.45 seconds (0.45s).
[2026-06-18T03:39:48.084+0000] {subprocess.py:93} INFO - [0m03:39:48
[2026-06-18T03:39:48.084+0000] {subprocess.py:93} INFO - [0m03:39:48  [32mCompleted successfully[0m
[2026-06-18T03:39:48.085+0000] {subprocess.py:93} INFO - [0m03:39:48
[2026-06-18T03:39:48.086+0000] {subprocess.py:93} INFO - [0m03:39:48  Done. PASS=5 WARN=0 ERROR=0 SKIP=0 TOTAL=5
[2026-06-18T03:39:48.640+0000] {subprocess.py:97} INFO - Command exited with return code 0
[2026-06-18T03:39:48.655+0000] {taskinstance.py:340} INFO - ::group::Post task execution logs
[2026-06-18T03:39:48.656+0000] {taskinstance.py:352} INFO - Marking task as SUCCESS. dag_id=extract_raw_data_pipeline, task_id=run_dbt_staging, run_id=scheduled__2026-06-17T07:58:00+00:00, execution_date=20260617T075800, start_date=20260618T033944, end_date=20260618T033948
[2026-06-18T03:39:48.706+0000] {local_task_job_runner.py:266} INFO - Task exited with return code 0
[2026-06-18T03:39:48.718+0000] {taskinstance.py:3900} INFO - 1 downstream tasks scheduled from follow-on schedule check
[2026-06-18T03:39:48.721+0000] {local_task_job_runner.py:245} INFO - ::endgroup::
