[2026-06-17T18:56:41.697+0000] {local_task_job_runner.py:123} INFO - ::group::Pre task execution logs
[2026-06-17T18:56:41.707+0000] {taskinstance.py:2612} INFO - Dependencies all met for dep_context=non-requeueable deps ti=<TaskInstance: extract_raw_data_pipeline.run_dbt_staging scheduled__2026-06-17T07:58:00+00:00 [queued]>
[2026-06-17T18:56:41.712+0000] {taskinstance.py:2612} INFO - Dependencies all met for dep_context=requeueable deps ti=<TaskInstance: extract_raw_data_pipeline.run_dbt_staging scheduled__2026-06-17T07:58:00+00:00 [queued]>
[2026-06-17T18:56:41.713+0000] {taskinstance.py:2865} INFO - Starting attempt 2 of 2
[2026-06-17T18:56:41.722+0000] {taskinstance.py:2888} INFO - Executing <Task(BashOperator): run_dbt_staging> on 2026-06-17 07:58:00+00:00
[2026-06-17T18:56:41.726+0000] {warnings.py:112} WARNING - /home/***/.local/lib/python3.12/site-packages/***/task/task_runner/standard_task_runner.py:70: DeprecationWarning: This process (pid=191) is multi-threaded, use of fork() may lead to deadlocks in the child.
  pid = os.fork()

[2026-06-17T18:56:41.728+0000] {standard_task_runner.py:72} INFO - Started process 193 to run task
[2026-06-17T18:56:41.728+0000] {standard_task_runner.py:104} INFO - Running: ['***', 'tasks', 'run', 'extract_raw_data_pipeline', 'run_dbt_staging', 'scheduled__2026-06-17T07:58:00+00:00', '--job-id', '78', '--raw', '--subdir', 'DAGS_FOLDER/batch_generator.py', '--cfg-path', '/tmp/tmprxppd0g3']
[2026-06-17T18:56:41.728+0000] {standard_task_runner.py:105} INFO - Job 78: Subtask run_dbt_staging
[2026-06-17T18:56:41.779+0000] {task_command.py:467} INFO - Running <TaskInstance: extract_raw_data_pipeline.run_dbt_staging scheduled__2026-06-17T07:58:00+00:00 [running]> on host db7b7e86288a
[2026-06-17T18:56:41.822+0000] {taskinstance.py:3131} INFO - Exporting env vars: AIRFLOW_CTX_DAG_OWNER='***' AIRFLOW_CTX_DAG_ID='extract_raw_data_pipeline' AIRFLOW_CTX_TASK_ID='run_dbt_staging' AIRFLOW_CTX_EXECUTION_DATE='2026-06-17T07:58:00+00:00' AIRFLOW_CTX_TRY_NUMBER='2' AIRFLOW_CTX_DAG_RUN_ID='scheduled__2026-06-17T07:58:00+00:00'
[2026-06-17T18:56:41.823+0000] {taskinstance.py:731} INFO - ::endgroup::
[2026-06-17T18:56:41.832+0000] {subprocess.py:63} INFO - Tmp dir root location: /tmp
[2026-06-17T18:56:41.832+0000] {subprocess.py:75} INFO - Running command: ['/usr/bin/bash', '-c', 'set -x; cd /opt/***/dbt && dbt run --select tag:staging']
[2026-06-17T18:56:41.838+0000] {subprocess.py:86} INFO - Output:
[2026-06-17T18:56:41.839+0000] {subprocess.py:93} INFO - + cd /opt/***/dbt
[2026-06-17T18:56:41.840+0000] {subprocess.py:93} INFO - + dbt run --select tag:staging
[2026-06-17T18:56:43.018+0000] {subprocess.py:93} INFO - [0m18:56:43  Running with dbt=1.8.0
[2026-06-17T18:56:43.224+0000] {subprocess.py:93} INFO - [0m18:56:43  Registered adapter: postgres=1.8.2
[2026-06-17T18:56:43.316+0000] {subprocess.py:93} INFO - [0m18:56:43  Unable to do partial parsing because saved manifest not found. Starting full parse.
[2026-06-17T18:56:44.112+0000] {subprocess.py:93} INFO - [0m18:56:44  Encountered an error:
[2026-06-17T18:56:44.112+0000] {subprocess.py:93} INFO - Compilation Error
[2026-06-17T18:56:44.113+0000] {subprocess.py:93} INFO -   Model 'model.dbt_driven_data.staging_dim_address' (models/staging_dim_address.sql) depends on a source named 'raw_source.raw_batch_data' which was not found
[2026-06-17T18:56:44.565+0000] {subprocess.py:97} INFO - Command exited with return code 2
[2026-06-17T18:56:44.572+0000] {taskinstance.py:3310} ERROR - Task failed with exception
Traceback (most recent call last):
  File "/home/airflow/.local/lib/python3.12/site-packages/airflow/models/taskinstance.py", line 767, in _execute_task
    result = _execute_callable(context=context, **execute_callable_kwargs)
             ^^^^^^^^^^^^^^^^^^^^^^^^^^^^^^^^^^^^^^^^^^^^^^^^^^^^^^^^^^^^^
  File "/home/airflow/.local/lib/python3.12/site-packages/airflow/models/taskinstance.py", line 733, in _execute_callable
    return ExecutionCallableRunner(
           ^^^^^^^^^^^^^^^^^^^^^^^^
  File "/home/airflow/.local/lib/python3.12/site-packages/airflow/utils/operator_helpers.py", line 252, in run
    return self.func(*args, **kwargs)
           ^^^^^^^^^^^^^^^^^^^^^^^^^^
  File "/home/airflow/.local/lib/python3.12/site-packages/airflow/models/baseoperator.py", line 406, in wrapper
    return func(self, *args, **kwargs)
           ^^^^^^^^^^^^^^^^^^^^^^^^^^^
  File "/home/airflow/.local/lib/python3.12/site-packages/airflow/operators/bash.py", line 249, in execute
    raise AirflowException(
airflow.exceptions.AirflowException: Bash command failed. The command returned a non-zero exit code 2.
[2026-06-17T18:56:44.575+0000] {taskinstance.py:1225} INFO - Marking task as FAILED. dag_id=extract_raw_data_pipeline, task_id=run_dbt_staging, run_id=scheduled__2026-06-17T07:58:00+00:00, execution_date=20260617T075800, start_date=20260617T185641, end_date=20260617T185644
[2026-06-17T18:56:44.584+0000] {taskinstance.py:340} INFO - ::group::Post task execution logs
[2026-06-17T18:56:44.585+0000] {standard_task_runner.py:124} ERROR - Failed to execute job 78 for task run_dbt_staging (Bash command failed. The command returned a non-zero exit code 2.; 193)
Traceback (most recent call last):
  File "/home/airflow/.local/lib/python3.12/site-packages/airflow/task/task_runner/standard_task_runner.py", line 117, in _start_by_fork
    ret = args.func(args, dag=self.dag)
          ^^^^^^^^^^^^^^^^^^^^^^^^^^^^^
  File "/home/airflow/.local/lib/python3.12/site-packages/airflow/cli/cli_config.py", line 49, in command
    return func(*args, **kwargs)
           ^^^^^^^^^^^^^^^^^^^^^
  File "/home/airflow/.local/lib/python3.12/site-packages/airflow/utils/cli.py", line 115, in wrapper
    return f(*args, **kwargs)
           ^^^^^^^^^^^^^^^^^^
  File "/home/airflow/.local/lib/python3.12/site-packages/airflow/cli/commands/task_command.py", line 483, in task_run
    task_return_code = _run_task_by_selected_method(args, _dag, ti)
                       ^^^^^^^^^^^^^^^^^^^^^^^^^^^^^^^^^^^^^^^^^^^^
  File "/home/airflow/.local/lib/python3.12/site-packages/airflow/cli/commands/task_command.py", line 256, in _run_task_by_selected_method
    return _run_raw_task(args, ti)
           ^^^^^^^^^^^^^^^^^^^^^^^
  File "/home/airflow/.local/lib/python3.12/site-packages/airflow/cli/commands/task_command.py", line 341, in _run_raw_task
    return ti._run_raw_task(
           ^^^^^^^^^^^^^^^^^
  File "/home/airflow/.local/lib/python3.12/site-packages/airflow/utils/session.py", line 97, in wrapper
    return func(*args, session=session, **kwargs)
           ^^^^^^^^^^^^^^^^^^^^^^^^^^^^^^^^^^^^^^
  File "/home/airflow/.local/lib/python3.12/site-packages/airflow/models/taskinstance.py", line 3004, in _run_raw_task
    return _run_raw_task(
           ^^^^^^^^^^^^^^
  File "/home/airflow/.local/lib/python3.12/site-packages/airflow/models/taskinstance.py", line 273, in _run_raw_task
    TaskInstance._execute_task_with_callbacks(
  File "/home/airflow/.local/lib/python3.12/site-packages/airflow/models/taskinstance.py", line 3158, in _execute_task_with_callbacks
    result = self._execute_task(context, task_orig)
             ^^^^^^^^^^^^^^^^^^^^^^^^^^^^^^^^^^^^^^
  File "/home/airflow/.local/lib/python3.12/site-packages/airflow/models/taskinstance.py", line 3182, in _execute_task
    return _execute_task(self, context, task_orig)
           ^^^^^^^^^^^^^^^^^^^^^^^^^^^^^^^^^^^^^^^
  File "/home/airflow/.local/lib/python3.12/site-packages/airflow/models/taskinstance.py", line 767, in _execute_task
    result = _execute_callable(context=context, **execute_callable_kwargs)
             ^^^^^^^^^^^^^^^^^^^^^^^^^^^^^^^^^^^^^^^^^^^^^^^^^^^^^^^^^^^^^
  File "/home/airflow/.local/lib/python3.12/site-packages/airflow/models/taskinstance.py", line 733, in _execute_callable
    return ExecutionCallableRunner(
           ^^^^^^^^^^^^^^^^^^^^^^^^
  File "/home/airflow/.local/lib/python3.12/site-packages/airflow/utils/operator_helpers.py", line 252, in run
    return self.func(*args, **kwargs)
           ^^^^^^^^^^^^^^^^^^^^^^^^^^
  File "/home/airflow/.local/lib/python3.12/site-packages/airflow/models/baseoperator.py", line 406, in wrapper
    return func(self, *args, **kwargs)
           ^^^^^^^^^^^^^^^^^^^^^^^^^^^
  File "/home/airflow/.local/lib/python3.12/site-packages/airflow/operators/bash.py", line 249, in execute
    raise AirflowException(
airflow.exceptions.AirflowException: Bash command failed. The command returned a non-zero exit code 2.
[2026-06-17T18:56:44.594+0000] {local_task_job_runner.py:266} INFO - Task exited with return code 1
[2026-06-17T18:56:44.607+0000] {taskinstance.py:3900} INFO - 0 downstream tasks scheduled from follow-on schedule check
[2026-06-17T18:56:44.611+0000] {local_task_job_runner.py:245} INFO - ::endgroup::
[2026-06-18T03:04:22.573+0000] {local_task_job_runner.py:123} INFO - ::group::Pre task execution logs
[2026-06-18T03:04:22.584+0000] {taskinstance.py:2612} INFO - Dependencies all met for dep_context=non-requeueable deps ti=<TaskInstance: extract_raw_data_pipeline.run_dbt_staging scheduled__2026-06-17T07:58:00+00:00 [queued]>
[2026-06-18T03:04:22.590+0000] {taskinstance.py:2612} INFO - Dependencies all met for dep_context=requeueable deps ti=<TaskInstance: extract_raw_data_pipeline.run_dbt_staging scheduled__2026-06-17T07:58:00+00:00 [queued]>
[2026-06-18T03:04:22.590+0000] {taskinstance.py:2865} INFO - Starting attempt 2 of 2
[2026-06-18T03:04:22.601+0000] {taskinstance.py:2888} INFO - Executing <Task(BashOperator): run_dbt_staging> on 2026-06-17 07:58:00+00:00
[2026-06-18T03:04:22.606+0000] {warnings.py:112} WARNING - /home/***/.local/lib/python3.12/site-packages/***/task/task_runner/standard_task_runner.py:70: DeprecationWarning: This process (pid=1958) is multi-threaded, use of fork() may lead to deadlocks in the child.
  pid = os.fork()

[2026-06-18T03:04:22.607+0000] {standard_task_runner.py:72} INFO - Started process 1960 to run task
[2026-06-18T03:04:22.607+0000] {standard_task_runner.py:104} INFO - Running: ['***', 'tasks', 'run', 'extract_raw_data_pipeline', 'run_dbt_staging', 'scheduled__2026-06-17T07:58:00+00:00', '--job-id', '8', '--raw', '--subdir', 'DAGS_FOLDER/batch_generator.py', '--cfg-path', '/tmp/tmp013yotgj']
[2026-06-18T03:04:22.608+0000] {standard_task_runner.py:105} INFO - Job 8: Subtask run_dbt_staging
[2026-06-18T03:04:22.668+0000] {task_command.py:467} INFO - Running <TaskInstance: extract_raw_data_pipeline.run_dbt_staging scheduled__2026-06-17T07:58:00+00:00 [running]> on host f478a03fba5a
[2026-06-18T03:04:22.712+0000] {taskinstance.py:3131} INFO - Exporting env vars: AIRFLOW_CTX_DAG_OWNER='***' AIRFLOW_CTX_DAG_ID='extract_raw_data_pipeline' AIRFLOW_CTX_TASK_ID='run_dbt_staging' AIRFLOW_CTX_EXECUTION_DATE='2026-06-17T07:58:00+00:00' AIRFLOW_CTX_TRY_NUMBER='2' AIRFLOW_CTX_DAG_RUN_ID='scheduled__2026-06-17T07:58:00+00:00'
[2026-06-18T03:04:22.713+0000] {taskinstance.py:731} INFO - ::endgroup::
[2026-06-18T03:04:22.728+0000] {subprocess.py:63} INFO - Tmp dir root location: /tmp
[2026-06-18T03:04:22.729+0000] {subprocess.py:75} INFO - Running command: ['/usr/bin/bash', '-c', 'set -x; cd /opt/***/dbt && dbt run --select tag:staging']
[2026-06-18T03:04:22.735+0000] {subprocess.py:86} INFO - Output:
[2026-06-18T03:04:22.736+0000] {subprocess.py:93} INFO - + cd /opt/***/dbt
[2026-06-18T03:04:22.737+0000] {subprocess.py:93} INFO - + dbt run --select tag:staging
[2026-06-18T03:04:23.918+0000] {subprocess.py:93} INFO - [0m03:04:23  Running with dbt=1.8.0
[2026-06-18T03:04:24.083+0000] {subprocess.py:93} INFO - [0m03:04:24  Registered adapter: postgres=1.8.2
[2026-06-18T03:04:24.435+0000] {subprocess.py:93} INFO - [0m03:04:24  Found 9 models, 10 sources, 428 macros
[2026-06-18T03:04:24.438+0000] {subprocess.py:93} INFO - [0m03:04:24
[2026-06-18T03:04:24.514+0000] {subprocess.py:93} INFO - [0m03:04:24  Concurrency: 1 threads (target='dev')
[2026-06-18T03:04:24.515+0000] {subprocess.py:93} INFO - [0m03:04:24
[2026-06-18T03:04:24.521+0000] {subprocess.py:93} INFO - [0m03:04:24  1 of 5 START sql table model drive_staging.dim_address ......................... [RUN]
[2026-06-18T03:04:24.623+0000] {subprocess.py:93} INFO - [0m03:04:24  1 of 5 OK created sql table model drive_staging.dim_address .................... [[32mSELECT 246[0m in 0.10s]
[2026-06-18T03:04:24.625+0000] {subprocess.py:93} INFO - [0m03:04:24  2 of 5 START sql table model drive_staging.dim_date ............................ [RUN]
[2026-06-18T03:04:24.666+0000] {subprocess.py:93} INFO - [0m03:04:24  2 of 5 OK created sql table model drive_staging.dim_date ....................... [[32mSELECT 246[0m in 0.04s]
[2026-06-18T03:04:24.668+0000] {subprocess.py:93} INFO - [0m03:04:24  3 of 5 START sql table model drive_staging.dim_finance ......................... [RUN]
[2026-06-18T03:04:24.706+0000] {subprocess.py:93} INFO - [0m03:04:24  3 of 5 OK created sql table model drive_staging.dim_finance .................... [[32mSELECT 246[0m in 0.04s]
[2026-06-18T03:04:24.707+0000] {subprocess.py:93} INFO - [0m03:04:24  4 of 5 START sql table model drive_staging.dim_person .......................... [RUN]
[2026-06-18T03:04:24.753+0000] {subprocess.py:93} INFO - [0m03:04:24  4 of 5 OK created sql table model drive_staging.dim_person ..................... [[32mSELECT 246[0m in 0.04s]
[2026-06-18T03:04:24.754+0000] {subprocess.py:93} INFO - [0m03:04:24  5 of 5 START sql table model drive_staging.fact_network_usage .................. [RUN]
[2026-06-18T03:04:24.794+0000] {subprocess.py:93} INFO - [0m03:04:24  5 of 5 OK created sql table model drive_staging.fact_network_usage ............. [[32mSELECT 246[0m in 0.04s]
[2026-06-18T03:04:24.803+0000] {subprocess.py:93} INFO - [0m03:04:24
[2026-06-18T03:04:24.803+0000] {subprocess.py:93} INFO - [0m03:04:24  Finished running 5 table models in 0 hours 0 minutes and 0.36 seconds (0.36s).
[2026-06-18T03:04:24.843+0000] {subprocess.py:93} INFO - [0m03:04:24
[2026-06-18T03:04:24.843+0000] {subprocess.py:93} INFO - [0m03:04:24  [32mCompleted successfully[0m
[2026-06-18T03:04:24.844+0000] {subprocess.py:93} INFO - [0m03:04:24
[2026-06-18T03:04:24.844+0000] {subprocess.py:93} INFO - [0m03:04:24  Done. PASS=5 WARN=0 ERROR=0 SKIP=0 TOTAL=5
[2026-06-18T03:04:25.499+0000] {subprocess.py:97} INFO - Command exited with return code 0
[2026-06-18T03:04:25.515+0000] {taskinstance.py:340} INFO - ::group::Post task execution logs
[2026-06-18T03:04:25.516+0000] {taskinstance.py:352} INFO - Marking task as SUCCESS. dag_id=extract_raw_data_pipeline, task_id=run_dbt_staging, run_id=scheduled__2026-06-17T07:58:00+00:00, execution_date=20260617T075800, start_date=20260618T030422, end_date=20260618T030425
[2026-06-18T03:04:25.554+0000] {local_task_job_runner.py:266} INFO - Task exited with return code 0
[2026-06-18T03:04:25.571+0000] {taskinstance.py:3900} INFO - 1 downstream tasks scheduled from follow-on schedule check
[2026-06-18T03:04:25.574+0000] {local_task_job_runner.py:245} INFO - ::endgroup::
