[2026-06-18T03:42:48.193+0000] {local_task_job_runner.py:123} INFO - ::group::Pre task execution logs
[2026-06-18T03:42:48.203+0000] {taskinstance.py:2612} INFO - Dependencies all met for dep_context=non-requeueable deps ti=<TaskInstance: extract_raw_data_pipeline.run_dbt_staging scheduled__2026-06-17T07:58:00+00:00 [queued]>
[2026-06-18T03:42:48.208+0000] {taskinstance.py:2612} INFO - Dependencies all met for dep_context=requeueable deps ti=<TaskInstance: extract_raw_data_pipeline.run_dbt_staging scheduled__2026-06-17T07:58:00+00:00 [queued]>
[2026-06-18T03:42:48.208+0000] {taskinstance.py:2865} INFO - Starting attempt 5 of 5
[2026-06-18T03:42:48.217+0000] {taskinstance.py:2888} INFO - Executing <Task(BashOperator): run_dbt_staging> on 2026-06-17 07:58:00+00:00
[2026-06-18T03:42:48.221+0000] {warnings.py:112} WARNING - /home/***/.local/lib/python3.12/site-packages/***/task/task_runner/standard_task_runner.py:70: DeprecationWarning: This process (pid=2689) is multi-threaded, use of fork() may lead to deadlocks in the child.
  pid = os.fork()

[2026-06-18T03:42:48.222+0000] {standard_task_runner.py:72} INFO - Started process 2691 to run task
[2026-06-18T03:42:48.222+0000] {standard_task_runner.py:104} INFO - Running: ['***', 'tasks', 'run', 'extract_raw_data_pipeline', 'run_dbt_staging', 'scheduled__2026-06-17T07:58:00+00:00', '--job-id', '24', '--raw', '--subdir', 'DAGS_FOLDER/driven_data_pipeline.py', '--cfg-path', '/tmp/tmp_wq37wsz']
[2026-06-18T03:42:48.223+0000] {standard_task_runner.py:105} INFO - Job 24: Subtask run_dbt_staging
[2026-06-18T03:42:48.272+0000] {task_command.py:467} INFO - Running <TaskInstance: extract_raw_data_pipeline.run_dbt_staging scheduled__2026-06-17T07:58:00+00:00 [running]> on host f478a03fba5a
[2026-06-18T03:42:48.317+0000] {taskinstance.py:3131} INFO - Exporting env vars: AIRFLOW_CTX_DAG_OWNER='***' AIRFLOW_CTX_DAG_ID='extract_raw_data_pipeline' AIRFLOW_CTX_TASK_ID='run_dbt_staging' AIRFLOW_CTX_EXECUTION_DATE='2026-06-17T07:58:00+00:00' AIRFLOW_CTX_TRY_NUMBER='5' AIRFLOW_CTX_DAG_RUN_ID='scheduled__2026-06-17T07:58:00+00:00'
[2026-06-18T03:42:48.318+0000] {taskinstance.py:731} INFO - ::endgroup::
[2026-06-18T03:42:48.325+0000] {subprocess.py:63} INFO - Tmp dir root location: /tmp
[2026-06-18T03:42:48.327+0000] {subprocess.py:75} INFO - Running command: ['/usr/bin/bash', '-c', 'set -x; cd /opt/***/dbt && dbt run --select tag:staging']
[2026-06-18T03:42:48.334+0000] {subprocess.py:86} INFO - Output:
[2026-06-18T03:42:48.335+0000] {subprocess.py:93} INFO - + cd /opt/***/dbt
[2026-06-18T03:42:48.335+0000] {subprocess.py:93} INFO - + dbt run --select tag:staging
[2026-06-18T03:42:49.912+0000] {subprocess.py:93} INFO - [0m03:42:49  Running with dbt=1.8.0
[2026-06-18T03:42:50.116+0000] {subprocess.py:93} INFO - [0m03:42:50  Registered adapter: postgres=1.8.2
[2026-06-18T03:42:50.475+0000] {subprocess.py:93} INFO - [0m03:42:50  Found 9 models, 10 sources, 428 macros
[2026-06-18T03:42:50.477+0000] {subprocess.py:93} INFO - [0m03:42:50
[2026-06-18T03:42:50.555+0000] {subprocess.py:93} INFO - [0m03:42:50  Concurrency: 1 threads (target='dev')
[2026-06-18T03:42:50.555+0000] {subprocess.py:93} INFO - [0m03:42:50
[2026-06-18T03:42:50.561+0000] {subprocess.py:93} INFO - [0m03:42:50  1 of 5 START sql table model driven_staging.dim_address ........................ [RUN]
[2026-06-18T03:42:50.650+0000] {subprocess.py:93} INFO - [0m03:42:50  1 of 5 OK created sql table model driven_staging.dim_address ................... [[32mSELECT 1588[0m in 0.09s]
[2026-06-18T03:42:50.651+0000] {subprocess.py:93} INFO - [0m03:42:50  2 of 5 START sql table model driven_staging.dim_date ........................... [RUN]
[2026-06-18T03:42:50.692+0000] {subprocess.py:93} INFO - [0m03:42:50  2 of 5 OK created sql table model driven_staging.dim_date ...................... [[32mSELECT 1588[0m in 0.04s]
[2026-06-18T03:42:50.693+0000] {subprocess.py:93} INFO - [0m03:42:50  3 of 5 START sql table model driven_staging.dim_finance ........................ [RUN]
[2026-06-18T03:42:50.733+0000] {subprocess.py:93} INFO - [0m03:42:50  3 of 5 OK created sql table model driven_staging.dim_finance ................... [[32mSELECT 1588[0m in 0.04s]
[2026-06-18T03:42:50.734+0000] {subprocess.py:93} INFO - [0m03:42:50  4 of 5 START sql table model driven_staging.dim_person ......................... [RUN]
[2026-06-18T03:42:50.782+0000] {subprocess.py:93} INFO - [0m03:42:50  4 of 5 OK created sql table model driven_staging.dim_person .................... [[32mSELECT 1588[0m in 0.05s]
[2026-06-18T03:42:50.783+0000] {subprocess.py:93} INFO - [0m03:42:50  5 of 5 START sql table model driven_staging.fact_network_usage ................. [RUN]
[2026-06-18T03:42:50.820+0000] {subprocess.py:93} INFO - [0m03:42:50  5 of 5 OK created sql table model driven_staging.fact_network_usage ............ [[32mSELECT 1588[0m in 0.04s]
[2026-06-18T03:42:50.829+0000] {subprocess.py:93} INFO - [0m03:42:50
[2026-06-18T03:42:50.830+0000] {subprocess.py:93} INFO - [0m03:42:50  Finished running 5 table models in 0 hours 0 minutes and 0.35 seconds (0.35s).
[2026-06-18T03:42:50.859+0000] {subprocess.py:93} INFO - [0m03:42:50
[2026-06-18T03:42:50.859+0000] {subprocess.py:93} INFO - [0m03:42:50  [32mCompleted successfully[0m
[2026-06-18T03:42:50.860+0000] {subprocess.py:93} INFO - [0m03:42:50
[2026-06-18T03:42:50.861+0000] {subprocess.py:93} INFO - [0m03:42:50  Done. PASS=5 WARN=0 ERROR=0 SKIP=0 TOTAL=5
[2026-06-18T03:42:51.322+0000] {subprocess.py:97} INFO - Command exited with return code 0
[2026-06-18T03:42:51.340+0000] {taskinstance.py:340} INFO - ::group::Post task execution logs
[2026-06-18T03:42:51.340+0000] {taskinstance.py:352} INFO - Marking task as SUCCESS. dag_id=extract_raw_data_pipeline, task_id=run_dbt_staging, run_id=scheduled__2026-06-17T07:58:00+00:00, execution_date=20260617T075800, start_date=20260618T034248, end_date=20260618T034251
[2026-06-18T03:42:51.368+0000] {local_task_job_runner.py:266} INFO - Task exited with return code 0
[2026-06-18T03:42:51.380+0000] {taskinstance.py:3900} INFO - 1 downstream tasks scheduled from follow-on schedule check
[2026-06-18T03:42:51.383+0000] {local_task_job_runner.py:245} INFO - ::endgroup::
