[2026-06-24T07:10:03.717+0000] {local_task_job_runner.py:123} INFO - ::group::Pre task execution logs
[2026-06-24T07:10:03.725+0000] {taskinstance.py:2612} INFO - Dependencies all met for dep_context=non-requeueable deps ti=<TaskInstance: extract_raw_data_pipeline.run_dbt_staging scheduled__2026-06-24T07:09:00+00:00 [queued]>
[2026-06-24T07:10:03.730+0000] {taskinstance.py:2612} INFO - Dependencies all met for dep_context=requeueable deps ti=<TaskInstance: extract_raw_data_pipeline.run_dbt_staging scheduled__2026-06-24T07:09:00+00:00 [queued]>
[2026-06-24T07:10:03.730+0000] {taskinstance.py:2865} INFO - Starting attempt 1 of 1
[2026-06-24T07:10:03.739+0000] {taskinstance.py:2888} INFO - Executing <Task(BashOperator): run_dbt_staging> on 2026-06-24 07:09:00+00:00
[2026-06-24T07:10:03.743+0000] {warnings.py:112} WARNING - /home/***/.local/lib/python3.12/site-packages/***/task/task_runner/standard_task_runner.py:70: DeprecationWarning: This process (pid=17019) is multi-threaded, use of fork() may lead to deadlocks in the child.
  pid = os.fork()

[2026-06-24T07:10:03.744+0000] {standard_task_runner.py:104} INFO - Running: ['***', 'tasks', 'run', 'extract_raw_data_pipeline', 'run_dbt_staging', 'scheduled__2026-06-24T07:09:00+00:00', '--job-id', '102', '--raw', '--subdir', 'DAGS_FOLDER/driven_data_pipeline.py', '--cfg-path', '/tmp/tmpel0vlcl4']
[2026-06-24T07:10:03.745+0000] {standard_task_runner.py:72} INFO - Started process 17021 to run task
[2026-06-24T07:10:03.745+0000] {standard_task_runner.py:105} INFO - Job 102: Subtask run_dbt_staging
[2026-06-24T07:10:03.795+0000] {task_command.py:467} INFO - Running <TaskInstance: extract_raw_data_pipeline.run_dbt_staging scheduled__2026-06-24T07:09:00+00:00 [running]> on host f478a03fba5a
[2026-06-24T07:10:03.839+0000] {taskinstance.py:3131} INFO - Exporting env vars: AIRFLOW_CTX_DAG_OWNER='***' AIRFLOW_CTX_DAG_ID='extract_raw_data_pipeline' AIRFLOW_CTX_TASK_ID='run_dbt_staging' AIRFLOW_CTX_EXECUTION_DATE='2026-06-24T07:09:00+00:00' AIRFLOW_CTX_TRY_NUMBER='1' AIRFLOW_CTX_DAG_RUN_ID='scheduled__2026-06-24T07:09:00+00:00'
[2026-06-24T07:10:03.840+0000] {taskinstance.py:731} INFO - ::endgroup::
[2026-06-24T07:10:03.847+0000] {subprocess.py:63} INFO - Tmp dir root location: /tmp
[2026-06-24T07:10:03.848+0000] {subprocess.py:75} INFO - Running command: ['/usr/bin/bash', '-c', 'set -x; cd /opt/***/dbt && dbt run --select tag:staging']
[2026-06-24T07:10:03.854+0000] {subprocess.py:86} INFO - Output:
[2026-06-24T07:10:03.855+0000] {subprocess.py:93} INFO - + cd /opt/***/dbt
[2026-06-24T07:10:03.855+0000] {subprocess.py:93} INFO - + dbt run --select tag:staging
[2026-06-24T07:10:04.961+0000] {subprocess.py:93} INFO - [0m07:10:04  Running with dbt=1.8.0
[2026-06-24T07:10:05.109+0000] {subprocess.py:93} INFO - [0m07:10:05  Registered adapter: postgres=1.8.2
[2026-06-24T07:10:05.418+0000] {subprocess.py:93} INFO - [0m07:10:05  Found 9 models, 10 sources, 428 macros
[2026-06-24T07:10:05.419+0000] {subprocess.py:93} INFO - [0m07:10:05
[2026-06-24T07:10:05.489+0000] {subprocess.py:93} INFO - [0m07:10:05  Concurrency: 1 threads (target='dev')
[2026-06-24T07:10:05.489+0000] {subprocess.py:93} INFO - [0m07:10:05
[2026-06-24T07:10:05.495+0000] {subprocess.py:93} INFO - [0m07:10:05  1 of 5 START sql table model driven_staging.dim_address ........................ [RUN]
[2026-06-24T07:10:05.624+0000] {subprocess.py:93} INFO - [0m07:10:05  1 of 5 OK created sql table model driven_staging.dim_address ................... [[32mSELECT 8900[0m in 0.13s]
[2026-06-24T07:10:05.626+0000] {subprocess.py:93} INFO - [0m07:10:05  2 of 5 START sql table model driven_staging.dim_date ........................... [RUN]
[2026-06-24T07:10:05.689+0000] {subprocess.py:93} INFO - [0m07:10:05  2 of 5 OK created sql table model driven_staging.dim_date ...................... [[32mSELECT 8900[0m in 0.06s]
[2026-06-24T07:10:05.691+0000] {subprocess.py:93} INFO - [0m07:10:05  3 of 5 START sql table model driven_staging.dim_finance ........................ [RUN]
[2026-06-24T07:10:05.755+0000] {subprocess.py:93} INFO - [0m07:10:05  3 of 5 OK created sql table model driven_staging.dim_finance ................... [[32mSELECT 8900[0m in 0.06s]
[2026-06-24T07:10:05.757+0000] {subprocess.py:93} INFO - [0m07:10:05  4 of 5 START sql table model driven_staging.dim_person ......................... [RUN]
[2026-06-24T07:10:05.824+0000] {subprocess.py:93} INFO - [0m07:10:05  4 of 5 OK created sql table model driven_staging.dim_person .................... [[32mSELECT 8900[0m in 0.07s]
[2026-06-24T07:10:05.825+0000] {subprocess.py:93} INFO - [0m07:10:05  5 of 5 START sql table model driven_staging.fact_network_usage ................. [RUN]
[2026-06-24T07:10:05.869+0000] {subprocess.py:93} INFO - [0m07:10:05  5 of 5 OK created sql table model driven_staging.fact_network_usage ............ [[32mSELECT 8900[0m in 0.04s]
[2026-06-24T07:10:05.879+0000] {subprocess.py:93} INFO - [0m07:10:05
[2026-06-24T07:10:05.880+0000] {subprocess.py:93} INFO - [0m07:10:05  Finished running 5 table models in 0 hours 0 minutes and 0.46 seconds (0.46s).
[2026-06-24T07:10:05.911+0000] {subprocess.py:93} INFO - [0m07:10:05
[2026-06-24T07:10:05.919+0000] {subprocess.py:93} INFO - [0m07:10:05  [32mCompleted successfully[0m
[2026-06-24T07:10:05.924+0000] {subprocess.py:93} INFO - [0m07:10:05
[2026-06-24T07:10:05.929+0000] {subprocess.py:93} INFO - [0m07:10:05  Done. PASS=5 WARN=0 ERROR=0 SKIP=0 TOTAL=5
[2026-06-24T07:10:06.373+0000] {subprocess.py:97} INFO - Command exited with return code 0
[2026-06-24T07:10:06.392+0000] {taskinstance.py:340} INFO - ::group::Post task execution logs
[2026-06-24T07:10:06.393+0000] {taskinstance.py:352} INFO - Marking task as SUCCESS. dag_id=extract_raw_data_pipeline, task_id=run_dbt_staging, run_id=scheduled__2026-06-24T07:09:00+00:00, execution_date=20260624T070900, start_date=20260624T071003, end_date=20260624T071006
[2026-06-24T07:10:06.408+0000] {local_task_job_runner.py:266} INFO - Task exited with return code 0
[2026-06-24T07:10:06.420+0000] {taskinstance.py:3900} INFO - 1 downstream tasks scheduled from follow-on schedule check
[2026-06-24T07:10:06.425+0000] {local_task_job_runner.py:245} INFO - ::endgroup::
