[2026-06-24T07:05:00.841+0000] {local_task_job_runner.py:123} INFO - ::group::Pre task execution logs
[2026-06-24T07:05:00.849+0000] {taskinstance.py:2612} INFO - Dependencies all met for dep_context=non-requeueable deps ti=<TaskInstance: extract_raw_data_pipeline.extract_raw_data scheduled__2026-06-24T07:04:00+00:00 [queued]>
[2026-06-24T07:05:00.854+0000] {taskinstance.py:2612} INFO - Dependencies all met for dep_context=requeueable deps ti=<TaskInstance: extract_raw_data_pipeline.extract_raw_data scheduled__2026-06-24T07:04:00+00:00 [queued]>
[2026-06-24T07:05:00.854+0000] {taskinstance.py:2865} INFO - Starting attempt 1 of 1
[2026-06-24T07:05:00.863+0000] {taskinstance.py:2888} INFO - Executing <Task(PythonOperator): extract_raw_data> on 2026-06-24 07:04:00+00:00
[2026-06-24T07:05:00.867+0000] {warnings.py:112} WARNING - /home/***/.local/lib/python3.12/site-packages/***/task/task_runner/standard_task_runner.py:70: DeprecationWarning: This process (pid=16530) is multi-threaded, use of fork() may lead to deadlocks in the child.
  pid = os.fork()

[2026-06-24T07:05:00.868+0000] {standard_task_runner.py:72} INFO - Started process 16533 to run task
[2026-06-24T07:05:00.868+0000] {standard_task_runner.py:104} INFO - Running: ['***', 'tasks', 'run', 'extract_raw_data_pipeline', 'extract_raw_data', 'scheduled__2026-06-24T07:04:00+00:00', '--job-id', '68', '--raw', '--subdir', 'DAGS_FOLDER/driven_data_pipeline.py', '--cfg-path', '/tmp/tmpf6879092']
[2026-06-24T07:05:00.869+0000] {standard_task_runner.py:105} INFO - Job 68: Subtask extract_raw_data
[2026-06-24T07:05:00.913+0000] {task_command.py:467} INFO - Running <TaskInstance: extract_raw_data_pipeline.extract_raw_data scheduled__2026-06-24T07:04:00+00:00 [running]> on host f478a03fba5a
[2026-06-24T07:05:00.958+0000] {taskinstance.py:3131} INFO - Exporting env vars: AIRFLOW_CTX_DAG_OWNER='***' AIRFLOW_CTX_DAG_ID='extract_raw_data_pipeline' AIRFLOW_CTX_TASK_ID='extract_raw_data' AIRFLOW_CTX_EXECUTION_DATE='2026-06-24T07:04:00+00:00' AIRFLOW_CTX_TRY_NUMBER='1' AIRFLOW_CTX_DAG_RUN_ID='scheduled__2026-06-24T07:04:00+00:00'
[2026-06-24T07:05:00.959+0000] {taskinstance.py:731} INFO - ::endgroup::
[2026-06-24T07:05:00.966+0000] {driven_data_pipeline.py:158} INFO - Started batch processing for 2026-06-24.
[2026-06-24T07:05:00.967+0000] {driven_data_pipeline.py:27} INFO - Created synthetic data for MX country code.
[2026-06-24T07:05:01.053+0000] {driven_data_pipeline.py:113} INFO - Written 438 records to the CSV file.
[2026-06-24T07:05:01.080+0000] {driven_data_pipeline.py:128} INFO - Added UUID to the dataset.
[2026-06-24T07:05:01.100+0000] {driven_data_pipeline.py:151} INFO - Updated accessed timestamp.
[2026-06-24T07:05:01.100+0000] {driven_data_pipeline.py:173} INFO - Finished batch processing 2026-06-24.
[2026-06-24T07:05:01.100+0000] {python.py:240} INFO - Done. Returned value was: None
[2026-06-24T07:05:01.106+0000] {taskinstance.py:340} INFO - ::group::Post task execution logs
[2026-06-24T07:05:01.106+0000] {taskinstance.py:352} INFO - Marking task as SUCCESS. dag_id=extract_raw_data_pipeline, task_id=extract_raw_data, run_id=scheduled__2026-06-24T07:04:00+00:00, execution_date=20260624T070400, start_date=20260624T070500, end_date=20260624T070501
[2026-06-24T07:05:01.123+0000] {local_task_job_runner.py:266} INFO - Task exited with return code 0
[2026-06-24T07:05:01.138+0000] {taskinstance.py:3900} INFO - 1 downstream tasks scheduled from follow-on schedule check
[2026-06-24T07:05:01.141+0000] {local_task_job_runner.py:245} INFO - ::endgroup::
