[2026-06-17T03:09:01.051+0000] {local_task_job_runner.py:123} INFO - ::group::Pre task execution logs
[2026-06-17T03:09:01.064+0000] {taskinstance.py:2612} INFO - Dependencies all met for dep_context=non-requeueable deps ti=<TaskInstance: extract_raw_data_pipeline.create_raw_table scheduled__2026-06-16T07:58:00+00:00 [queued]>
[2026-06-17T03:09:01.069+0000] {taskinstance.py:2612} INFO - Dependencies all met for dep_context=requeueable deps ti=<TaskInstance: extract_raw_data_pipeline.create_raw_table scheduled__2026-06-16T07:58:00+00:00 [queued]>
[2026-06-17T03:09:01.073+0000] {taskinstance.py:2865} INFO - Starting attempt 3 of 3
[2026-06-17T03:09:01.085+0000] {taskinstance.py:2888} INFO - Executing <Task(SQLExecuteQueryOperator): create_raw_table> on 2026-06-16 07:58:00+00:00
[2026-06-17T03:09:01.089+0000] {warnings.py:112} WARNING - /home/***/.local/lib/python3.12/site-packages/***/task/task_runner/standard_task_runner.py:70: DeprecationWarning: This process (pid=860) is multi-threaded, use of fork() may lead to deadlocks in the child.
  pid = os.fork()

[2026-06-17T03:09:01.090+0000] {standard_task_runner.py:104} INFO - Running: ['***', 'tasks', 'run', 'extract_raw_data_pipeline', 'create_raw_table', 'scheduled__2026-06-16T07:58:00+00:00', '--job-id', '27', '--raw', '--subdir', 'DAGS_FOLDER/batch_generator.py', '--cfg-path', '/tmp/tmp9gtl2npg']
[2026-06-17T03:09:01.092+0000] {standard_task_runner.py:72} INFO - Started process 862 to run task
[2026-06-17T03:09:01.093+0000] {standard_task_runner.py:105} INFO - Job 27: Subtask create_raw_table
[2026-06-17T03:09:01.157+0000] {task_command.py:467} INFO - Running <TaskInstance: extract_raw_data_pipeline.create_raw_table scheduled__2026-06-16T07:58:00+00:00 [running]> on host db7b7e86288a
[2026-06-17T03:09:01.204+0000] {taskinstance.py:3131} INFO - Exporting env vars: AIRFLOW_CTX_DAG_OWNER='***' AIRFLOW_CTX_DAG_ID='extract_raw_data_pipeline' AIRFLOW_CTX_TASK_ID='create_raw_table' AIRFLOW_CTX_EXECUTION_DATE='2026-06-16T07:58:00+00:00' AIRFLOW_CTX_TRY_NUMBER='3' AIRFLOW_CTX_DAG_RUN_ID='scheduled__2026-06-16T07:58:00+00:00'
[2026-06-17T03:09:01.206+0000] {taskinstance.py:731} INFO - ::endgroup::
[2026-06-17T03:09:01.223+0000] {sql.py:266} INFO - Executing: 
        CREATE TABLE IF NOT EXISTS driven_raw.raw_batch_data (
            person_name VARCHAR(100),
            user_name VARCHAR(100),
            email VARCHAR(100),
            personal_number NUMERIC,
            birth_date VARCHAR(100),
            address VARCHAR(500),
            phone_number VARCHAR(100),
            mac_address VARCHAR(200),
            ip_address VARCHAR(100),
            clabe VARCHAR(100),
            accessed_at TIMESTAMP,
            session_duration INT,
            download_speed INT,
            upload_speed INT,
            consumed_traffic INT,
            unique_id VARCHAR(100)
        );
    
[2026-06-17T03:09:01.230+0000] {base.py:84} INFO - Retrieving connection 'postgres_conn'
[2026-06-17T03:09:01.237+0000] {base.py:84} INFO - Retrieving connection 'postgres_conn'
[2026-06-17T03:09:01.240+0000] {sql.py:509} INFO - Running statement: 
        CREATE TABLE IF NOT EXISTS driven_raw.raw_batch_data (
            person_name VARCHAR(100),
            user_name VARCHAR(100),
            email VARCHAR(100),
            personal_number NUMERIC,
            birth_date VARCHAR(100),
            address VARCHAR(500),
            phone_number VARCHAR(100),
            mac_address VARCHAR(200),
            ip_address VARCHAR(100),
            clabe VARCHAR(100),
            accessed_at TIMESTAMP,
            session_duration INT,
            download_speed INT,
            upload_speed INT,
            consumed_traffic INT,
            unique_id VARCHAR(100)
        );
    , parameters: None
[2026-06-17T03:09:01.250+0000] {taskinstance.py:340} INFO - ::group::Post task execution logs
[2026-06-17T03:09:01.251+0000] {taskinstance.py:352} INFO - Marking task as SUCCESS. dag_id=extract_raw_data_pipeline, task_id=create_raw_table, run_id=scheduled__2026-06-16T07:58:00+00:00, execution_date=20260616T075800, start_date=20260617T030901, end_date=20260617T030901
[2026-06-17T03:09:01.269+0000] {local_task_job_runner.py:266} INFO - Task exited with return code 0
[2026-06-17T03:09:01.285+0000] {taskinstance.py:3900} INFO - 1 downstream tasks scheduled from follow-on schedule check
[2026-06-17T03:09:01.289+0000] {local_task_job_runner.py:245} INFO - ::endgroup::
