[2026-06-17T03:01:42.845+0000] {local_task_job_runner.py:123} INFO - ::group::Pre task execution logs
[2026-06-17T03:01:42.856+0000] {taskinstance.py:2612} INFO - Dependencies all met for dep_context=non-requeueable deps ti=<TaskInstance: extract_raw_data_pipeline.create_raw_table scheduled__2026-06-16T07:58:00+00:00 [queued]>
[2026-06-17T03:01:42.861+0000] {taskinstance.py:2612} INFO - Dependencies all met for dep_context=requeueable deps ti=<TaskInstance: extract_raw_data_pipeline.create_raw_table scheduled__2026-06-16T07:58:00+00:00 [queued]>
[2026-06-17T03:01:42.862+0000] {taskinstance.py:2865} INFO - Starting attempt 2 of 2
[2026-06-17T03:01:42.870+0000] {taskinstance.py:2888} INFO - Executing <Task(SQLExecuteQueryOperator): create_raw_table> on 2026-06-16 07:58:00+00:00
[2026-06-17T03:01:42.874+0000] {warnings.py:112} WARNING - /home/***/.local/lib/python3.12/site-packages/***/task/task_runner/standard_task_runner.py:70: DeprecationWarning: This process (pid=745) is multi-threaded, use of fork() may lead to deadlocks in the child.
  pid = os.fork()

[2026-06-17T03:01:42.875+0000] {standard_task_runner.py:104} INFO - Running: ['***', 'tasks', 'run', 'extract_raw_data_pipeline', 'create_raw_table', 'scheduled__2026-06-16T07:58:00+00:00', '--job-id', '23', '--raw', '--subdir', 'DAGS_FOLDER/batch_generator.py', '--cfg-path', '/tmp/tmp52kyhhar']
[2026-06-17T03:01:42.876+0000] {standard_task_runner.py:72} INFO - Started process 747 to run task
[2026-06-17T03:01:42.876+0000] {standard_task_runner.py:105} INFO - Job 23: Subtask create_raw_table
[2026-06-17T03:01:42.920+0000] {task_command.py:467} INFO - Running <TaskInstance: extract_raw_data_pipeline.create_raw_table scheduled__2026-06-16T07:58:00+00:00 [running]> on host db7b7e86288a
[2026-06-17T03:01:42.965+0000] {taskinstance.py:3131} INFO - Exporting env vars: AIRFLOW_CTX_DAG_OWNER='***' AIRFLOW_CTX_DAG_ID='extract_raw_data_pipeline' AIRFLOW_CTX_TASK_ID='create_raw_table' AIRFLOW_CTX_EXECUTION_DATE='2026-06-16T07:58:00+00:00' AIRFLOW_CTX_TRY_NUMBER='2' AIRFLOW_CTX_DAG_RUN_ID='scheduled__2026-06-16T07:58:00+00:00'
[2026-06-17T03:01:42.966+0000] {taskinstance.py:731} INFO - ::endgroup::
[2026-06-17T03:01:42.978+0000] {sql.py:266} INFO - Executing: 
        CREATE TABLE IF NOT EXISTS driven_raw.raw_batch_data (
            person_name VARCHAR(100),
            user_name VARCHAR(100),
            email VARCHAR(100),
            personal_number NUMERIC,
            birth_date VARCHAR(100),
            address VARCHAR(200),
            phone_number VARCHAR(100),
            mac_address VARCHAR(200),
            ip_address VARCHAR(100),
            clabe VARCHAR(100),
            accessed_at TIMESTAMP,
            session_duration INT,
            download_speed INT,
            upload_speed INT,
            consumed_traffic INT,
            unique_id VARCHAR(100)
        );
    
[2026-06-17T03:01:42.983+0000] {base.py:84} INFO - Retrieving connection 'postgres_conn'
[2026-06-17T03:01:42.990+0000] {base.py:84} INFO - Retrieving connection 'postgres_conn'
[2026-06-17T03:01:42.992+0000] {sql.py:509} INFO - Running statement: 
        CREATE TABLE IF NOT EXISTS driven_raw.raw_batch_data (
            person_name VARCHAR(100),
            user_name VARCHAR(100),
            email VARCHAR(100),
            personal_number NUMERIC,
            birth_date VARCHAR(100),
            address VARCHAR(200),
            phone_number VARCHAR(100),
            mac_address VARCHAR(200),
            ip_address VARCHAR(100),
            clabe VARCHAR(100),
            accessed_at TIMESTAMP,
            session_duration INT,
            download_speed INT,
            upload_speed INT,
            consumed_traffic INT,
            unique_id VARCHAR(100)
        );
    , parameters: None
[2026-06-17T03:01:42.999+0000] {taskinstance.py:340} INFO - ::group::Post task execution logs
[2026-06-17T03:01:42.999+0000] {taskinstance.py:352} INFO - Marking task as SUCCESS. dag_id=extract_raw_data_pipeline, task_id=create_raw_table, run_id=scheduled__2026-06-16T07:58:00+00:00, execution_date=20260616T075800, start_date=20260617T030142, end_date=20260617T030142
[2026-06-17T03:01:43.010+0000] {local_task_job_runner.py:266} INFO - Task exited with return code 0
[2026-06-17T03:01:43.026+0000] {taskinstance.py:3900} INFO - 1 downstream tasks scheduled from follow-on schedule check
[2026-06-17T03:01:43.029+0000] {local_task_job_runner.py:245} INFO - ::endgroup::
