[2026-06-24T07:28:03.519+0000] {local_task_job_runner.py:123} INFO - ::group::Pre task execution logs
[2026-06-24T07:28:03.527+0000] {taskinstance.py:2612} INFO - Dependencies all met for dep_context=non-requeueable deps ti=<TaskInstance: extract_raw_data_pipeline.run_dbt_staging scheduled__2026-06-24T07:27:00+00:00 [queued]>
[2026-06-24T07:28:03.532+0000] {taskinstance.py:2612} INFO - Dependencies all met for dep_context=requeueable deps ti=<TaskInstance: extract_raw_data_pipeline.run_dbt_staging scheduled__2026-06-24T07:27:00+00:00 [queued]>
[2026-06-24T07:28:03.532+0000] {taskinstance.py:2865} INFO - Starting attempt 1 of 1
[2026-06-24T07:28:03.541+0000] {taskinstance.py:2888} INFO - Executing <Task(BashOperator): run_dbt_staging> on 2026-06-24 07:27:00+00:00
[2026-06-24T07:28:03.544+0000] {warnings.py:112} WARNING - /home/***/.local/lib/python3.12/site-packages/***/task/task_runner/standard_task_runner.py:70: DeprecationWarning: This process (pid=18634) is multi-threaded, use of fork() may lead to deadlocks in the child.
  pid = os.fork()

[2026-06-24T07:28:03.545+0000] {standard_task_runner.py:104} INFO - Running: ['***', 'tasks', 'run', 'extract_raw_data_pipeline', 'run_dbt_staging', 'scheduled__2026-06-24T07:27:00+00:00', '--job-id', '210', '--raw', '--subdir', 'DAGS_FOLDER/driven_data_pipeline.py', '--cfg-path', '/tmp/tmpfy10brn3']
[2026-06-24T07:28:03.546+0000] {standard_task_runner.py:72} INFO - Started process 18636 to run task
[2026-06-24T07:28:03.546+0000] {standard_task_runner.py:105} INFO - Job 210: Subtask run_dbt_staging
[2026-06-24T07:28:03.590+0000] {task_command.py:467} INFO - Running <TaskInstance: extract_raw_data_pipeline.run_dbt_staging scheduled__2026-06-24T07:27:00+00:00 [running]> on host f478a03fba5a
[2026-06-24T07:28:03.637+0000] {taskinstance.py:3131} INFO - Exporting env vars: AIRFLOW_CTX_DAG_OWNER='***' AIRFLOW_CTX_DAG_ID='extract_raw_data_pipeline' AIRFLOW_CTX_TASK_ID='run_dbt_staging' AIRFLOW_CTX_EXECUTION_DATE='2026-06-24T07:27:00+00:00' AIRFLOW_CTX_TRY_NUMBER='1' AIRFLOW_CTX_DAG_RUN_ID='scheduled__2026-06-24T07:27:00+00:00'
[2026-06-24T07:28:03.638+0000] {taskinstance.py:731} INFO - ::endgroup::
[2026-06-24T07:28:03.646+0000] {subprocess.py:63} INFO - Tmp dir root location: /tmp
[2026-06-24T07:28:03.647+0000] {subprocess.py:75} INFO - Running command: ['/usr/bin/bash', '-c', 'set -x; cd /opt/***/dbt && dbt run --select tag:staging']
[2026-06-24T07:28:03.652+0000] {subprocess.py:86} INFO - Output:
[2026-06-24T07:28:03.653+0000] {subprocess.py:93} INFO - + cd /opt/***/dbt
[2026-06-24T07:28:03.654+0000] {subprocess.py:93} INFO - + dbt run --select tag:staging
[2026-06-24T07:28:04.723+0000] {subprocess.py:93} INFO - [0m07:28:04  Running with dbt=1.8.0
[2026-06-24T07:28:04.861+0000] {subprocess.py:93} INFO - [0m07:28:04  Registered adapter: postgres=1.8.2
[2026-06-24T07:28:05.196+0000] {subprocess.py:93} INFO - [0m07:28:05  Found 9 models, 10 sources, 428 macros
[2026-06-24T07:28:05.198+0000] {subprocess.py:93} INFO - [0m07:28:05
[2026-06-24T07:28:05.293+0000] {subprocess.py:93} INFO - [0m07:28:05  Concurrency: 1 threads (target='dev')
[2026-06-24T07:28:05.294+0000] {subprocess.py:93} INFO - [0m07:28:05
[2026-06-24T07:28:05.300+0000] {subprocess.py:93} INFO - [0m07:28:05  1 of 5 START sql table model driven_staging.dim_address ........................ [RUN]
[2026-06-24T07:28:05.404+0000] {subprocess.py:93} INFO - [0m07:28:05  1 of 5 OK created sql table model driven_staging.dim_address ................... [[32mSELECT 17755[0m in 0.10s]
[2026-06-24T07:28:05.405+0000] {subprocess.py:93} INFO - [0m07:28:05  2 of 5 START sql table model driven_staging.dim_date ........................... [RUN]
[2026-06-24T07:28:05.451+0000] {subprocess.py:93} INFO - [0m07:28:05  2 of 5 OK created sql table model driven_staging.dim_date ...................... [[32mSELECT 17755[0m in 0.04s]
[2026-06-24T07:28:05.453+0000] {subprocess.py:93} INFO - [0m07:28:05  3 of 5 START sql table model driven_staging.dim_finance ........................ [RUN]
[2026-06-24T07:28:05.501+0000] {subprocess.py:93} INFO - [0m07:28:05  3 of 5 OK created sql table model driven_staging.dim_finance ................... [[32mSELECT 17755[0m in 0.05s]
[2026-06-24T07:28:05.502+0000] {subprocess.py:93} INFO - [0m07:28:05  4 of 5 START sql table model driven_staging.dim_person ......................... [RUN]
[2026-06-24T07:28:05.561+0000] {subprocess.py:93} INFO - [0m07:28:05  4 of 5 OK created sql table model driven_staging.dim_person .................... [[32mSELECT 17755[0m in 0.06s]
[2026-06-24T07:28:05.563+0000] {subprocess.py:93} INFO - [0m07:28:05  5 of 5 START sql table model driven_staging.fact_network_usage ................. [RUN]
[2026-06-24T07:28:05.816+0000] {subprocess.py:93} INFO - [0m07:28:05  5 of 5 OK created sql table model driven_staging.fact_network_usage ............ [[32mSELECT 17755[0m in 0.25s]
[2026-06-24T07:28:05.825+0000] {subprocess.py:93} INFO - [0m07:28:05
[2026-06-24T07:28:05.826+0000] {subprocess.py:93} INFO - [0m07:28:05  Finished running 5 table models in 0 hours 0 minutes and 0.61 seconds (0.61s).
[2026-06-24T07:28:05.855+0000] {subprocess.py:93} INFO - [0m07:28:05
[2026-06-24T07:28:05.855+0000] {subprocess.py:93} INFO - [0m07:28:05  [32mCompleted successfully[0m
[2026-06-24T07:28:05.855+0000] {subprocess.py:93} INFO - [0m07:28:05
[2026-06-24T07:28:05.856+0000] {subprocess.py:93} INFO - [0m07:28:05  Done. PASS=5 WARN=0 ERROR=0 SKIP=0 TOTAL=5
[2026-06-24T07:28:06.280+0000] {subprocess.py:97} INFO - Command exited with return code 0
[2026-06-24T07:28:06.300+0000] {taskinstance.py:340} INFO - ::group::Post task execution logs
[2026-06-24T07:28:06.301+0000] {taskinstance.py:352} INFO - Marking task as SUCCESS. dag_id=extract_raw_data_pipeline, task_id=run_dbt_staging, run_id=scheduled__2026-06-24T07:27:00+00:00, execution_date=20260624T072700, start_date=20260624T072803, end_date=20260624T072806
[2026-06-24T07:28:06.330+0000] {local_task_job_runner.py:266} INFO - Task exited with return code 0
[2026-06-24T07:28:06.345+0000] {taskinstance.py:3900} INFO - 1 downstream tasks scheduled from follow-on schedule check
[2026-06-24T07:28:06.365+0000] {local_task_job_runner.py:245} INFO - ::endgroup::
