[2026-06-24T07:41:08.109+0000] {local_task_job_runner.py:123} INFO - ::group::Pre task execution logs
[2026-06-24T07:41:08.117+0000] {taskinstance.py:2612} INFO - Dependencies all met for dep_context=non-requeueable deps ti=<TaskInstance: extract_raw_data_pipeline.run_dbt_trusted scheduled__2026-06-24T07:40:00+00:00 [queued]>
[2026-06-24T07:41:08.121+0000] {taskinstance.py:2612} INFO - Dependencies all met for dep_context=requeueable deps ti=<TaskInstance: extract_raw_data_pipeline.run_dbt_trusted scheduled__2026-06-24T07:40:00+00:00 [queued]>
[2026-06-24T07:41:08.122+0000] {taskinstance.py:2865} INFO - Starting attempt 1 of 1
[2026-06-24T07:41:08.130+0000] {taskinstance.py:2888} INFO - Executing <Task(BashOperator): run_dbt_trusted> on 2026-06-24 07:40:00+00:00
[2026-06-24T07:41:08.134+0000] {warnings.py:112} WARNING - /home/***/.local/lib/python3.12/site-packages/***/task/task_runner/standard_task_runner.py:70: DeprecationWarning: This process (pid=19810) is multi-threaded, use of fork() may lead to deadlocks in the child.
  pid = os.fork()

[2026-06-24T07:41:08.135+0000] {standard_task_runner.py:72} INFO - Started process 19812 to run task
[2026-06-24T07:41:08.135+0000] {standard_task_runner.py:104} INFO - Running: ['***', 'tasks', 'run', 'extract_raw_data_pipeline', 'run_dbt_trusted', 'scheduled__2026-06-24T07:40:00+00:00', '--job-id', '289', '--raw', '--subdir', 'DAGS_FOLDER/driven_data_pipeline.py', '--cfg-path', '/tmp/tmp_do0tew4']
[2026-06-24T07:41:08.136+0000] {standard_task_runner.py:105} INFO - Job 289: Subtask run_dbt_trusted
[2026-06-24T07:41:08.185+0000] {task_command.py:467} INFO - Running <TaskInstance: extract_raw_data_pipeline.run_dbt_trusted scheduled__2026-06-24T07:40:00+00:00 [running]> on host f478a03fba5a
[2026-06-24T07:41:08.228+0000] {taskinstance.py:3131} INFO - Exporting env vars: AIRFLOW_CTX_DAG_OWNER='***' AIRFLOW_CTX_DAG_ID='extract_raw_data_pipeline' AIRFLOW_CTX_TASK_ID='run_dbt_trusted' AIRFLOW_CTX_EXECUTION_DATE='2026-06-24T07:40:00+00:00' AIRFLOW_CTX_TRY_NUMBER='1' AIRFLOW_CTX_DAG_RUN_ID='scheduled__2026-06-24T07:40:00+00:00'
[2026-06-24T07:41:08.229+0000] {taskinstance.py:731} INFO - ::endgroup::
[2026-06-24T07:41:08.236+0000] {subprocess.py:63} INFO - Tmp dir root location: /tmp
[2026-06-24T07:41:08.237+0000] {subprocess.py:75} INFO - Running command: ['/usr/bin/bash', '-c', 'set -x; cd /opt/***/dbt && dbt run --select tag:trusted']
[2026-06-24T07:41:08.242+0000] {subprocess.py:86} INFO - Output:
[2026-06-24T07:41:08.243+0000] {subprocess.py:93} INFO - + cd /opt/***/dbt
[2026-06-24T07:41:08.244+0000] {subprocess.py:93} INFO - + dbt run --select tag:trusted
[2026-06-24T07:41:09.274+0000] {subprocess.py:93} INFO - [0m07:41:09  Running with dbt=1.8.0
[2026-06-24T07:41:09.410+0000] {subprocess.py:93} INFO - [0m07:41:09  Registered adapter: postgres=1.8.2
[2026-06-24T07:41:09.710+0000] {subprocess.py:93} INFO - [0m07:41:09  Found 9 models, 10 sources, 428 macros
[2026-06-24T07:41:09.720+0000] {subprocess.py:93} INFO - [0m07:41:09
[2026-06-24T07:41:09.833+0000] {subprocess.py:93} INFO - [0m07:41:09  Concurrency: 1 threads (target='dev')
[2026-06-24T07:41:09.834+0000] {subprocess.py:93} INFO - [0m07:41:09
[2026-06-24T07:41:09.841+0000] {subprocess.py:93} INFO - [0m07:41:09  1 of 4 START sql table model driven_trusted.non_pii_data ....................... [RUN]
[2026-06-24T07:41:10.319+0000] {subprocess.py:93} INFO - [0m07:41:10  1 of 4 OK created sql table model driven_trusted.non_pii_data .................. [[32mSELECT 31745[0m in 0.48s]
[2026-06-24T07:41:10.322+0000] {subprocess.py:93} INFO - [0m07:41:10  2 of 4 START sql table model driven_trusted.payment_data ....................... [RUN]
[2026-06-24T07:41:10.412+0000] {subprocess.py:93} INFO - [0m07:41:10  2 of 4 OK created sql table model driven_trusted.payment_data .................. [[32mSELECT 24857[0m in 0.09s]
[2026-06-24T07:41:10.414+0000] {subprocess.py:93} INFO - [0m07:41:10  3 of 4 START sql table model driven_trusted.pii_data ........................... [RUN]
[2026-06-24T07:41:10.899+0000] {subprocess.py:93} INFO - [0m07:41:10  3 of 4 OK created sql table model driven_trusted.pii_data ...................... [[32mSELECT 31745[0m in 0.48s]
[2026-06-24T07:41:10.900+0000] {subprocess.py:93} INFO - [0m07:41:10  4 of 4 START sql table model driven_trusted.technical_data ..................... [RUN]
[2026-06-24T07:41:11.007+0000] {subprocess.py:93} INFO - [0m07:41:11  4 of 4 OK created sql table model driven_trusted.technical_data ................ [[32mSELECT 24857[0m in 0.11s]
[2026-06-24T07:41:11.016+0000] {subprocess.py:93} INFO - [0m07:41:11
[2026-06-24T07:41:11.017+0000] {subprocess.py:93} INFO - [0m07:41:11  Finished running 4 table models in 0 hours 0 minutes and 1.29 seconds (1.29s).
[2026-06-24T07:41:11.063+0000] {subprocess.py:93} INFO - [0m07:41:11
[2026-06-24T07:41:11.063+0000] {subprocess.py:93} INFO - [0m07:41:11  [32mCompleted successfully[0m
[2026-06-24T07:41:11.080+0000] {subprocess.py:93} INFO - [0m07:41:11
[2026-06-24T07:41:11.081+0000] {subprocess.py:93} INFO - [0m07:41:11  Done. PASS=4 WARN=0 ERROR=0 SKIP=0 TOTAL=4
[2026-06-24T07:41:11.484+0000] {subprocess.py:97} INFO - Command exited with return code 0
[2026-06-24T07:41:11.502+0000] {taskinstance.py:340} INFO - ::group::Post task execution logs
[2026-06-24T07:41:11.503+0000] {taskinstance.py:352} INFO - Marking task as SUCCESS. dag_id=extract_raw_data_pipeline, task_id=run_dbt_trusted, run_id=scheduled__2026-06-24T07:40:00+00:00, execution_date=20260624T074000, start_date=20260624T074108, end_date=20260624T074111
[2026-06-24T07:41:11.522+0000] {local_task_job_runner.py:266} INFO - Task exited with return code 0
[2026-06-24T07:41:11.531+0000] {taskinstance.py:3900} INFO - 0 downstream tasks scheduled from follow-on schedule check
[2026-06-24T07:41:11.537+0000] {local_task_job_runner.py:245} INFO - ::endgroup::
