[2026-06-24T07:21:04.384+0000] {local_task_job_runner.py:123} INFO - ::group::Pre task execution logs
[2026-06-24T07:21:04.392+0000] {taskinstance.py:2612} INFO - Dependencies all met for dep_context=non-requeueable deps ti=<TaskInstance: extract_raw_data_pipeline.run_dbt_staging scheduled__2026-06-24T07:20:00+00:00 [queued]>
[2026-06-24T07:21:04.397+0000] {taskinstance.py:2612} INFO - Dependencies all met for dep_context=requeueable deps ti=<TaskInstance: extract_raw_data_pipeline.run_dbt_staging scheduled__2026-06-24T07:20:00+00:00 [queued]>
[2026-06-24T07:21:04.398+0000] {taskinstance.py:2865} INFO - Starting attempt 1 of 1
[2026-06-24T07:21:04.407+0000] {taskinstance.py:2888} INFO - Executing <Task(BashOperator): run_dbt_staging> on 2026-06-24 07:20:00+00:00
[2026-06-24T07:21:04.410+0000] {warnings.py:112} WARNING - /home/***/.local/lib/python3.12/site-packages/***/task/task_runner/standard_task_runner.py:70: DeprecationWarning: This process (pid=18010) is multi-threaded, use of fork() may lead to deadlocks in the child.
  pid = os.fork()

[2026-06-24T07:21:04.411+0000] {standard_task_runner.py:104} INFO - Running: ['***', 'tasks', 'run', 'extract_raw_data_pipeline', 'run_dbt_staging', 'scheduled__2026-06-24T07:20:00+00:00', '--job-id', '168', '--raw', '--subdir', 'DAGS_FOLDER/driven_data_pipeline.py', '--cfg-path', '/tmp/tmpxphvnnuo']
[2026-06-24T07:21:04.414+0000] {standard_task_runner.py:72} INFO - Started process 18012 to run task
[2026-06-24T07:21:04.414+0000] {standard_task_runner.py:105} INFO - Job 168: Subtask run_dbt_staging
[2026-06-24T07:21:04.465+0000] {task_command.py:467} INFO - Running <TaskInstance: extract_raw_data_pipeline.run_dbt_staging scheduled__2026-06-24T07:20:00+00:00 [running]> on host f478a03fba5a
[2026-06-24T07:21:04.517+0000] {taskinstance.py:3131} INFO - Exporting env vars: AIRFLOW_CTX_DAG_OWNER='***' AIRFLOW_CTX_DAG_ID='extract_raw_data_pipeline' AIRFLOW_CTX_TASK_ID='run_dbt_staging' AIRFLOW_CTX_EXECUTION_DATE='2026-06-24T07:20:00+00:00' AIRFLOW_CTX_TRY_NUMBER='1' AIRFLOW_CTX_DAG_RUN_ID='scheduled__2026-06-24T07:20:00+00:00'
[2026-06-24T07:21:04.518+0000] {taskinstance.py:731} INFO - ::endgroup::
[2026-06-24T07:21:04.525+0000] {subprocess.py:63} INFO - Tmp dir root location: /tmp
[2026-06-24T07:21:04.526+0000] {subprocess.py:75} INFO - Running command: ['/usr/bin/bash', '-c', 'set -x; cd /opt/***/dbt && dbt run --select tag:staging']
[2026-06-24T07:21:04.532+0000] {subprocess.py:86} INFO - Output:
[2026-06-24T07:21:04.533+0000] {subprocess.py:93} INFO - + cd /opt/***/dbt
[2026-06-24T07:21:04.533+0000] {subprocess.py:93} INFO - + dbt run --select tag:staging
[2026-06-24T07:21:05.594+0000] {subprocess.py:93} INFO - [0m07:21:05  Running with dbt=1.8.0
[2026-06-24T07:21:05.806+0000] {subprocess.py:93} INFO - [0m07:21:05  Registered adapter: postgres=1.8.2
[2026-06-24T07:21:06.120+0000] {subprocess.py:93} INFO - [0m07:21:06  Found 9 models, 10 sources, 428 macros
[2026-06-24T07:21:06.125+0000] {subprocess.py:93} INFO - [0m07:21:06
[2026-06-24T07:21:06.200+0000] {subprocess.py:93} INFO - [0m07:21:06  Concurrency: 1 threads (target='dev')
[2026-06-24T07:21:06.200+0000] {subprocess.py:93} INFO - [0m07:21:06
[2026-06-24T07:21:06.206+0000] {subprocess.py:93} INFO - [0m07:21:06  1 of 5 START sql table model driven_staging.dim_address ........................ [RUN]
[2026-06-24T07:21:06.322+0000] {subprocess.py:93} INFO - [0m07:21:06  1 of 5 OK created sql table model driven_staging.dim_address ................... [[32mSELECT 13781[0m in 0.11s]
[2026-06-24T07:21:06.332+0000] {subprocess.py:93} INFO - [0m07:21:06  2 of 5 START sql table model driven_staging.dim_date ........................... [RUN]
[2026-06-24T07:21:06.409+0000] {subprocess.py:93} INFO - [0m07:21:06  2 of 5 OK created sql table model driven_staging.dim_date ...................... [[32mSELECT 13781[0m in 0.08s]
[2026-06-24T07:21:06.413+0000] {subprocess.py:93} INFO - [0m07:21:06  3 of 5 START sql table model driven_staging.dim_finance ........................ [RUN]
[2026-06-24T07:21:06.484+0000] {subprocess.py:93} INFO - [0m07:21:06  3 of 5 OK created sql table model driven_staging.dim_finance ................... [[32mSELECT 13781[0m in 0.07s]
[2026-06-24T07:21:06.486+0000] {subprocess.py:93} INFO - [0m07:21:06  4 of 5 START sql table model driven_staging.dim_person ......................... [RUN]
[2026-06-24T07:21:06.573+0000] {subprocess.py:93} INFO - [0m07:21:06  4 of 5 OK created sql table model driven_staging.dim_person .................... [[32mSELECT 13781[0m in 0.09s]
[2026-06-24T07:21:06.575+0000] {subprocess.py:93} INFO - [0m07:21:06  5 of 5 START sql table model driven_staging.fact_network_usage ................. [RUN]
[2026-06-24T07:21:06.619+0000] {subprocess.py:93} INFO - [0m07:21:06  5 of 5 OK created sql table model driven_staging.fact_network_usage ............ [[32mSELECT 13781[0m in 0.04s]
[2026-06-24T07:21:06.627+0000] {subprocess.py:93} INFO - [0m07:21:06
[2026-06-24T07:21:06.628+0000] {subprocess.py:93} INFO - [0m07:21:06  Finished running 5 table models in 0 hours 0 minutes and 0.50 seconds (0.50s).
[2026-06-24T07:21:06.656+0000] {subprocess.py:93} INFO - [0m07:21:06
[2026-06-24T07:21:06.661+0000] {subprocess.py:93} INFO - [0m07:21:06  [32mCompleted successfully[0m
[2026-06-24T07:21:06.666+0000] {subprocess.py:93} INFO - [0m07:21:06
[2026-06-24T07:21:06.672+0000] {subprocess.py:93} INFO - [0m07:21:06  Done. PASS=5 WARN=0 ERROR=0 SKIP=0 TOTAL=5
[2026-06-24T07:21:07.091+0000] {subprocess.py:97} INFO - Command exited with return code 0
[2026-06-24T07:21:07.107+0000] {taskinstance.py:340} INFO - ::group::Post task execution logs
[2026-06-24T07:21:07.108+0000] {taskinstance.py:352} INFO - Marking task as SUCCESS. dag_id=extract_raw_data_pipeline, task_id=run_dbt_staging, run_id=scheduled__2026-06-24T07:20:00+00:00, execution_date=20260624T072000, start_date=20260624T072104, end_date=20260624T072107
[2026-06-24T07:21:07.159+0000] {local_task_job_runner.py:266} INFO - Task exited with return code 0
[2026-06-24T07:21:07.176+0000] {taskinstance.py:3900} INFO - 1 downstream tasks scheduled from follow-on schedule check
[2026-06-24T07:21:07.180+0000] {local_task_job_runner.py:245} INFO - ::endgroup::
