[2026-06-18T03:08:52.578+0000] {local_task_job_runner.py:123} INFO - ::group::Pre task execution logs
[2026-06-18T03:08:52.587+0000] {taskinstance.py:2612} INFO - Dependencies all met for dep_context=non-requeueable deps ti=<TaskInstance: extract_raw_data_pipeline.run_dbt_trusted scheduled__2026-06-17T07:58:00+00:00 [queued]>
[2026-06-18T03:08:52.592+0000] {taskinstance.py:2612} INFO - Dependencies all met for dep_context=requeueable deps ti=<TaskInstance: extract_raw_data_pipeline.run_dbt_trusted scheduled__2026-06-17T07:58:00+00:00 [queued]>
[2026-06-18T03:08:52.592+0000] {taskinstance.py:2865} INFO - Starting attempt 2 of 2
[2026-06-18T03:08:52.601+0000] {taskinstance.py:2888} INFO - Executing <Task(BashOperator): run_dbt_trusted> on 2026-06-17 07:58:00+00:00
[2026-06-18T03:08:52.605+0000] {warnings.py:112} WARNING - /home/***/.local/lib/python3.12/site-packages/***/task/task_runner/standard_task_runner.py:70: DeprecationWarning: This process (pid=2067) is multi-threaded, use of fork() may lead to deadlocks in the child.
  pid = os.fork()

[2026-06-18T03:08:52.606+0000] {standard_task_runner.py:72} INFO - Started process 2069 to run task
[2026-06-18T03:08:52.606+0000] {standard_task_runner.py:104} INFO - Running: ['***', 'tasks', 'run', 'extract_raw_data_pipeline', 'run_dbt_trusted', 'scheduled__2026-06-17T07:58:00+00:00', '--job-id', '14', '--raw', '--subdir', 'DAGS_FOLDER/batch_generator.py', '--cfg-path', '/tmp/tmp7bw4uv81']
[2026-06-18T03:08:52.607+0000] {standard_task_runner.py:105} INFO - Job 14: Subtask run_dbt_trusted
[2026-06-18T03:08:52.652+0000] {task_command.py:467} INFO - Running <TaskInstance: extract_raw_data_pipeline.run_dbt_trusted scheduled__2026-06-17T07:58:00+00:00 [running]> on host f478a03fba5a
[2026-06-18T03:08:52.693+0000] {taskinstance.py:3131} INFO - Exporting env vars: AIRFLOW_CTX_DAG_OWNER='***' AIRFLOW_CTX_DAG_ID='extract_raw_data_pipeline' AIRFLOW_CTX_TASK_ID='run_dbt_trusted' AIRFLOW_CTX_EXECUTION_DATE='2026-06-17T07:58:00+00:00' AIRFLOW_CTX_TRY_NUMBER='2' AIRFLOW_CTX_DAG_RUN_ID='scheduled__2026-06-17T07:58:00+00:00'
[2026-06-18T03:08:52.694+0000] {taskinstance.py:731} INFO - ::endgroup::
[2026-06-18T03:08:52.701+0000] {subprocess.py:63} INFO - Tmp dir root location: /tmp
[2026-06-18T03:08:52.702+0000] {subprocess.py:75} INFO - Running command: ['/usr/bin/bash', '-c', 'set -x; cd /opt/***/dbt && dbt run --select tag:trusted']
[2026-06-18T03:08:52.707+0000] {subprocess.py:86} INFO - Output:
[2026-06-18T03:08:52.708+0000] {subprocess.py:93} INFO - + cd /opt/***/dbt
[2026-06-18T03:08:52.708+0000] {subprocess.py:93} INFO - + dbt run --select tag:trusted
[2026-06-18T03:08:53.802+0000] {subprocess.py:93} INFO - [0m03:08:53  Running with dbt=1.8.0
[2026-06-18T03:08:53.940+0000] {subprocess.py:93} INFO - [0m03:08:53  Registered adapter: postgres=1.8.2
[2026-06-18T03:08:54.246+0000] {subprocess.py:93} INFO - [0m03:08:54  Found 9 models, 10 sources, 428 macros
[2026-06-18T03:08:54.248+0000] {subprocess.py:93} INFO - [0m03:08:54
[2026-06-18T03:08:54.318+0000] {subprocess.py:93} INFO - [0m03:08:54  Concurrency: 1 threads (target='dev')
[2026-06-18T03:08:54.319+0000] {subprocess.py:93} INFO - [0m03:08:54
[2026-06-18T03:08:54.325+0000] {subprocess.py:93} INFO - [0m03:08:54  1 of 4 START sql table model drive_trusted.non_pii_data ........................ [RUN]
[2026-06-18T03:08:54.427+0000] {subprocess.py:93} INFO - [0m03:08:54  1 of 4 OK created sql table model drive_trusted.non_pii_data ................... [[32mSELECT 7872[0m in 0.10s]
[2026-06-18T03:08:54.428+0000] {subprocess.py:93} INFO - [0m03:08:54  2 of 4 START sql table model drive_trusted.payment_data ........................ [RUN]
[2026-06-18T03:08:54.465+0000] {subprocess.py:93} INFO - [0m03:08:54  2 of 4 OK created sql table model drive_trusted.payment_data ................... [[32mSELECT 984[0m in 0.04s]
[2026-06-18T03:08:54.467+0000] {subprocess.py:93} INFO - [0m03:08:54  3 of 4 START sql table model drive_trusted.pii_data ............................ [RUN]
[2026-06-18T03:08:54.531+0000] {subprocess.py:93} INFO - [0m03:08:54  3 of 4 OK created sql table model drive_trusted.pii_data ....................... [[32mSELECT 7872[0m in 0.06s]
[2026-06-18T03:08:54.533+0000] {subprocess.py:93} INFO - [0m03:08:54  4 of 4 START sql table model drive_trusted.technical_data ...................... [RUN]
[2026-06-18T03:08:54.602+0000] {subprocess.py:93} INFO - [0m03:08:54  4 of 4 OK created sql table model drive_trusted.technical_data ................. [[32mSELECT 984[0m in 0.07s]
[2026-06-18T03:08:54.611+0000] {subprocess.py:93} INFO - [0m03:08:54
[2026-06-18T03:08:54.612+0000] {subprocess.py:93} INFO - [0m03:08:54  Finished running 4 table models in 0 hours 0 minutes and 0.36 seconds (0.36s).
[2026-06-18T03:08:54.640+0000] {subprocess.py:93} INFO - [0m03:08:54
[2026-06-18T03:08:54.641+0000] {subprocess.py:93} INFO - [0m03:08:54  [32mCompleted successfully[0m
[2026-06-18T03:08:54.641+0000] {subprocess.py:93} INFO - [0m03:08:54
[2026-06-18T03:08:54.642+0000] {subprocess.py:93} INFO - [0m03:08:54  Done. PASS=4 WARN=0 ERROR=0 SKIP=0 TOTAL=4
[2026-06-18T03:08:55.051+0000] {subprocess.py:97} INFO - Command exited with return code 0
[2026-06-18T03:08:55.073+0000] {taskinstance.py:340} INFO - ::group::Post task execution logs
[2026-06-18T03:08:55.074+0000] {taskinstance.py:352} INFO - Marking task as SUCCESS. dag_id=extract_raw_data_pipeline, task_id=run_dbt_trusted, run_id=scheduled__2026-06-17T07:58:00+00:00, execution_date=20260617T075800, start_date=20260618T030852, end_date=20260618T030855
[2026-06-18T03:08:55.108+0000] {local_task_job_runner.py:266} INFO - Task exited with return code 0
[2026-06-18T03:08:55.117+0000] {taskinstance.py:3900} INFO - 0 downstream tasks scheduled from follow-on schedule check
[2026-06-18T03:08:55.120+0000] {local_task_job_runner.py:245} INFO - ::endgroup::
