[2026-06-18T03:39:49.667+0000] {local_task_job_runner.py:123} INFO - ::group::Pre task execution logs
[2026-06-18T03:39:49.677+0000] {taskinstance.py:2612} INFO - Dependencies all met for dep_context=non-requeueable deps ti=<TaskInstance: extract_raw_data_pipeline.run_dbt_trusted scheduled__2026-06-17T07:58:00+00:00 [queued]>
[2026-06-18T03:39:49.681+0000] {taskinstance.py:2612} INFO - Dependencies all met for dep_context=requeueable deps ti=<TaskInstance: extract_raw_data_pipeline.run_dbt_trusted scheduled__2026-06-17T07:58:00+00:00 [queued]>
[2026-06-18T03:39:49.682+0000] {taskinstance.py:2865} INFO - Starting attempt 3 of 3
[2026-06-18T03:39:49.691+0000] {taskinstance.py:2888} INFO - Executing <Task(BashOperator): run_dbt_trusted> on 2026-06-17 07:58:00+00:00
[2026-06-18T03:39:49.695+0000] {warnings.py:112} WARNING - /home/***/.local/lib/python3.12/site-packages/***/task/task_runner/standard_task_runner.py:70: DeprecationWarning: This process (pid=2589) is multi-threaded, use of fork() may lead to deadlocks in the child.
  pid = os.fork()

[2026-06-18T03:39:49.696+0000] {standard_task_runner.py:104} INFO - Running: ['***', 'tasks', 'run', 'extract_raw_data_pipeline', 'run_dbt_trusted', 'scheduled__2026-06-17T07:58:00+00:00', '--job-id', '20', '--raw', '--subdir', 'DAGS_FOLDER/batch_generator.py', '--cfg-path', '/tmp/tmp876no5e3']
[2026-06-18T03:39:49.696+0000] {standard_task_runner.py:72} INFO - Started process 2591 to run task
[2026-06-18T03:39:49.697+0000] {standard_task_runner.py:105} INFO - Job 20: Subtask run_dbt_trusted
[2026-06-18T03:39:49.748+0000] {task_command.py:467} INFO - Running <TaskInstance: extract_raw_data_pipeline.run_dbt_trusted scheduled__2026-06-17T07:58:00+00:00 [running]> on host f478a03fba5a
[2026-06-18T03:39:49.792+0000] {taskinstance.py:3131} INFO - Exporting env vars: AIRFLOW_CTX_DAG_OWNER='***' AIRFLOW_CTX_DAG_ID='extract_raw_data_pipeline' AIRFLOW_CTX_TASK_ID='run_dbt_trusted' AIRFLOW_CTX_EXECUTION_DATE='2026-06-17T07:58:00+00:00' AIRFLOW_CTX_TRY_NUMBER='3' AIRFLOW_CTX_DAG_RUN_ID='scheduled__2026-06-17T07:58:00+00:00'
[2026-06-18T03:39:49.793+0000] {taskinstance.py:731} INFO - ::endgroup::
[2026-06-18T03:39:49.801+0000] {subprocess.py:63} INFO - Tmp dir root location: /tmp
[2026-06-18T03:39:49.802+0000] {subprocess.py:75} INFO - Running command: ['/usr/bin/bash', '-c', 'set -x; cd /opt/***/dbt && dbt run --select tag:trusted']
[2026-06-18T03:39:49.808+0000] {subprocess.py:86} INFO - Output:
[2026-06-18T03:39:49.809+0000] {subprocess.py:93} INFO - + cd /opt/***/dbt
[2026-06-18T03:39:49.809+0000] {subprocess.py:93} INFO - + dbt run --select tag:trusted
[2026-06-18T03:39:50.943+0000] {subprocess.py:93} INFO - [0m03:39:50  Running with dbt=1.8.0
[2026-06-18T03:39:51.097+0000] {subprocess.py:93} INFO - [0m03:39:51  Registered adapter: postgres=1.8.2
[2026-06-18T03:39:51.435+0000] {subprocess.py:93} INFO - [0m03:39:51  Found 9 models, 10 sources, 428 macros
[2026-06-18T03:39:51.443+0000] {subprocess.py:93} INFO - [0m03:39:51
[2026-06-18T03:39:51.536+0000] {subprocess.py:93} INFO - [0m03:39:51  Concurrency: 1 threads (target='dev')
[2026-06-18T03:39:51.537+0000] {subprocess.py:93} INFO - [0m03:39:51
[2026-06-18T03:39:51.543+0000] {subprocess.py:93} INFO - [0m03:39:51  1 of 4 START sql table model driven_trusted.non_pii_data ....................... [RUN]
[2026-06-18T03:39:51.647+0000] {subprocess.py:93} INFO - [0m03:39:51  1 of 4 OK created sql table model driven_trusted.non_pii_data .................. [[32mSELECT 8019[0m in 0.10s]
[2026-06-18T03:39:51.649+0000] {subprocess.py:93} INFO - [0m03:39:51  2 of 4 START sql table model driven_trusted.payment_data ....................... [RUN]
[2026-06-18T03:39:51.685+0000] {subprocess.py:93} INFO - [0m03:39:51  2 of 4 OK created sql table model driven_trusted.payment_data .................. [[32mSELECT 1131[0m in 0.04s]
[2026-06-18T03:39:51.687+0000] {subprocess.py:93} INFO - [0m03:39:51  3 of 4 START sql table model driven_trusted.pii_data ........................... [RUN]
[2026-06-18T03:39:51.761+0000] {subprocess.py:93} INFO - [0m03:39:51  3 of 4 OK created sql table model driven_trusted.pii_data ...................... [[32mSELECT 8019[0m in 0.07s]
[2026-06-18T03:39:51.763+0000] {subprocess.py:93} INFO - [0m03:39:51  4 of 4 START sql table model driven_trusted.technical_data ..................... [RUN]
[2026-06-18T03:39:51.827+0000] {subprocess.py:93} INFO - [0m03:39:51  4 of 4 OK created sql table model driven_trusted.technical_data ................ [[32mSELECT 1131[0m in 0.06s]
[2026-06-18T03:39:51.836+0000] {subprocess.py:93} INFO - [0m03:39:51
[2026-06-18T03:39:51.837+0000] {subprocess.py:93} INFO - [0m03:39:51  Finished running 4 table models in 0 hours 0 minutes and 0.39 seconds (0.39s).
[2026-06-18T03:39:51.866+0000] {subprocess.py:93} INFO - [0m03:39:51
[2026-06-18T03:39:51.867+0000] {subprocess.py:93} INFO - [0m03:39:51  [32mCompleted successfully[0m
[2026-06-18T03:39:51.869+0000] {subprocess.py:93} INFO - [0m03:39:51
[2026-06-18T03:39:51.873+0000] {subprocess.py:93} INFO - [0m03:39:51  Done. PASS=4 WARN=0 ERROR=0 SKIP=0 TOTAL=4
[2026-06-18T03:39:52.328+0000] {subprocess.py:97} INFO - Command exited with return code 0
[2026-06-18T03:39:52.343+0000] {taskinstance.py:340} INFO - ::group::Post task execution logs
[2026-06-18T03:39:52.344+0000] {taskinstance.py:352} INFO - Marking task as SUCCESS. dag_id=extract_raw_data_pipeline, task_id=run_dbt_trusted, run_id=scheduled__2026-06-17T07:58:00+00:00, execution_date=20260617T075800, start_date=20260618T033949, end_date=20260618T033952
[2026-06-18T03:39:52.362+0000] {local_task_job_runner.py:266} INFO - Task exited with return code 0
[2026-06-18T03:39:52.372+0000] {taskinstance.py:3900} INFO - 0 downstream tasks scheduled from follow-on schedule check
[2026-06-18T03:39:52.375+0000] {local_task_job_runner.py:245} INFO - ::endgroup::
