[2026-06-18T03:04:26.980+0000] {local_task_job_runner.py:123} INFO - ::group::Pre task execution logs
[2026-06-18T03:04:26.991+0000] {taskinstance.py:2612} INFO - Dependencies all met for dep_context=non-requeueable deps ti=<TaskInstance: extract_raw_data_pipeline.run_dbt_trusted scheduled__2026-06-17T07:58:00+00:00 [queued]>
[2026-06-18T03:04:26.996+0000] {taskinstance.py:2612} INFO - Dependencies all met for dep_context=requeueable deps ti=<TaskInstance: extract_raw_data_pipeline.run_dbt_trusted scheduled__2026-06-17T07:58:00+00:00 [queued]>
[2026-06-18T03:04:26.997+0000] {taskinstance.py:2865} INFO - Starting attempt 1 of 1
[2026-06-18T03:04:27.007+0000] {taskinstance.py:2888} INFO - Executing <Task(BashOperator): run_dbt_trusted> on 2026-06-17 07:58:00+00:00
[2026-06-18T03:04:27.011+0000] {warnings.py:112} WARNING - /home/***/.local/lib/python3.12/site-packages/***/task/task_runner/standard_task_runner.py:70: DeprecationWarning: This process (pid=1972) is multi-threaded, use of fork() may lead to deadlocks in the child.
  pid = os.fork()

[2026-06-18T03:04:27.013+0000] {standard_task_runner.py:72} INFO - Started process 1974 to run task
[2026-06-18T03:04:27.013+0000] {standard_task_runner.py:104} INFO - Running: ['***', 'tasks', 'run', 'extract_raw_data_pipeline', 'run_dbt_trusted', 'scheduled__2026-06-17T07:58:00+00:00', '--job-id', '9', '--raw', '--subdir', 'DAGS_FOLDER/batch_generator.py', '--cfg-path', '/tmp/tmpt38ce0hl']
[2026-06-18T03:04:27.014+0000] {standard_task_runner.py:105} INFO - Job 9: Subtask run_dbt_trusted
[2026-06-18T03:04:27.081+0000] {task_command.py:467} INFO - Running <TaskInstance: extract_raw_data_pipeline.run_dbt_trusted scheduled__2026-06-17T07:58:00+00:00 [running]> on host f478a03fba5a
[2026-06-18T03:04:27.131+0000] {taskinstance.py:3131} INFO - Exporting env vars: AIRFLOW_CTX_DAG_OWNER='***' AIRFLOW_CTX_DAG_ID='extract_raw_data_pipeline' AIRFLOW_CTX_TASK_ID='run_dbt_trusted' AIRFLOW_CTX_EXECUTION_DATE='2026-06-17T07:58:00+00:00' AIRFLOW_CTX_TRY_NUMBER='1' AIRFLOW_CTX_DAG_RUN_ID='scheduled__2026-06-17T07:58:00+00:00'
[2026-06-18T03:04:27.132+0000] {taskinstance.py:731} INFO - ::endgroup::
[2026-06-18T03:04:27.140+0000] {subprocess.py:63} INFO - Tmp dir root location: /tmp
[2026-06-18T03:04:27.141+0000] {subprocess.py:75} INFO - Running command: ['/usr/bin/bash', '-c', 'set -x; cd /opt/***/dbt && dbt run --select tag:trusted']
[2026-06-18T03:04:27.147+0000] {subprocess.py:86} INFO - Output:
[2026-06-18T03:04:27.148+0000] {subprocess.py:93} INFO - + cd /opt/***/dbt
[2026-06-18T03:04:27.148+0000] {subprocess.py:93} INFO - + dbt run --select tag:trusted
[2026-06-18T03:04:28.327+0000] {subprocess.py:93} INFO - [0m03:04:28  Running with dbt=1.8.0
[2026-06-18T03:04:28.486+0000] {subprocess.py:93} INFO - [0m03:04:28  Registered adapter: postgres=1.8.2
[2026-06-18T03:04:28.837+0000] {subprocess.py:93} INFO - [0m03:04:28  Found 9 models, 10 sources, 428 macros
[2026-06-18T03:04:28.839+0000] {subprocess.py:93} INFO - [0m03:04:28
[2026-06-18T03:04:28.911+0000] {subprocess.py:93} INFO - [0m03:04:28  Concurrency: 1 threads (target='dev')
[2026-06-18T03:04:28.911+0000] {subprocess.py:93} INFO - [0m03:04:28
[2026-06-18T03:04:28.917+0000] {subprocess.py:93} INFO - [0m03:04:28  1 of 4 START sql table model drive_trusted.non_pii_data ........................ [RUN]
[2026-06-18T03:04:29.013+0000] {subprocess.py:93} INFO - [0m03:04:29  1 of 4 OK created sql table model drive_trusted.non_pii_data ................... [[32mSELECT 246[0m in 0.09s]
[2026-06-18T03:04:29.015+0000] {subprocess.py:93} INFO - [0m03:04:29  2 of 4 START sql table model drive_trusted.payment_data ........................ [RUN]
[2026-06-18T03:04:29.059+0000] {subprocess.py:93} INFO - [0m03:04:29  2 of 4 OK created sql table model drive_trusted.payment_data ................... [[32mSELECT 246[0m in 0.04s]
[2026-06-18T03:04:29.060+0000] {subprocess.py:93} INFO - [0m03:04:29  3 of 4 START sql table model drive_trusted.pii_data ............................ [RUN]
[2026-06-18T03:04:29.113+0000] {subprocess.py:93} INFO - [0m03:04:29  3 of 4 OK created sql table model drive_trusted.pii_data ....................... [[32mSELECT 246[0m in 0.05s]
[2026-06-18T03:04:29.115+0000] {subprocess.py:93} INFO - [0m03:04:29  4 of 4 START sql table model drive_trusted.technical_data ...................... [RUN]
[2026-06-18T03:04:29.169+0000] {subprocess.py:93} INFO - [0m03:04:29  4 of 4 OK created sql table model drive_trusted.technical_data ................. [[32mSELECT 246[0m in 0.05s]
[2026-06-18T03:04:29.178+0000] {subprocess.py:93} INFO - [0m03:04:29
[2026-06-18T03:04:29.179+0000] {subprocess.py:93} INFO - [0m03:04:29  Finished running 4 table models in 0 hours 0 minutes and 0.34 seconds (0.34s).
[2026-06-18T03:04:29.212+0000] {subprocess.py:93} INFO - [0m03:04:29
[2026-06-18T03:04:29.212+0000] {subprocess.py:93} INFO - [0m03:04:29  [32mCompleted successfully[0m
[2026-06-18T03:04:29.213+0000] {subprocess.py:93} INFO - [0m03:04:29
[2026-06-18T03:04:29.214+0000] {subprocess.py:93} INFO - [0m03:04:29  Done. PASS=4 WARN=0 ERROR=0 SKIP=0 TOTAL=4
[2026-06-18T03:04:29.653+0000] {subprocess.py:97} INFO - Command exited with return code 0
[2026-06-18T03:04:29.672+0000] {taskinstance.py:340} INFO - ::group::Post task execution logs
[2026-06-18T03:04:29.673+0000] {taskinstance.py:352} INFO - Marking task as SUCCESS. dag_id=extract_raw_data_pipeline, task_id=run_dbt_trusted, run_id=scheduled__2026-06-17T07:58:00+00:00, execution_date=20260617T075800, start_date=20260618T030426, end_date=20260618T030429
[2026-06-18T03:04:29.718+0000] {local_task_job_runner.py:266} INFO - Task exited with return code 0
[2026-06-18T03:04:29.728+0000] {taskinstance.py:3900} INFO - 0 downstream tasks scheduled from follow-on schedule check
[2026-06-18T03:04:29.732+0000] {local_task_job_runner.py:245} INFO - ::endgroup::
