[2026-06-18T03:42:52.037+0000] {local_task_job_runner.py:123} INFO - ::group::Pre task execution logs
[2026-06-18T03:42:52.046+0000] {taskinstance.py:2612} INFO - Dependencies all met for dep_context=non-requeueable deps ti=<TaskInstance: extract_raw_data_pipeline.run_dbt_trusted scheduled__2026-06-17T07:58:00+00:00 [queued]>
[2026-06-18T03:42:52.051+0000] {taskinstance.py:2612} INFO - Dependencies all met for dep_context=requeueable deps ti=<TaskInstance: extract_raw_data_pipeline.run_dbt_trusted scheduled__2026-06-17T07:58:00+00:00 [queued]>
[2026-06-18T03:42:52.051+0000] {taskinstance.py:2865} INFO - Starting attempt 4 of 4
[2026-06-18T03:42:52.061+0000] {taskinstance.py:2888} INFO - Executing <Task(BashOperator): run_dbt_trusted> on 2026-06-17 07:58:00+00:00
[2026-06-18T03:42:52.065+0000] {warnings.py:112} WARNING - /home/***/.local/lib/python3.12/site-packages/***/task/task_runner/standard_task_runner.py:70: DeprecationWarning: This process (pid=2703) is multi-threaded, use of fork() may lead to deadlocks in the child.
  pid = os.fork()

[2026-06-18T03:42:52.066+0000] {standard_task_runner.py:72} INFO - Started process 2705 to run task
[2026-06-18T03:42:52.066+0000] {standard_task_runner.py:104} INFO - Running: ['***', 'tasks', 'run', 'extract_raw_data_pipeline', 'run_dbt_trusted', 'scheduled__2026-06-17T07:58:00+00:00', '--job-id', '25', '--raw', '--subdir', 'DAGS_FOLDER/driven_data_pipeline.py', '--cfg-path', '/tmp/tmp98pkuude']
[2026-06-18T03:42:52.067+0000] {standard_task_runner.py:105} INFO - Job 25: Subtask run_dbt_trusted
[2026-06-18T03:42:52.108+0000] {task_command.py:467} INFO - Running <TaskInstance: extract_raw_data_pipeline.run_dbt_trusted scheduled__2026-06-17T07:58:00+00:00 [running]> on host f478a03fba5a
[2026-06-18T03:42:52.153+0000] {taskinstance.py:3131} INFO - Exporting env vars: AIRFLOW_CTX_DAG_OWNER='***' AIRFLOW_CTX_DAG_ID='extract_raw_data_pipeline' AIRFLOW_CTX_TASK_ID='run_dbt_trusted' AIRFLOW_CTX_EXECUTION_DATE='2026-06-17T07:58:00+00:00' AIRFLOW_CTX_TRY_NUMBER='4' AIRFLOW_CTX_DAG_RUN_ID='scheduled__2026-06-17T07:58:00+00:00'
[2026-06-18T03:42:52.154+0000] {taskinstance.py:731} INFO - ::endgroup::
[2026-06-18T03:42:52.162+0000] {subprocess.py:63} INFO - Tmp dir root location: /tmp
[2026-06-18T03:42:52.163+0000] {subprocess.py:75} INFO - Running command: ['/usr/bin/bash', '-c', 'set -x; cd /opt/***/dbt && dbt run --select tag:trusted']
[2026-06-18T03:42:52.168+0000] {subprocess.py:86} INFO - Output:
[2026-06-18T03:42:52.169+0000] {subprocess.py:93} INFO - + cd /opt/***/dbt
[2026-06-18T03:42:52.170+0000] {subprocess.py:93} INFO - + dbt run --select tag:trusted
[2026-06-18T03:42:53.311+0000] {subprocess.py:93} INFO - [0m03:42:53  Running with dbt=1.8.0
[2026-06-18T03:42:53.459+0000] {subprocess.py:93} INFO - [0m03:42:53  Registered adapter: postgres=1.8.2
[2026-06-18T03:42:53.785+0000] {subprocess.py:93} INFO - [0m03:42:53  Found 9 models, 10 sources, 428 macros
[2026-06-18T03:42:53.787+0000] {subprocess.py:93} INFO - [0m03:42:53
[2026-06-18T03:42:53.855+0000] {subprocess.py:93} INFO - [0m03:42:53  Concurrency: 1 threads (target='dev')
[2026-06-18T03:42:53.855+0000] {subprocess.py:93} INFO - [0m03:42:53
[2026-06-18T03:42:53.861+0000] {subprocess.py:93} INFO - [0m03:42:53  1 of 4 START sql table model driven_trusted.non_pii_data ....................... [RUN]
[2026-06-18T03:42:53.982+0000] {subprocess.py:93} INFO - [0m03:42:53  1 of 4 OK created sql table model driven_trusted.non_pii_data .................. [[32mSELECT 8968[0m in 0.12s]
[2026-06-18T03:42:53.983+0000] {subprocess.py:93} INFO - [0m03:42:53  2 of 4 START sql table model driven_trusted.payment_data ....................... [RUN]
[2026-06-18T03:42:54.025+0000] {subprocess.py:93} INFO - [0m03:42:54  2 of 4 OK created sql table model driven_trusted.payment_data .................. [[32mSELECT 2080[0m in 0.04s]
[2026-06-18T03:42:54.027+0000] {subprocess.py:93} INFO - [0m03:42:54  3 of 4 START sql table model driven_trusted.pii_data ........................... [RUN]
[2026-06-18T03:42:54.093+0000] {subprocess.py:93} INFO - [0m03:42:54  3 of 4 OK created sql table model driven_trusted.pii_data ...................... [[32mSELECT 8968[0m in 0.06s]
[2026-06-18T03:42:54.094+0000] {subprocess.py:93} INFO - [0m03:42:54  4 of 4 START sql table model driven_trusted.technical_data ..................... [RUN]
[2026-06-18T03:42:54.141+0000] {subprocess.py:93} INFO - [0m03:42:54  4 of 4 OK created sql table model driven_trusted.technical_data ................ [[32mSELECT 2080[0m in 0.05s]
[2026-06-18T03:42:54.150+0000] {subprocess.py:93} INFO - [0m03:42:54
[2026-06-18T03:42:54.150+0000] {subprocess.py:93} INFO - [0m03:42:54  Finished running 4 table models in 0 hours 0 minutes and 0.36 seconds (0.36s).
[2026-06-18T03:42:54.189+0000] {subprocess.py:93} INFO - [0m03:42:54
[2026-06-18T03:42:54.189+0000] {subprocess.py:93} INFO - [0m03:42:54  [32mCompleted successfully[0m
[2026-06-18T03:42:54.189+0000] {subprocess.py:93} INFO - [0m03:42:54
[2026-06-18T03:42:54.190+0000] {subprocess.py:93} INFO - [0m03:42:54  Done. PASS=4 WARN=0 ERROR=0 SKIP=0 TOTAL=4
[2026-06-18T03:42:54.650+0000] {subprocess.py:97} INFO - Command exited with return code 0
[2026-06-18T03:42:54.670+0000] {taskinstance.py:340} INFO - ::group::Post task execution logs
[2026-06-18T03:42:54.670+0000] {taskinstance.py:352} INFO - Marking task as SUCCESS. dag_id=extract_raw_data_pipeline, task_id=run_dbt_trusted, run_id=scheduled__2026-06-17T07:58:00+00:00, execution_date=20260617T075800, start_date=20260618T034252, end_date=20260618T034254
[2026-06-18T03:42:54.690+0000] {local_task_job_runner.py:266} INFO - Task exited with return code 0
[2026-06-18T03:42:54.699+0000] {taskinstance.py:3900} INFO - 0 downstream tasks scheduled from follow-on schedule check
[2026-06-18T03:42:54.704+0000] {local_task_job_runner.py:245} INFO - ::endgroup::
