[2026-06-24T07:16:08.530+0000] {local_task_job_runner.py:123} INFO - ::group::Pre task execution logs
[2026-06-24T07:16:08.538+0000] {taskinstance.py:2612} INFO - Dependencies all met for dep_context=non-requeueable deps ti=<TaskInstance: extract_raw_data_pipeline.run_dbt_trusted scheduled__2026-06-24T07:15:00+00:00 [queued]>
[2026-06-24T07:16:08.542+0000] {taskinstance.py:2612} INFO - Dependencies all met for dep_context=requeueable deps ti=<TaskInstance: extract_raw_data_pipeline.run_dbt_trusted scheduled__2026-06-24T07:15:00+00:00 [queued]>
[2026-06-24T07:16:08.543+0000] {taskinstance.py:2865} INFO - Starting attempt 1 of 1
[2026-06-24T07:16:08.551+0000] {taskinstance.py:2888} INFO - Executing <Task(BashOperator): run_dbt_trusted> on 2026-06-24 07:15:00+00:00
[2026-06-24T07:16:08.555+0000] {warnings.py:112} WARNING - /home/***/.local/lib/python3.12/site-packages/***/task/task_runner/standard_task_runner.py:70: DeprecationWarning: This process (pid=17573) is multi-threaded, use of fork() may lead to deadlocks in the child.
  pid = os.fork()

[2026-06-24T07:16:08.556+0000] {standard_task_runner.py:72} INFO - Started process 17575 to run task
[2026-06-24T07:16:08.556+0000] {standard_task_runner.py:104} INFO - Running: ['***', 'tasks', 'run', 'extract_raw_data_pipeline', 'run_dbt_trusted', 'scheduled__2026-06-24T07:15:00+00:00', '--job-id', '139', '--raw', '--subdir', 'DAGS_FOLDER/driven_data_pipeline.py', '--cfg-path', '/tmp/tmpkwubotbu']
[2026-06-24T07:16:08.557+0000] {standard_task_runner.py:105} INFO - Job 139: Subtask run_dbt_trusted
[2026-06-24T07:16:08.607+0000] {task_command.py:467} INFO - Running <TaskInstance: extract_raw_data_pipeline.run_dbt_trusted scheduled__2026-06-24T07:15:00+00:00 [running]> on host f478a03fba5a
[2026-06-24T07:16:08.652+0000] {taskinstance.py:3131} INFO - Exporting env vars: AIRFLOW_CTX_DAG_OWNER='***' AIRFLOW_CTX_DAG_ID='extract_raw_data_pipeline' AIRFLOW_CTX_TASK_ID='run_dbt_trusted' AIRFLOW_CTX_EXECUTION_DATE='2026-06-24T07:15:00+00:00' AIRFLOW_CTX_TRY_NUMBER='1' AIRFLOW_CTX_DAG_RUN_ID='scheduled__2026-06-24T07:15:00+00:00'
[2026-06-24T07:16:08.653+0000] {taskinstance.py:731} INFO - ::endgroup::
[2026-06-24T07:16:08.661+0000] {subprocess.py:63} INFO - Tmp dir root location: /tmp
[2026-06-24T07:16:08.662+0000] {subprocess.py:75} INFO - Running command: ['/usr/bin/bash', '-c', 'set -x; cd /opt/***/dbt && dbt run --select tag:trusted']
[2026-06-24T07:16:08.668+0000] {subprocess.py:86} INFO - Output:
[2026-06-24T07:16:08.668+0000] {subprocess.py:93} INFO - + cd /opt/***/dbt
[2026-06-24T07:16:08.669+0000] {subprocess.py:93} INFO - + dbt run --select tag:trusted
[2026-06-24T07:16:09.701+0000] {subprocess.py:93} INFO - [0m07:16:09  Running with dbt=1.8.0
[2026-06-24T07:16:09.837+0000] {subprocess.py:93} INFO - [0m07:16:09  Registered adapter: postgres=1.8.2
[2026-06-24T07:16:10.145+0000] {subprocess.py:93} INFO - [0m07:16:10  Found 9 models, 10 sources, 428 macros
[2026-06-24T07:16:10.165+0000] {subprocess.py:93} INFO - [0m07:16:10
[2026-06-24T07:16:10.235+0000] {subprocess.py:93} INFO - [0m07:16:10  Concurrency: 1 threads (target='dev')
[2026-06-24T07:16:10.235+0000] {subprocess.py:93} INFO - [0m07:16:10
[2026-06-24T07:16:10.241+0000] {subprocess.py:93} INFO - [0m07:16:10  1 of 4 START sql table model driven_trusted.non_pii_data ....................... [RUN]
[2026-06-24T07:16:10.631+0000] {subprocess.py:93} INFO - [0m07:16:10  1 of 4 OK created sql table model driven_trusted.non_pii_data .................. [[32mSELECT 19074[0m in 0.39s]
[2026-06-24T07:16:10.632+0000] {subprocess.py:93} INFO - [0m07:16:10  2 of 4 START sql table model driven_trusted.payment_data ....................... [RUN]
[2026-06-24T07:16:10.692+0000] {subprocess.py:93} INFO - [0m07:16:10  2 of 4 OK created sql table model driven_trusted.payment_data .................. [[32mSELECT 12186[0m in 0.06s]
[2026-06-24T07:16:10.694+0000] {subprocess.py:93} INFO - [0m07:16:10  3 of 4 START sql table model driven_trusted.pii_data ........................... [RUN]
[2026-06-24T07:16:10.875+0000] {subprocess.py:93} INFO - [0m07:16:10  3 of 4 OK created sql table model driven_trusted.pii_data ...................... [[32mSELECT 19074[0m in 0.18s]
[2026-06-24T07:16:10.877+0000] {subprocess.py:93} INFO - [0m07:16:10  4 of 4 START sql table model driven_trusted.technical_data ..................... [RUN]
[2026-06-24T07:16:10.965+0000] {subprocess.py:93} INFO - [0m07:16:10  4 of 4 OK created sql table model driven_trusted.technical_data ................ [[32mSELECT 12186[0m in 0.09s]
[2026-06-24T07:16:10.974+0000] {subprocess.py:93} INFO - [0m07:16:10
[2026-06-24T07:16:10.975+0000] {subprocess.py:93} INFO - [0m07:16:10  Finished running 4 table models in 0 hours 0 minutes and 0.81 seconds (0.81s).
[2026-06-24T07:16:11.013+0000] {subprocess.py:93} INFO - [0m07:16:11
[2026-06-24T07:16:11.013+0000] {subprocess.py:93} INFO - [0m07:16:11  [32mCompleted successfully[0m
[2026-06-24T07:16:11.014+0000] {subprocess.py:93} INFO - [0m07:16:11
[2026-06-24T07:16:11.014+0000] {subprocess.py:93} INFO - [0m07:16:11  Done. PASS=4 WARN=0 ERROR=0 SKIP=0 TOTAL=4
[2026-06-24T07:16:11.442+0000] {subprocess.py:97} INFO - Command exited with return code 0
[2026-06-24T07:16:11.459+0000] {taskinstance.py:340} INFO - ::group::Post task execution logs
[2026-06-24T07:16:11.459+0000] {taskinstance.py:352} INFO - Marking task as SUCCESS. dag_id=extract_raw_data_pipeline, task_id=run_dbt_trusted, run_id=scheduled__2026-06-24T07:15:00+00:00, execution_date=20260624T071500, start_date=20260624T071608, end_date=20260624T071611
[2026-06-24T07:16:11.503+0000] {local_task_job_runner.py:266} INFO - Task exited with return code 0
[2026-06-24T07:16:11.519+0000] {taskinstance.py:3900} INFO - 0 downstream tasks scheduled from follow-on schedule check
[2026-06-24T07:16:11.522+0000] {local_task_job_runner.py:245} INFO - ::endgroup::
