[2026-06-24T07:02:01.421+0000] {local_task_job_runner.py:123} INFO - ::group::Pre task execution logs
[2026-06-24T07:02:01.430+0000] {taskinstance.py:2612} INFO - Dependencies all met for dep_context=non-requeueable deps ti=<TaskInstance: extract_raw_data_pipeline.create_raw_schema scheduled__2026-06-24T07:01:00+00:00 [queued]>
[2026-06-24T07:02:01.434+0000] {taskinstance.py:2612} INFO - Dependencies all met for dep_context=requeueable deps ti=<TaskInstance: extract_raw_data_pipeline.create_raw_schema scheduled__2026-06-24T07:01:00+00:00 [queued]>
[2026-06-24T07:02:01.435+0000] {taskinstance.py:2865} INFO - Starting attempt 1 of 1
[2026-06-24T07:02:01.446+0000] {taskinstance.py:2888} INFO - Executing <Task(SQLExecuteQueryOperator): create_raw_schema> on 2026-06-24 07:01:00+00:00
[2026-06-24T07:02:01.450+0000] {warnings.py:112} WARNING - /home/***/.local/lib/python3.12/site-packages/***/task/task_runner/standard_task_runner.py:70: DeprecationWarning: This process (pid=16259) is multi-threaded, use of fork() may lead to deadlocks in the child.
  pid = os.fork()

[2026-06-24T07:02:01.451+0000] {standard_task_runner.py:72} INFO - Started process 16264 to run task
[2026-06-24T07:02:01.451+0000] {standard_task_runner.py:104} INFO - Running: ['***', 'tasks', 'run', 'extract_raw_data_pipeline', 'create_raw_schema', 'scheduled__2026-06-24T07:01:00+00:00', '--job-id', '51', '--raw', '--subdir', 'DAGS_FOLDER/driven_data_pipeline.py', '--cfg-path', '/tmp/tmp4bn0zgwm']
[2026-06-24T07:02:01.452+0000] {standard_task_runner.py:105} INFO - Job 51: Subtask create_raw_schema
[2026-06-24T07:02:01.496+0000] {task_command.py:467} INFO - Running <TaskInstance: extract_raw_data_pipeline.create_raw_schema scheduled__2026-06-24T07:01:00+00:00 [running]> on host f478a03fba5a
[2026-06-24T07:02:01.542+0000] {taskinstance.py:3131} INFO - Exporting env vars: AIRFLOW_CTX_DAG_OWNER='***' AIRFLOW_CTX_DAG_ID='extract_raw_data_pipeline' AIRFLOW_CTX_TASK_ID='create_raw_schema' AIRFLOW_CTX_EXECUTION_DATE='2026-06-24T07:01:00+00:00' AIRFLOW_CTX_TRY_NUMBER='1' AIRFLOW_CTX_DAG_RUN_ID='scheduled__2026-06-24T07:01:00+00:00'
[2026-06-24T07:02:01.583+0000] {taskinstance.py:731} INFO - ::endgroup::
[2026-06-24T07:02:01.613+0000] {sql.py:266} INFO - Executing: CREATE SCHEMA IF NOT EXISTS driven_raw;
[2026-06-24T07:02:01.640+0000] {base.py:84} INFO - Retrieving connection 'postgres_conn'
[2026-06-24T07:02:01.668+0000] {base.py:84} INFO - Retrieving connection 'postgres_conn'
[2026-06-24T07:02:01.670+0000] {sql.py:509} INFO - Running statement: CREATE SCHEMA IF NOT EXISTS driven_raw;, parameters: None
[2026-06-24T07:02:01.677+0000] {taskinstance.py:340} INFO - ::group::Post task execution logs
[2026-06-24T07:02:01.679+0000] {taskinstance.py:352} INFO - Marking task as SUCCESS. dag_id=extract_raw_data_pipeline, task_id=create_raw_schema, run_id=scheduled__2026-06-24T07:01:00+00:00, execution_date=20260624T070100, start_date=20260624T070201, end_date=20260624T070201
[2026-06-24T07:02:01.706+0000] {local_task_job_runner.py:266} INFO - Task exited with return code 0
[2026-06-24T07:02:01.718+0000] {taskinstance.py:3900} INFO - 0 downstream tasks scheduled from follow-on schedule check
[2026-06-24T07:02:01.721+0000] {local_task_job_runner.py:245} INFO - ::endgroup::
