[2026-06-24T07:49:08.242+0000] {local_task_job_runner.py:123} INFO - ::group::Pre task execution logs
[2026-06-24T07:49:08.250+0000] {taskinstance.py:2612} INFO - Dependencies all met for dep_context=non-requeueable deps ti=<TaskInstance: extract_raw_data_pipeline.run_dbt_trusted scheduled__2026-06-24T07:48:00+00:00 [queued]>
[2026-06-24T07:49:08.254+0000] {taskinstance.py:2612} INFO - Dependencies all met for dep_context=requeueable deps ti=<TaskInstance: extract_raw_data_pipeline.run_dbt_trusted scheduled__2026-06-24T07:48:00+00:00 [queued]>
[2026-06-24T07:49:08.255+0000] {taskinstance.py:2865} INFO - Starting attempt 1 of 1
[2026-06-24T07:49:08.263+0000] {taskinstance.py:2888} INFO - Executing <Task(BashOperator): run_dbt_trusted> on 2026-06-24 07:48:00+00:00
[2026-06-24T07:49:08.266+0000] {warnings.py:112} WARNING - /home/***/.local/lib/python3.12/site-packages/***/task/task_runner/standard_task_runner.py:70: DeprecationWarning: This process (pid=20521) is multi-threaded, use of fork() may lead to deadlocks in the child.
  pid = os.fork()

[2026-06-24T07:49:08.267+0000] {standard_task_runner.py:72} INFO - Started process 20523 to run task
[2026-06-24T07:49:08.268+0000] {standard_task_runner.py:104} INFO - Running: ['***', 'tasks', 'run', 'extract_raw_data_pipeline', 'run_dbt_trusted', 'scheduled__2026-06-24T07:48:00+00:00', '--job-id', '337', '--raw', '--subdir', 'DAGS_FOLDER/driven_data_pipeline.py', '--cfg-path', '/tmp/tmppuxm2wjy']
[2026-06-24T07:49:08.268+0000] {standard_task_runner.py:105} INFO - Job 337: Subtask run_dbt_trusted
[2026-06-24T07:49:08.317+0000] {task_command.py:467} INFO - Running <TaskInstance: extract_raw_data_pipeline.run_dbt_trusted scheduled__2026-06-24T07:48:00+00:00 [running]> on host f478a03fba5a
[2026-06-24T07:49:08.361+0000] {taskinstance.py:3131} INFO - Exporting env vars: AIRFLOW_CTX_DAG_OWNER='***' AIRFLOW_CTX_DAG_ID='extract_raw_data_pipeline' AIRFLOW_CTX_TASK_ID='run_dbt_trusted' AIRFLOW_CTX_EXECUTION_DATE='2026-06-24T07:48:00+00:00' AIRFLOW_CTX_TRY_NUMBER='1' AIRFLOW_CTX_DAG_RUN_ID='scheduled__2026-06-24T07:48:00+00:00'
[2026-06-24T07:49:08.362+0000] {taskinstance.py:731} INFO - ::endgroup::
[2026-06-24T07:49:08.369+0000] {subprocess.py:63} INFO - Tmp dir root location: /tmp
[2026-06-24T07:49:08.370+0000] {subprocess.py:75} INFO - Running command: ['/usr/bin/bash', '-c', 'set -x; cd /opt/***/dbt && dbt run --select tag:trusted']
[2026-06-24T07:49:08.376+0000] {subprocess.py:86} INFO - Output:
[2026-06-24T07:49:08.376+0000] {subprocess.py:93} INFO - + cd /opt/***/dbt
[2026-06-24T07:49:08.377+0000] {subprocess.py:93} INFO - + dbt run --select tag:trusted
[2026-06-24T07:49:09.396+0000] {subprocess.py:93} INFO - [0m07:49:09  Running with dbt=1.8.0
[2026-06-24T07:49:09.534+0000] {subprocess.py:93} INFO - [0m07:49:09  Registered adapter: postgres=1.8.2
[2026-06-24T07:49:09.826+0000] {subprocess.py:93} INFO - [0m07:49:09  Found 9 models, 10 sources, 428 macros
[2026-06-24T07:49:09.830+0000] {subprocess.py:93} INFO - [0m07:49:09
[2026-06-24T07:49:09.928+0000] {subprocess.py:93} INFO - [0m07:49:09  Concurrency: 1 threads (target='dev')
[2026-06-24T07:49:09.928+0000] {subprocess.py:93} INFO - [0m07:49:09
[2026-06-24T07:49:09.934+0000] {subprocess.py:93} INFO - [0m07:49:09  1 of 4 START sql table model driven_trusted.non_pii_data ....................... [RUN]
[2026-06-24T07:49:10.605+0000] {subprocess.py:93} INFO - [0m07:49:10  1 of 4 OK created sql table model driven_trusted.non_pii_data .................. [[32mSELECT 36728[0m in 0.67s]
[2026-06-24T07:49:10.611+0000] {subprocess.py:93} INFO - [0m07:49:10  2 of 4 START sql table model driven_trusted.payment_data ....................... [RUN]
[2026-06-24T07:49:10.701+0000] {subprocess.py:93} INFO - [0m07:49:10  2 of 4 ERROR creating sql table model driven_trusted.payment_data .............. [[31mERROR[0m in 0.09s]
[2026-06-24T07:49:10.704+0000] {subprocess.py:93} INFO - [0m07:49:10  3 of 4 START sql table model driven_trusted.pii_data ........................... [RUN]
[2026-06-24T07:49:11.168+0000] {subprocess.py:93} INFO - [0m07:49:11  3 of 4 OK created sql table model driven_trusted.pii_data ...................... [[32mSELECT 36728[0m in 0.46s]
[2026-06-24T07:49:11.170+0000] {subprocess.py:93} INFO - [0m07:49:11  4 of 4 START sql table model driven_trusted.technical_data ..................... [RUN]
[2026-06-24T07:49:11.298+0000] {subprocess.py:93} INFO - [0m07:49:11  4 of 4 OK created sql table model driven_trusted.technical_data ................ [[32mSELECT 29840[0m in 0.13s]
[2026-06-24T07:49:11.306+0000] {subprocess.py:93} INFO - [0m07:49:11
[2026-06-24T07:49:11.306+0000] {subprocess.py:93} INFO - [0m07:49:11  Finished running 4 table models in 0 hours 0 minutes and 1.47 seconds (1.47s).
[2026-06-24T07:49:11.333+0000] {subprocess.py:93} INFO - [0m07:49:11
[2026-06-24T07:49:11.337+0000] {subprocess.py:93} INFO - [0m07:49:11  [31mCompleted with 1 error and 0 warnings:[0m
[2026-06-24T07:49:11.341+0000] {subprocess.py:93} INFO - [0m07:49:11
[2026-06-24T07:49:11.345+0000] {subprocess.py:93} INFO - [0m07:49:11    Database Error in model trusted_payment_data (models/trusted_payment_data.sql)
[2026-06-24T07:49:11.349+0000] {subprocess.py:93} INFO -   division by zero
[2026-06-24T07:49:11.350+0000] {subprocess.py:93} INFO -   compiled code at target/run/dbt_driven_data/models/trusted_payment_data.sql
[2026-06-24T07:49:11.354+0000] {subprocess.py:93} INFO - [0m07:49:11
[2026-06-24T07:49:11.354+0000] {subprocess.py:93} INFO - [0m07:49:11  Done. PASS=3 WARN=0 ERROR=1 SKIP=0 TOTAL=4
[2026-06-24T07:49:11.772+0000] {subprocess.py:97} INFO - Command exited with return code 1
[2026-06-24T07:49:11.780+0000] {taskinstance.py:3310} ERROR - Task failed with exception
Traceback (most recent call last):
  File "/home/airflow/.local/lib/python3.12/site-packages/airflow/models/taskinstance.py", line 767, in _execute_task
    result = _execute_callable(context=context, **execute_callable_kwargs)
             ^^^^^^^^^^^^^^^^^^^^^^^^^^^^^^^^^^^^^^^^^^^^^^^^^^^^^^^^^^^^^
  File "/home/airflow/.local/lib/python3.12/site-packages/airflow/models/taskinstance.py", line 733, in _execute_callable
    return ExecutionCallableRunner(
           ^^^^^^^^^^^^^^^^^^^^^^^^
  File "/home/airflow/.local/lib/python3.12/site-packages/airflow/utils/operator_helpers.py", line 252, in run
    return self.func(*args, **kwargs)
           ^^^^^^^^^^^^^^^^^^^^^^^^^^
  File "/home/airflow/.local/lib/python3.12/site-packages/airflow/models/baseoperator.py", line 406, in wrapper
    return func(self, *args, **kwargs)
           ^^^^^^^^^^^^^^^^^^^^^^^^^^^
  File "/home/airflow/.local/lib/python3.12/site-packages/airflow/operators/bash.py", line 249, in execute
    raise AirflowException(
airflow.exceptions.AirflowException: Bash command failed. The command returned a non-zero exit code 1.
[2026-06-24T07:49:11.783+0000] {taskinstance.py:1225} INFO - Marking task as FAILED. dag_id=extract_raw_data_pipeline, task_id=run_dbt_trusted, run_id=scheduled__2026-06-24T07:48:00+00:00, execution_date=20260624T074800, start_date=20260624T074908, end_date=20260624T074911
[2026-06-24T07:49:11.797+0000] {taskinstance.py:340} INFO - ::group::Post task execution logs
[2026-06-24T07:49:11.797+0000] {standard_task_runner.py:124} ERROR - Failed to execute job 337 for task run_dbt_trusted (Bash command failed. The command returned a non-zero exit code 1.; 20523)
Traceback (most recent call last):
  File "/home/airflow/.local/lib/python3.12/site-packages/airflow/task/task_runner/standard_task_runner.py", line 117, in _start_by_fork
    ret = args.func(args, dag=self.dag)
          ^^^^^^^^^^^^^^^^^^^^^^^^^^^^^
  File "/home/airflow/.local/lib/python3.12/site-packages/airflow/cli/cli_config.py", line 49, in command
    return func(*args, **kwargs)
           ^^^^^^^^^^^^^^^^^^^^^
  File "/home/airflow/.local/lib/python3.12/site-packages/airflow/utils/cli.py", line 115, in wrapper
    return f(*args, **kwargs)
           ^^^^^^^^^^^^^^^^^^
  File "/home/airflow/.local/lib/python3.12/site-packages/airflow/cli/commands/task_command.py", line 483, in task_run
    task_return_code = _run_task_by_selected_method(args, _dag, ti)
                       ^^^^^^^^^^^^^^^^^^^^^^^^^^^^^^^^^^^^^^^^^^^^
  File "/home/airflow/.local/lib/python3.12/site-packages/airflow/cli/commands/task_command.py", line 256, in _run_task_by_selected_method
    return _run_raw_task(args, ti)
           ^^^^^^^^^^^^^^^^^^^^^^^
  File "/home/airflow/.local/lib/python3.12/site-packages/airflow/cli/commands/task_command.py", line 341, in _run_raw_task
    return ti._run_raw_task(
           ^^^^^^^^^^^^^^^^^
  File "/home/airflow/.local/lib/python3.12/site-packages/airflow/utils/session.py", line 97, in wrapper
    return func(*args, session=session, **kwargs)
           ^^^^^^^^^^^^^^^^^^^^^^^^^^^^^^^^^^^^^^
  File "/home/airflow/.local/lib/python3.12/site-packages/airflow/models/taskinstance.py", line 3004, in _run_raw_task
    return _run_raw_task(
           ^^^^^^^^^^^^^^
  File "/home/airflow/.local/lib/python3.12/site-packages/airflow/models/taskinstance.py", line 273, in _run_raw_task
    TaskInstance._execute_task_with_callbacks(
  File "/home/airflow/.local/lib/python3.12/site-packages/airflow/models/taskinstance.py", line 3158, in _execute_task_with_callbacks
    result = self._execute_task(context, task_orig)
             ^^^^^^^^^^^^^^^^^^^^^^^^^^^^^^^^^^^^^^
  File "/home/airflow/.local/lib/python3.12/site-packages/airflow/models/taskinstance.py", line 3182, in _execute_task
    return _execute_task(self, context, task_orig)
           ^^^^^^^^^^^^^^^^^^^^^^^^^^^^^^^^^^^^^^^
  File "/home/airflow/.local/lib/python3.12/site-packages/airflow/models/taskinstance.py", line 767, in _execute_task
    result = _execute_callable(context=context, **execute_callable_kwargs)
             ^^^^^^^^^^^^^^^^^^^^^^^^^^^^^^^^^^^^^^^^^^^^^^^^^^^^^^^^^^^^^
  File "/home/airflow/.local/lib/python3.12/site-packages/airflow/models/taskinstance.py", line 733, in _execute_callable
    return ExecutionCallableRunner(
           ^^^^^^^^^^^^^^^^^^^^^^^^
  File "/home/airflow/.local/lib/python3.12/site-packages/airflow/utils/operator_helpers.py", line 252, in run
    return self.func(*args, **kwargs)
           ^^^^^^^^^^^^^^^^^^^^^^^^^^
  File "/home/airflow/.local/lib/python3.12/site-packages/airflow/models/baseoperator.py", line 406, in wrapper
    return func(self, *args, **kwargs)
           ^^^^^^^^^^^^^^^^^^^^^^^^^^^
  File "/home/airflow/.local/lib/python3.12/site-packages/airflow/operators/bash.py", line 249, in execute
    raise AirflowException(
airflow.exceptions.AirflowException: Bash command failed. The command returned a non-zero exit code 1.
[2026-06-24T07:49:11.821+0000] {local_task_job_runner.py:266} INFO - Task exited with return code 1
[2026-06-24T07:49:11.831+0000] {taskinstance.py:3900} INFO - 0 downstream tasks scheduled from follow-on schedule check
[2026-06-24T07:49:11.834+0000] {local_task_job_runner.py:245} INFO - ::endgroup::
