[2026-06-25T17:11:28.382+0000] {local_task_job_runner.py:123} INFO - ::group::Pre task execution logs
[2026-06-25T17:11:28.392+0000] {taskinstance.py:2612} INFO - Dependencies all met for dep_context=non-requeueable deps ti=<TaskInstance: extract_raw_data_pipeline.run_dbt_staging scheduled__2026-06-25T07:58:00+00:00 [queued]>
[2026-06-25T17:11:28.398+0000] {taskinstance.py:2612} INFO - Dependencies all met for dep_context=requeueable deps ti=<TaskInstance: extract_raw_data_pipeline.run_dbt_staging scheduled__2026-06-25T07:58:00+00:00 [queued]>
[2026-06-25T17:11:28.399+0000] {taskinstance.py:2865} INFO - Starting attempt 1 of 1
[2026-06-25T17:11:28.409+0000] {taskinstance.py:2888} INFO - Executing <Task(BashOperator): run_dbt_staging> on 2026-06-25 07:58:00+00:00
[2026-06-25T17:11:28.414+0000] {warnings.py:112} WARNING - /home/***/.local/lib/python3.12/site-packages/***/task/task_runner/standard_task_runner.py:70: DeprecationWarning: This process (pid=183) is multi-threaded, use of fork() may lead to deadlocks in the child.
  pid = os.fork()

[2026-06-25T17:11:28.415+0000] {standard_task_runner.py:72} INFO - Started process 188 to run task
[2026-06-25T17:11:28.415+0000] {standard_task_runner.py:104} INFO - Running: ['***', 'tasks', 'run', 'extract_raw_data_pipeline', 'run_dbt_staging', 'scheduled__2026-06-25T07:58:00+00:00', '--job-id', '410', '--raw', '--subdir', 'DAGS_FOLDER/driven_data_pipeline.py', '--cfg-path', '/tmp/tmplv27yzvb']
[2026-06-25T17:11:28.416+0000] {standard_task_runner.py:105} INFO - Job 410: Subtask run_dbt_staging
[2026-06-25T17:11:28.465+0000] {task_command.py:467} INFO - Running <TaskInstance: extract_raw_data_pipeline.run_dbt_staging scheduled__2026-06-25T07:58:00+00:00 [running]> on host f478a03fba5a
[2026-06-25T17:11:28.517+0000] {taskinstance.py:3131} INFO - Exporting env vars: AIRFLOW_CTX_DAG_OWNER='***' AIRFLOW_CTX_DAG_ID='extract_raw_data_pipeline' AIRFLOW_CTX_TASK_ID='run_dbt_staging' AIRFLOW_CTX_EXECUTION_DATE='2026-06-25T07:58:00+00:00' AIRFLOW_CTX_TRY_NUMBER='1' AIRFLOW_CTX_DAG_RUN_ID='scheduled__2026-06-25T07:58:00+00:00'
[2026-06-25T17:11:28.518+0000] {taskinstance.py:731} INFO - ::endgroup::
[2026-06-25T17:11:28.526+0000] {subprocess.py:63} INFO - Tmp dir root location: /tmp
[2026-06-25T17:11:28.529+0000] {subprocess.py:75} INFO - Running command: ['/usr/bin/bash', '-c', 'set -x; cd /opt/***/dbt && dbt run --select tag:staging']
[2026-06-25T17:11:28.536+0000] {subprocess.py:86} INFO - Output:
[2026-06-25T17:11:28.537+0000] {subprocess.py:93} INFO - + cd /opt/***/dbt
[2026-06-25T17:11:28.538+0000] {subprocess.py:93} INFO - + dbt run --select tag:staging
[2026-06-25T17:11:30.231+0000] {subprocess.py:93} INFO - [0m17:11:30  Running with dbt=1.8.0
[2026-06-25T17:11:30.476+0000] {subprocess.py:93} INFO - [0m17:11:30  Registered adapter: postgres=1.8.2
[2026-06-25T17:11:31.377+0000] {subprocess.py:93} INFO - [0m17:11:31  Found 9 models, 10 sources, 428 macros
[2026-06-25T17:11:31.384+0000] {subprocess.py:93} INFO - [0m17:11:31
[2026-06-25T17:11:31.503+0000] {subprocess.py:93} INFO - [0m17:11:31  Concurrency: 1 threads (target='dev')
[2026-06-25T17:11:31.503+0000] {subprocess.py:93} INFO - [0m17:11:31
[2026-06-25T17:11:31.509+0000] {subprocess.py:93} INFO - [0m17:11:31  1 of 5 START sql table model driven_staging.dim_address ........................ [RUN]
[2026-06-25T17:11:31.815+0000] {subprocess.py:93} INFO - [0m17:11:31  1 of 5 OK created sql table model driven_staging.dim_address ................... [[32mSELECT 33984[0m in 0.30s]
[2026-06-25T17:11:31.827+0000] {subprocess.py:93} INFO - [0m17:11:31  2 of 5 START sql table model driven_staging.dim_date ........................... [RUN]
[2026-06-25T17:11:31.943+0000] {subprocess.py:93} INFO - [0m17:11:31  2 of 5 OK created sql table model driven_staging.dim_date ...................... [[32mSELECT 33984[0m in 0.11s]
[2026-06-25T17:11:31.945+0000] {subprocess.py:93} INFO - [0m17:11:31  3 of 5 START sql table model driven_staging.dim_finance ........................ [RUN]
[2026-06-25T17:11:32.122+0000] {subprocess.py:93} INFO - [0m17:11:32  3 of 5 OK created sql table model driven_staging.dim_finance ................... [[32mSELECT 33984[0m in 0.17s]
[2026-06-25T17:11:32.126+0000] {subprocess.py:93} INFO - [0m17:11:32  4 of 5 START sql table model driven_staging.dim_person ......................... [RUN]
[2026-06-25T17:11:32.288+0000] {subprocess.py:93} INFO - [0m17:11:32  4 of 5 OK created sql table model driven_staging.dim_person .................... [[32mSELECT 33984[0m in 0.16s]
[2026-06-25T17:11:32.290+0000] {subprocess.py:93} INFO - [0m17:11:32  5 of 5 START sql table model driven_staging.fact_network_usage ................. [RUN]
[2026-06-25T17:11:32.418+0000] {subprocess.py:93} INFO - [0m17:11:32  5 of 5 OK created sql table model driven_staging.fact_network_usage ............ [[32mSELECT 33984[0m in 0.13s]
[2026-06-25T17:11:32.428+0000] {subprocess.py:93} INFO - [0m17:11:32
[2026-06-25T17:11:32.428+0000] {subprocess.py:93} INFO - [0m17:11:32  Finished running 5 table models in 0 hours 0 minutes and 1.04 seconds (1.04s).
[2026-06-25T17:11:32.483+0000] {subprocess.py:93} INFO - [0m17:11:32
[2026-06-25T17:11:32.484+0000] {subprocess.py:93} INFO - [0m17:11:32  [32mCompleted successfully[0m
[2026-06-25T17:11:32.484+0000] {subprocess.py:93} INFO - [0m17:11:32
[2026-06-25T17:11:32.485+0000] {subprocess.py:93} INFO - [0m17:11:32  Done. PASS=5 WARN=0 ERROR=0 SKIP=0 TOTAL=5
[2026-06-25T17:11:32.973+0000] {subprocess.py:97} INFO - Command exited with return code 0
[2026-06-25T17:11:32.990+0000] {taskinstance.py:340} INFO - ::group::Post task execution logs
[2026-06-25T17:11:32.992+0000] {taskinstance.py:352} INFO - Marking task as SUCCESS. dag_id=extract_raw_data_pipeline, task_id=run_dbt_staging, run_id=scheduled__2026-06-25T07:58:00+00:00, execution_date=20260625T075800, start_date=20260625T171128, end_date=20260625T171132
[2026-06-25T17:11:33.047+0000] {local_task_job_runner.py:266} INFO - Task exited with return code 0
[2026-06-25T17:11:33.059+0000] {taskinstance.py:3900} INFO - 1 downstream tasks scheduled from follow-on schedule check
[2026-06-25T17:11:33.063+0000] {local_task_job_runner.py:245} INFO - ::endgroup::
