[2026-06-24T07:08:04.466+0000] {local_task_job_runner.py:123} INFO - ::group::Pre task execution logs
[2026-06-24T07:08:04.474+0000] {taskinstance.py:2612} INFO - Dependencies all met for dep_context=non-requeueable deps ti=<TaskInstance: extract_raw_data_pipeline.run_dbt_staging scheduled__2026-06-24T07:07:00+00:00 [queued]>
[2026-06-24T07:08:04.479+0000] {taskinstance.py:2612} INFO - Dependencies all met for dep_context=requeueable deps ti=<TaskInstance: extract_raw_data_pipeline.run_dbt_staging scheduled__2026-06-24T07:07:00+00:00 [queued]>
[2026-06-24T07:08:04.480+0000] {taskinstance.py:2865} INFO - Starting attempt 1 of 1
[2026-06-24T07:08:04.488+0000] {taskinstance.py:2888} INFO - Executing <Task(BashOperator): run_dbt_staging> on 2026-06-24 07:07:00+00:00
[2026-06-24T07:08:04.493+0000] {warnings.py:112} WARNING - /home/***/.local/lib/python3.12/site-packages/***/task/task_runner/standard_task_runner.py:70: DeprecationWarning: This process (pid=16847) is multi-threaded, use of fork() may lead to deadlocks in the child.
  pid = os.fork()

[2026-06-24T07:08:04.494+0000] {standard_task_runner.py:104} INFO - Running: ['***', 'tasks', 'run', 'extract_raw_data_pipeline', 'run_dbt_staging', 'scheduled__2026-06-24T07:07:00+00:00', '--job-id', '90', '--raw', '--subdir', 'DAGS_FOLDER/driven_data_pipeline.py', '--cfg-path', '/tmp/tmpqmphtwvs']
[2026-06-24T07:08:04.494+0000] {standard_task_runner.py:72} INFO - Started process 16849 to run task
[2026-06-24T07:08:04.494+0000] {standard_task_runner.py:105} INFO - Job 90: Subtask run_dbt_staging
[2026-06-24T07:08:04.539+0000] {task_command.py:467} INFO - Running <TaskInstance: extract_raw_data_pipeline.run_dbt_staging scheduled__2026-06-24T07:07:00+00:00 [running]> on host f478a03fba5a
[2026-06-24T07:08:04.584+0000] {taskinstance.py:3131} INFO - Exporting env vars: AIRFLOW_CTX_DAG_OWNER='***' AIRFLOW_CTX_DAG_ID='extract_raw_data_pipeline' AIRFLOW_CTX_TASK_ID='run_dbt_staging' AIRFLOW_CTX_EXECUTION_DATE='2026-06-24T07:07:00+00:00' AIRFLOW_CTX_TRY_NUMBER='1' AIRFLOW_CTX_DAG_RUN_ID='scheduled__2026-06-24T07:07:00+00:00'
[2026-06-24T07:08:04.585+0000] {taskinstance.py:731} INFO - ::endgroup::
[2026-06-24T07:08:04.593+0000] {subprocess.py:63} INFO - Tmp dir root location: /tmp
[2026-06-24T07:08:04.593+0000] {subprocess.py:75} INFO - Running command: ['/usr/bin/bash', '-c', 'set -x; cd /opt/***/dbt && dbt run --select tag:staging']
[2026-06-24T07:08:04.599+0000] {subprocess.py:86} INFO - Output:
[2026-06-24T07:08:04.600+0000] {subprocess.py:93} INFO - + cd /opt/***/dbt
[2026-06-24T07:08:04.601+0000] {subprocess.py:93} INFO - + dbt run --select tag:staging
[2026-06-24T07:08:05.738+0000] {subprocess.py:93} INFO - [0m07:08:05  Running with dbt=1.8.0
[2026-06-24T07:08:05.963+0000] {subprocess.py:93} INFO - [0m07:08:05  Registered adapter: postgres=1.8.2
[2026-06-24T07:08:06.517+0000] {subprocess.py:93} INFO - [0m07:08:06  Found 9 models, 10 sources, 428 macros
[2026-06-24T07:08:06.519+0000] {subprocess.py:93} INFO - [0m07:08:06
[2026-06-24T07:08:06.583+0000] {subprocess.py:93} INFO - [0m07:08:06  Concurrency: 1 threads (target='dev')
[2026-06-24T07:08:06.584+0000] {subprocess.py:93} INFO - [0m07:08:06
[2026-06-24T07:08:06.589+0000] {subprocess.py:93} INFO - [0m07:08:06  1 of 5 START sql table model driven_staging.dim_address ........................ [RUN]
[2026-06-24T07:08:06.679+0000] {subprocess.py:93} INFO - [0m07:08:06  1 of 5 OK created sql table model driven_staging.dim_address ................... [[32mSELECT 7442[0m in 0.09s]
[2026-06-24T07:08:06.681+0000] {subprocess.py:93} INFO - [0m07:08:06  2 of 5 START sql table model driven_staging.dim_date ........................... [RUN]
[2026-06-24T07:08:06.724+0000] {subprocess.py:93} INFO - [0m07:08:06  2 of 5 OK created sql table model driven_staging.dim_date ...................... [[32mSELECT 7442[0m in 0.04s]
[2026-06-24T07:08:06.726+0000] {subprocess.py:93} INFO - [0m07:08:06  3 of 5 START sql table model driven_staging.dim_finance ........................ [RUN]
[2026-06-24T07:08:06.772+0000] {subprocess.py:93} INFO - [0m07:08:06  3 of 5 OK created sql table model driven_staging.dim_finance ................... [[32mSELECT 7442[0m in 0.04s]
[2026-06-24T07:08:06.774+0000] {subprocess.py:93} INFO - [0m07:08:06  4 of 5 START sql table model driven_staging.dim_person ......................... [RUN]
[2026-06-24T07:08:06.843+0000] {subprocess.py:93} INFO - [0m07:08:06  4 of 5 OK created sql table model driven_staging.dim_person .................... [[32mSELECT 7442[0m in 0.07s]
[2026-06-24T07:08:06.844+0000] {subprocess.py:93} INFO - [0m07:08:06  5 of 5 START sql table model driven_staging.fact_network_usage ................. [RUN]
[2026-06-24T07:08:06.884+0000] {subprocess.py:93} INFO - [0m07:08:06  5 of 5 OK created sql table model driven_staging.fact_network_usage ............ [[32mSELECT 7442[0m in 0.04s]
[2026-06-24T07:08:06.892+0000] {subprocess.py:93} INFO - [0m07:08:06
[2026-06-24T07:08:06.893+0000] {subprocess.py:93} INFO - [0m07:08:06  Finished running 5 table models in 0 hours 0 minutes and 0.37 seconds (0.37s).
[2026-06-24T07:08:06.922+0000] {subprocess.py:93} INFO - [0m07:08:06
[2026-06-24T07:08:06.923+0000] {subprocess.py:93} INFO - [0m07:08:06  [32mCompleted successfully[0m
[2026-06-24T07:08:06.925+0000] {subprocess.py:93} INFO - [0m07:08:06
[2026-06-24T07:08:06.926+0000] {subprocess.py:93} INFO - [0m07:08:06  Done. PASS=5 WARN=0 ERROR=0 SKIP=0 TOTAL=5
[2026-06-24T07:08:07.350+0000] {subprocess.py:97} INFO - Command exited with return code 0
[2026-06-24T07:08:07.367+0000] {taskinstance.py:340} INFO - ::group::Post task execution logs
[2026-06-24T07:08:07.368+0000] {taskinstance.py:352} INFO - Marking task as SUCCESS. dag_id=extract_raw_data_pipeline, task_id=run_dbt_staging, run_id=scheduled__2026-06-24T07:07:00+00:00, execution_date=20260624T070700, start_date=20260624T070804, end_date=20260624T070807
[2026-06-24T07:08:07.400+0000] {local_task_job_runner.py:266} INFO - Task exited with return code 0
[2026-06-24T07:08:07.412+0000] {taskinstance.py:3900} INFO - 1 downstream tasks scheduled from follow-on schedule check
[2026-06-24T07:08:07.416+0000] {local_task_job_runner.py:245} INFO - ::endgroup::
