[2026-06-24T07:03:06.884+0000] {local_task_job_runner.py:123} INFO - ::group::Pre task execution logs
[2026-06-24T07:03:06.892+0000] {taskinstance.py:2612} INFO - Dependencies all met for dep_context=non-requeueable deps ti=<TaskInstance: extract_raw_data_pipeline.run_dbt_trusted scheduled__2026-06-24T07:02:00+00:00 [queued]>
[2026-06-24T07:03:06.896+0000] {taskinstance.py:2612} INFO - Dependencies all met for dep_context=requeueable deps ti=<TaskInstance: extract_raw_data_pipeline.run_dbt_trusted scheduled__2026-06-24T07:02:00+00:00 [queued]>
[2026-06-24T07:03:06.897+0000] {taskinstance.py:2865} INFO - Starting attempt 1 of 1
[2026-06-24T07:03:06.905+0000] {taskinstance.py:2888} INFO - Executing <Task(BashOperator): run_dbt_trusted> on 2026-06-24 07:02:00+00:00
[2026-06-24T07:03:06.908+0000] {warnings.py:112} WARNING - /home/***/.local/lib/python3.12/site-packages/***/task/task_runner/standard_task_runner.py:70: DeprecationWarning: This process (pid=16411) is multi-threaded, use of fork() may lead to deadlocks in the child.
  pid = os.fork()

[2026-06-24T07:03:06.909+0000] {standard_task_runner.py:72} INFO - Started process 16413 to run task
[2026-06-24T07:03:06.909+0000] {standard_task_runner.py:104} INFO - Running: ['***', 'tasks', 'run', 'extract_raw_data_pipeline', 'run_dbt_trusted', 'scheduled__2026-06-24T07:02:00+00:00', '--job-id', '61', '--raw', '--subdir', 'DAGS_FOLDER/driven_data_pipeline.py', '--cfg-path', '/tmp/tmpyopti0cb']
[2026-06-24T07:03:06.910+0000] {standard_task_runner.py:105} INFO - Job 61: Subtask run_dbt_trusted
[2026-06-24T07:03:06.957+0000] {task_command.py:467} INFO - Running <TaskInstance: extract_raw_data_pipeline.run_dbt_trusted scheduled__2026-06-24T07:02:00+00:00 [running]> on host f478a03fba5a
[2026-06-24T07:03:06.999+0000] {taskinstance.py:3131} INFO - Exporting env vars: AIRFLOW_CTX_DAG_OWNER='***' AIRFLOW_CTX_DAG_ID='extract_raw_data_pipeline' AIRFLOW_CTX_TASK_ID='run_dbt_trusted' AIRFLOW_CTX_EXECUTION_DATE='2026-06-24T07:02:00+00:00' AIRFLOW_CTX_TRY_NUMBER='1' AIRFLOW_CTX_DAG_RUN_ID='scheduled__2026-06-24T07:02:00+00:00'
[2026-06-24T07:03:07.000+0000] {taskinstance.py:731} INFO - ::endgroup::
[2026-06-24T07:03:07.007+0000] {subprocess.py:63} INFO - Tmp dir root location: /tmp
[2026-06-24T07:03:07.008+0000] {subprocess.py:75} INFO - Running command: ['/usr/bin/bash', '-c', 'set -x; cd /opt/***/dbt && dbt run --select tag:trusted']
[2026-06-24T07:03:07.014+0000] {subprocess.py:86} INFO - Output:
[2026-06-24T07:03:07.015+0000] {subprocess.py:93} INFO - + cd /opt/***/dbt
[2026-06-24T07:03:07.016+0000] {subprocess.py:93} INFO - + dbt run --select tag:trusted
[2026-06-24T07:03:08.052+0000] {subprocess.py:93} INFO - [0m07:03:08  Running with dbt=1.8.0
[2026-06-24T07:03:08.195+0000] {subprocess.py:93} INFO - [0m07:03:08  Registered adapter: postgres=1.8.2
[2026-06-24T07:03:08.494+0000] {subprocess.py:93} INFO - [0m07:03:08  Found 9 models, 10 sources, 428 macros
[2026-06-24T07:03:08.497+0000] {subprocess.py:93} INFO - [0m07:03:08
[2026-06-24T07:03:08.587+0000] {subprocess.py:93} INFO - [0m07:03:08  Concurrency: 1 threads (target='dev')
[2026-06-24T07:03:08.588+0000] {subprocess.py:93} INFO - [0m07:03:08
[2026-06-24T07:03:08.594+0000] {subprocess.py:93} INFO - [0m07:03:08  1 of 4 START sql table model driven_trusted.non_pii_data ....................... [RUN]
[2026-06-24T07:03:08.718+0000] {subprocess.py:93} INFO - [0m07:03:08  1 of 4 OK created sql table model driven_trusted.non_pii_data .................. [[32mSELECT 11708[0m in 0.12s]
[2026-06-24T07:03:08.719+0000] {subprocess.py:93} INFO - [0m07:03:08  2 of 4 START sql table model driven_trusted.payment_data ....................... [RUN]
[2026-06-24T07:03:08.767+0000] {subprocess.py:93} INFO - [0m07:03:08  2 of 4 OK created sql table model driven_trusted.payment_data .................. [[32mSELECT 4820[0m in 0.05s]
[2026-06-24T07:03:08.768+0000] {subprocess.py:93} INFO - [0m07:03:08  3 of 4 START sql table model driven_trusted.pii_data ........................... [RUN]
[2026-06-24T07:03:08.860+0000] {subprocess.py:93} INFO - [0m07:03:08  3 of 4 OK created sql table model driven_trusted.pii_data ...................... [[32mSELECT 11708[0m in 0.09s]
[2026-06-24T07:03:08.861+0000] {subprocess.py:93} INFO - [0m07:03:08  4 of 4 START sql table model driven_trusted.technical_data ..................... [RUN]
[2026-06-24T07:03:08.915+0000] {subprocess.py:93} INFO - [0m07:03:08  4 of 4 OK created sql table model driven_trusted.technical_data ................ [[32mSELECT 4820[0m in 0.05s]
[2026-06-24T07:03:08.924+0000] {subprocess.py:93} INFO - [0m07:03:08
[2026-06-24T07:03:08.924+0000] {subprocess.py:93} INFO - [0m07:03:08  Finished running 4 table models in 0 hours 0 minutes and 0.43 seconds (0.43s).
[2026-06-24T07:03:08.963+0000] {subprocess.py:93} INFO - [0m07:03:08
[2026-06-24T07:03:08.964+0000] {subprocess.py:93} INFO - [0m07:03:08  [32mCompleted successfully[0m
[2026-06-24T07:03:08.980+0000] {subprocess.py:93} INFO - [0m07:03:08
[2026-06-24T07:03:08.981+0000] {subprocess.py:93} INFO - [0m07:03:08  Done. PASS=4 WARN=0 ERROR=0 SKIP=0 TOTAL=4
[2026-06-24T07:03:09.411+0000] {subprocess.py:97} INFO - Command exited with return code 0
[2026-06-24T07:03:09.429+0000] {taskinstance.py:340} INFO - ::group::Post task execution logs
[2026-06-24T07:03:09.430+0000] {taskinstance.py:352} INFO - Marking task as SUCCESS. dag_id=extract_raw_data_pipeline, task_id=run_dbt_trusted, run_id=scheduled__2026-06-24T07:02:00+00:00, execution_date=20260624T070200, start_date=20260624T070306, end_date=20260624T070309
[2026-06-24T07:03:09.452+0000] {local_task_job_runner.py:266} INFO - Task exited with return code 0
[2026-06-24T07:03:09.462+0000] {taskinstance.py:3900} INFO - 0 downstream tasks scheduled from follow-on schedule check
[2026-06-24T07:03:09.466+0000] {local_task_job_runner.py:245} INFO - ::endgroup::
