[2026-06-24T07:00:04.125+0000] {local_task_job_runner.py:123} INFO - ::group::Pre task execution logs
[2026-06-24T07:00:04.133+0000] {taskinstance.py:2612} INFO - Dependencies all met for dep_context=non-requeueable deps ti=<TaskInstance: extract_raw_data_pipeline.run_dbt_staging scheduled__2026-06-23T07:59:00+00:00 [queued]>
[2026-06-24T07:00:04.138+0000] {taskinstance.py:2612} INFO - Dependencies all met for dep_context=requeueable deps ti=<TaskInstance: extract_raw_data_pipeline.run_dbt_staging scheduled__2026-06-23T07:59:00+00:00 [queued]>
[2026-06-24T07:00:04.139+0000] {taskinstance.py:2865} INFO - Starting attempt 1 of 1
[2026-06-24T07:00:04.147+0000] {taskinstance.py:2888} INFO - Executing <Task(BashOperator): run_dbt_staging> on 2026-06-23 07:59:00+00:00
[2026-06-24T07:00:04.150+0000] {warnings.py:112} WARNING - /home/***/.local/lib/python3.12/site-packages/***/task/task_runner/standard_task_runner.py:70: DeprecationWarning: This process (pid=16127) is multi-threaded, use of fork() may lead to deadlocks in the child.
  pid = os.fork()

[2026-06-24T07:00:04.152+0000] {standard_task_runner.py:72} INFO - Started process 16129 to run task
[2026-06-24T07:00:04.152+0000] {standard_task_runner.py:104} INFO - Running: ['***', 'tasks', 'run', 'extract_raw_data_pipeline', 'run_dbt_staging', 'scheduled__2026-06-23T07:59:00+00:00', '--job-id', '42', '--raw', '--subdir', 'DAGS_FOLDER/driven_data_pipeline.py', '--cfg-path', '/tmp/tmpxxdhnuub']
[2026-06-24T07:00:04.152+0000] {standard_task_runner.py:105} INFO - Job 42: Subtask run_dbt_staging
[2026-06-24T07:00:04.202+0000] {task_command.py:467} INFO - Running <TaskInstance: extract_raw_data_pipeline.run_dbt_staging scheduled__2026-06-23T07:59:00+00:00 [running]> on host f478a03fba5a
[2026-06-24T07:00:04.246+0000] {taskinstance.py:3131} INFO - Exporting env vars: AIRFLOW_CTX_DAG_OWNER='***' AIRFLOW_CTX_DAG_ID='extract_raw_data_pipeline' AIRFLOW_CTX_TASK_ID='run_dbt_staging' AIRFLOW_CTX_EXECUTION_DATE='2026-06-23T07:59:00+00:00' AIRFLOW_CTX_TRY_NUMBER='1' AIRFLOW_CTX_DAG_RUN_ID='scheduled__2026-06-23T07:59:00+00:00'
[2026-06-24T07:00:04.247+0000] {taskinstance.py:731} INFO - ::endgroup::
[2026-06-24T07:00:04.254+0000] {subprocess.py:63} INFO - Tmp dir root location: /tmp
[2026-06-24T07:00:04.255+0000] {subprocess.py:75} INFO - Running command: ['/usr/bin/bash', '-c', 'set -x; cd /opt/***/dbt && dbt run --select tag:staging']
[2026-06-24T07:00:04.262+0000] {subprocess.py:86} INFO - Output:
[2026-06-24T07:00:04.269+0000] {subprocess.py:93} INFO - + cd /opt/***/dbt
[2026-06-24T07:00:04.269+0000] {subprocess.py:93} INFO - + dbt run --select tag:staging
[2026-06-24T07:00:06.049+0000] {subprocess.py:93} INFO - [0m07:00:06  Running with dbt=1.8.0
[2026-06-24T07:00:06.309+0000] {subprocess.py:93} INFO - [0m07:00:06  Registered adapter: postgres=1.8.2
[2026-06-24T07:00:06.873+0000] {subprocess.py:93} INFO - [0m07:00:06  Found 9 models, 10 sources, 428 macros
[2026-06-24T07:00:06.876+0000] {subprocess.py:93} INFO - [0m07:00:06
[2026-06-24T07:00:06.982+0000] {subprocess.py:93} INFO - [0m07:00:06  Concurrency: 1 threads (target='dev')
[2026-06-24T07:00:06.982+0000] {subprocess.py:93} INFO - [0m07:00:06
[2026-06-24T07:00:06.988+0000] {subprocess.py:93} INFO - [0m07:00:06  1 of 5 START sql table model driven_staging.dim_address ........................ [RUN]
[2026-06-24T07:00:07.132+0000] {subprocess.py:93} INFO - [0m07:00:07  1 of 5 OK created sql table model driven_staging.dim_address ................... [[32mSELECT 2766[0m in 0.14s]
[2026-06-24T07:00:07.134+0000] {subprocess.py:93} INFO - [0m07:00:07  2 of 5 START sql table model driven_staging.dim_date ........................... [RUN]
[2026-06-24T07:00:07.216+0000] {subprocess.py:93} INFO - [0m07:00:07  2 of 5 OK created sql table model driven_staging.dim_date ...................... [[32mSELECT 2766[0m in 0.08s]
[2026-06-24T07:00:07.218+0000] {subprocess.py:93} INFO - [0m07:00:07  3 of 5 START sql table model driven_staging.dim_finance ........................ [RUN]
[2026-06-24T07:00:07.293+0000] {subprocess.py:93} INFO - [0m07:00:07  3 of 5 OK created sql table model driven_staging.dim_finance ................... [[32mSELECT 2766[0m in 0.07s]
[2026-06-24T07:00:07.295+0000] {subprocess.py:93} INFO - [0m07:00:07  4 of 5 START sql table model driven_staging.dim_person ......................... [RUN]
[2026-06-24T07:00:07.374+0000] {subprocess.py:93} INFO - [0m07:00:07  4 of 5 OK created sql table model driven_staging.dim_person .................... [[32mSELECT 2766[0m in 0.08s]
[2026-06-24T07:00:07.376+0000] {subprocess.py:93} INFO - [0m07:00:07  5 of 5 START sql table model driven_staging.fact_network_usage ................. [RUN]
[2026-06-24T07:00:07.456+0000] {subprocess.py:93} INFO - [0m07:00:07  5 of 5 OK created sql table model driven_staging.fact_network_usage ............ [[32mSELECT 2766[0m in 0.08s]
[2026-06-24T07:00:07.464+0000] {subprocess.py:93} INFO - [0m07:00:07
[2026-06-24T07:00:07.465+0000] {subprocess.py:93} INFO - [0m07:00:07  Finished running 5 table models in 0 hours 0 minutes and 0.58 seconds (0.58s).
[2026-06-24T07:00:07.524+0000] {subprocess.py:93} INFO - [0m07:00:07
[2026-06-24T07:00:07.525+0000] {subprocess.py:93} INFO - [0m07:00:07  [32mCompleted successfully[0m
[2026-06-24T07:00:07.526+0000] {subprocess.py:93} INFO - [0m07:00:07
[2026-06-24T07:00:07.526+0000] {subprocess.py:93} INFO - [0m07:00:07  Done. PASS=5 WARN=0 ERROR=0 SKIP=0 TOTAL=5
[2026-06-24T07:00:07.970+0000] {subprocess.py:97} INFO - Command exited with return code 0
[2026-06-24T07:00:07.987+0000] {taskinstance.py:340} INFO - ::group::Post task execution logs
[2026-06-24T07:00:07.987+0000] {taskinstance.py:352} INFO - Marking task as SUCCESS. dag_id=extract_raw_data_pipeline, task_id=run_dbt_staging, run_id=scheduled__2026-06-23T07:59:00+00:00, execution_date=20260623T075900, start_date=20260624T070004, end_date=20260624T070007
[2026-06-24T07:00:08.016+0000] {local_task_job_runner.py:266} INFO - Task exited with return code 0
[2026-06-24T07:00:08.033+0000] {taskinstance.py:3900} INFO - 1 downstream tasks scheduled from follow-on schedule check
[2026-06-24T07:00:08.038+0000] {local_task_job_runner.py:245} INFO - ::endgroup::
