[2026-06-25T17:11:34.391+0000] {local_task_job_runner.py:123} INFO - ::group::Pre task execution logs
[2026-06-25T17:11:34.400+0000] {taskinstance.py:2612} INFO - Dependencies all met for dep_context=non-requeueable deps ti=<TaskInstance: extract_raw_data_pipeline.run_dbt_trusted scheduled__2026-06-25T07:58:00+00:00 [queued]>
[2026-06-25T17:11:34.405+0000] {taskinstance.py:2612} INFO - Dependencies all met for dep_context=requeueable deps ti=<TaskInstance: extract_raw_data_pipeline.run_dbt_trusted scheduled__2026-06-25T07:58:00+00:00 [queued]>
[2026-06-25T17:11:34.405+0000] {taskinstance.py:2865} INFO - Starting attempt 1 of 1
[2026-06-25T17:11:34.414+0000] {taskinstance.py:2888} INFO - Executing <Task(BashOperator): run_dbt_trusted> on 2026-06-25 07:58:00+00:00
[2026-06-25T17:11:34.418+0000] {warnings.py:112} WARNING - /home/***/.local/lib/python3.12/site-packages/***/task/task_runner/standard_task_runner.py:70: DeprecationWarning: This process (pid=211) is multi-threaded, use of fork() may lead to deadlocks in the child.
  pid = os.fork()

[2026-06-25T17:11:34.419+0000] {standard_task_runner.py:72} INFO - Started process 213 to run task
[2026-06-25T17:11:34.419+0000] {standard_task_runner.py:104} INFO - Running: ['***', 'tasks', 'run', 'extract_raw_data_pipeline', 'run_dbt_trusted', 'scheduled__2026-06-25T07:58:00+00:00', '--job-id', '411', '--raw', '--subdir', 'DAGS_FOLDER/driven_data_pipeline.py', '--cfg-path', '/tmp/tmpujtr62fn']
[2026-06-25T17:11:34.421+0000] {standard_task_runner.py:105} INFO - Job 411: Subtask run_dbt_trusted
[2026-06-25T17:11:34.464+0000] {task_command.py:467} INFO - Running <TaskInstance: extract_raw_data_pipeline.run_dbt_trusted scheduled__2026-06-25T07:58:00+00:00 [running]> on host f478a03fba5a
[2026-06-25T17:11:34.512+0000] {taskinstance.py:3131} INFO - Exporting env vars: AIRFLOW_CTX_DAG_OWNER='***' AIRFLOW_CTX_DAG_ID='extract_raw_data_pipeline' AIRFLOW_CTX_TASK_ID='run_dbt_trusted' AIRFLOW_CTX_EXECUTION_DATE='2026-06-25T07:58:00+00:00' AIRFLOW_CTX_TRY_NUMBER='1' AIRFLOW_CTX_DAG_RUN_ID='scheduled__2026-06-25T07:58:00+00:00'
[2026-06-25T17:11:34.513+0000] {taskinstance.py:731} INFO - ::endgroup::
[2026-06-25T17:11:34.520+0000] {subprocess.py:63} INFO - Tmp dir root location: /tmp
[2026-06-25T17:11:34.521+0000] {subprocess.py:75} INFO - Running command: ['/usr/bin/bash', '-c', 'set -x; cd /opt/***/dbt && dbt run --select tag:trusted']
[2026-06-25T17:11:34.527+0000] {subprocess.py:86} INFO - Output:
[2026-06-25T17:11:34.527+0000] {subprocess.py:93} INFO - + cd /opt/***/dbt
[2026-06-25T17:11:34.528+0000] {subprocess.py:93} INFO - + dbt run --select tag:trusted
[2026-06-25T17:11:35.752+0000] {subprocess.py:93} INFO - [0m17:11:35  Running with dbt=1.8.0
[2026-06-25T17:11:36.056+0000] {subprocess.py:93} INFO - [0m17:11:36  Registered adapter: postgres=1.8.2
[2026-06-25T17:11:36.572+0000] {subprocess.py:93} INFO - [0m17:11:36  Found 9 models, 10 sources, 428 macros
[2026-06-25T17:11:36.576+0000] {subprocess.py:93} INFO - [0m17:11:36
[2026-06-25T17:11:36.664+0000] {subprocess.py:93} INFO - [0m17:11:36  Concurrency: 1 threads (target='dev')
[2026-06-25T17:11:36.665+0000] {subprocess.py:93} INFO - [0m17:11:36
[2026-06-25T17:11:36.671+0000] {subprocess.py:93} INFO - [0m17:11:36  1 of 4 START sql table model driven_trusted.non_pii_data ....................... [RUN]
[2026-06-25T17:11:37.524+0000] {subprocess.py:93} INFO - [0m17:11:37  1 of 4 OK created sql table model driven_trusted.non_pii_data .................. [[32mSELECT 44334[0m in 0.85s]
[2026-06-25T17:11:37.525+0000] {subprocess.py:93} INFO - [0m17:11:37  2 of 4 START sql table model driven_trusted.payment_data ....................... [RUN]
[2026-06-25T17:11:37.729+0000] {subprocess.py:93} INFO - [0m17:11:37  2 of 4 OK created sql table model driven_trusted.payment_data .................. [[32mSELECT 34674[0m in 0.20s]
[2026-06-25T17:11:37.732+0000] {subprocess.py:93} INFO - [0m17:11:37  3 of 4 START sql table model driven_trusted.pii_data ........................... [RUN]
[2026-06-25T17:11:38.308+0000] {subprocess.py:93} INFO - [0m17:11:38  3 of 4 OK created sql table model driven_trusted.pii_data ...................... [[32mSELECT 44334[0m in 0.57s]
[2026-06-25T17:11:38.311+0000] {subprocess.py:93} INFO - [0m17:11:38  4 of 4 START sql table model driven_trusted.technical_data ..................... [RUN]
[2026-06-25T17:11:38.516+0000] {subprocess.py:93} INFO - [0m17:11:38  4 of 4 OK created sql table model driven_trusted.technical_data ................ [[32mSELECT 34674[0m in 0.20s]
[2026-06-25T17:11:38.525+0000] {subprocess.py:93} INFO - [0m17:11:38
[2026-06-25T17:11:38.526+0000] {subprocess.py:93} INFO - [0m17:11:38  Finished running 4 table models in 0 hours 0 minutes and 1.95 seconds (1.95s).
[2026-06-25T17:11:38.566+0000] {subprocess.py:93} INFO - [0m17:11:38
[2026-06-25T17:11:38.566+0000] {subprocess.py:93} INFO - [0m17:11:38  [32mCompleted successfully[0m
[2026-06-25T17:11:38.567+0000] {subprocess.py:93} INFO - [0m17:11:38
[2026-06-25T17:11:38.568+0000] {subprocess.py:93} INFO - [0m17:11:38  Done. PASS=4 WARN=0 ERROR=0 SKIP=0 TOTAL=4
[2026-06-25T17:11:39.017+0000] {subprocess.py:97} INFO - Command exited with return code 0
[2026-06-25T17:11:39.032+0000] {taskinstance.py:340} INFO - ::group::Post task execution logs
[2026-06-25T17:11:39.033+0000] {taskinstance.py:352} INFO - Marking task as SUCCESS. dag_id=extract_raw_data_pipeline, task_id=run_dbt_trusted, run_id=scheduled__2026-06-25T07:58:00+00:00, execution_date=20260625T075800, start_date=20260625T171134, end_date=20260625T171139
[2026-06-25T17:11:39.049+0000] {local_task_job_runner.py:266} INFO - Task exited with return code 0
[2026-06-25T17:11:39.059+0000] {taskinstance.py:3900} INFO - 0 downstream tasks scheduled from follow-on schedule check
[2026-06-25T17:11:39.065+0000] {local_task_job_runner.py:245} INFO - ::endgroup::
