[2026-06-23T19:33:19.130+0000] {local_task_job_runner.py:123} INFO - ::group::Pre task execution logs
[2026-06-23T19:33:19.146+0000] {taskinstance.py:2612} INFO - Dependencies all met for dep_context=non-requeueable deps ti=<TaskInstance: extract_raw_data_pipeline.create_raw_schema scheduled__2026-06-23T07:58:00+00:00 [queued]>
[2026-06-23T19:33:19.153+0000] {taskinstance.py:2612} INFO - Dependencies all met for dep_context=requeueable deps ti=<TaskInstance: extract_raw_data_pipeline.create_raw_schema scheduled__2026-06-23T07:58:00+00:00 [queued]>
[2026-06-23T19:33:19.154+0000] {taskinstance.py:2865} INFO - Starting attempt 1 of 1
[2026-06-23T19:33:19.178+0000] {taskinstance.py:2888} INFO - Executing <Task(SQLExecuteQueryOperator): create_raw_schema> on 2026-06-23 07:58:00+00:00
[2026-06-23T19:33:19.184+0000] {warnings.py:112} WARNING - /home/***/.local/lib/python3.12/site-packages/***/task/task_runner/standard_task_runner.py:70: DeprecationWarning: This process (pid=6836) is multi-threaded, use of fork() may lead to deadlocks in the child.
  pid = os.fork()

[2026-06-23T19:33:19.186+0000] {standard_task_runner.py:72} INFO - Started process 6842 to run task
[2026-06-23T19:33:19.185+0000] {standard_task_runner.py:104} INFO - Running: ['***', 'tasks', 'run', 'extract_raw_data_pipeline', 'create_raw_schema', 'scheduled__2026-06-23T07:58:00+00:00', '--job-id', '32', '--raw', '--subdir', 'DAGS_FOLDER/driven_data_pipeline.py', '--cfg-path', '/tmp/tmpu2076w6q']
[2026-06-23T19:33:19.186+0000] {standard_task_runner.py:105} INFO - Job 32: Subtask create_raw_schema
[2026-06-23T19:33:19.244+0000] {task_command.py:467} INFO - Running <TaskInstance: extract_raw_data_pipeline.create_raw_schema scheduled__2026-06-23T07:58:00+00:00 [running]> on host f478a03fba5a
[2026-06-23T19:33:19.318+0000] {taskinstance.py:3131} INFO - Exporting env vars: AIRFLOW_CTX_DAG_OWNER='***' AIRFLOW_CTX_DAG_ID='extract_raw_data_pipeline' AIRFLOW_CTX_TASK_ID='create_raw_schema' AIRFLOW_CTX_EXECUTION_DATE='2026-06-23T07:58:00+00:00' AIRFLOW_CTX_TRY_NUMBER='1' AIRFLOW_CTX_DAG_RUN_ID='scheduled__2026-06-23T07:58:00+00:00'
[2026-06-23T19:33:19.319+0000] {taskinstance.py:731} INFO - ::endgroup::
[2026-06-23T19:33:19.334+0000] {sql.py:266} INFO - Executing: CREATE SCHEMA IF NOT EXISTS driven_raw;
[2026-06-23T19:33:19.343+0000] {base.py:84} INFO - Retrieving connection 'postgres_conn'
[2026-06-23T19:33:19.355+0000] {base.py:84} INFO - Retrieving connection 'postgres_conn'
[2026-06-23T19:33:19.359+0000] {sql.py:509} INFO - Running statement: CREATE SCHEMA IF NOT EXISTS driven_raw;, parameters: None
[2026-06-23T19:33:19.371+0000] {taskinstance.py:340} INFO - ::group::Post task execution logs
[2026-06-23T19:33:19.372+0000] {taskinstance.py:352} INFO - Marking task as SUCCESS. dag_id=extract_raw_data_pipeline, task_id=create_raw_schema, run_id=scheduled__2026-06-23T07:58:00+00:00, execution_date=20260623T075800, start_date=20260623T193319, end_date=20260623T193319
[2026-06-23T19:33:19.403+0000] {local_task_job_runner.py:266} INFO - Task exited with return code 0
[2026-06-23T19:33:19.439+0000] {taskinstance.py:3900} INFO - 0 downstream tasks scheduled from follow-on schedule check
[2026-06-23T19:33:19.457+0000] {local_task_job_runner.py:245} INFO - ::endgroup::
